
=== FileX Delete Test ===
Deleting 1000 test files...
File test_001.bin: deleted:  13761 us, speed:   726 KB/s
File test_002.bin: deleted:   3277 us, speed:  3051 KB/s
File test_003.bin: deleted:   3321 us, speed:  3011 KB/s
File test_004.bin: deleted:   3407 us, speed:  2935 KB/s
File test_005.bin: deleted:   3344 us, speed:  2990 KB/s
File test_006.bin: deleted:   3368 us, speed:  2969 KB/s
File test_007.bin: deleted:   3370 us, speed:  2967 KB/s
File test_008.bin: deleted:   3395 us, speed:  2945 KB/s
File test_009.bin: deleted:  13280 us, speed:   753 KB/s
File test_010.bin: deleted:   3565 us, speed:  2805 KB/s
File test_011.bin: deleted:   3398 us, speed:  2942 KB/s
File test_012.bin: deleted:   9356 us, speed:  1068 KB/s
File test_013.bin: deleted:  14184 us, speed:   705 KB/s
File test_014.bin: deleted:   3418 us, speed:  2925 KB/s
File test_015.bin: deleted:   3414 us, speed:  2929 KB/s
File test_016.bin: deleted:   3418 us, speed:  2925 KB/s
File test_017.bin: deleted:  13265 us, speed:   753 KB/s
File test_018.bin: deleted:   3453 us, speed:  2896 KB/s
File test_019.bin: deleted:   3480 us, speed:  2873 KB/s
File test_020.bin: deleted:   3483 us, speed:  2871 KB/s
File test_021.bin: deleted:   3466 us, speed:  2885 KB/s
File test_022.bin: deleted:   3534 us, speed:  2829 KB/s
File test_023.bin: deleted:   3515 us, speed:  2844 KB/s
File test_024.bin: deleted:   3509 us, speed:  2849 KB/s
File test_025.bin: deleted:  13299 us, speed:   751 KB/s
File test_026.bin: deleted:  20105 us, speed:   497 KB/s
File test_027.bin: deleted:   3556 us, speed:  2812 KB/s
File test_028.bin: deleted:   3572 us, speed:  2799 KB/s
File test_029.bin: deleted:   3582 us, speed:  2791 KB/s
File test_030.bin: deleted:   3578 us, speed:  2794 KB/s
File test_031.bin: deleted:   3559 us, speed:  2809 KB/s
File test_032.bin: deleted:   3573 us, speed:  2798 KB/s
File test_033.bin: deleted:  13283 us, speed:   752 KB/s
File test_034.bin: deleted:   3601 us, speed:  2777 KB/s
File test_035.bin: deleted:   3599 us, speed:  2778 KB/s
File test_036.bin: deleted:   3717 us, speed:  2690 KB/s
File test_037.bin: deleted:   3650 us, speed:  2739 KB/s
File test_038.bin: deleted:   3691 us, speed:  2709 KB/s
File test_039.bin: deleted:  14187 us, speed:   704 KB/s
File test_040.bin: deleted:   3646 us, speed:  2742 KB/s
File test_041.bin: deleted:  13220 us, speed:   756 KB/s
File test_042.bin: deleted:   3714 us, speed:  2692 KB/s
File test_043.bin: deleted:   9650 us, speed:  1036 KB/s
File test_044.bin: deleted:   3689 us, speed:  2710 KB/s
File test_045.bin: deleted:   3726 us, speed:  2683 KB/s
File test_046.bin: deleted:   3719 us, speed:  2688 KB/s
File test_047.bin: deleted:   3730 us, speed:  2680 KB/s
File test_048.bin: deleted:   3760 us, speed:  2659 KB/s
File test_049.bin: deleted:  13311 us, speed:   751 KB/s
File test_050.bin: deleted:   3807 us, speed:  2626 KB/s
File test_051.bin: deleted:   3811 us, speed:  2623 KB/s
File test_052.bin: deleted:  14253 us, speed:   701 KB/s
File test_053.bin: deleted:   3799 us, speed:  2632 KB/s
File test_054.bin: deleted:   3812 us, speed:  2623 KB/s
File test_055.bin: deleted:   3833 us, speed:  2608 KB/s
File test_056.bin: deleted:   3815 us, speed:  2621 KB/s
File test_057.bin: deleted:  13356 us, speed:   748 KB/s
File test_058.bin: deleted:   3864 us, speed:  2587 KB/s
File test_059.bin: deleted:   9818 us, speed:  1018 KB/s
File test_060.bin: deleted:   3874 us, speed:  2581 KB/s
File test_061.bin: deleted:   3901 us, speed:  2563 KB/s
File test_062.bin: deleted:   3927 us, speed:  2546 KB/s
File test_063.bin: deleted:   3955 us, speed:  2528 KB/s
File test_064.bin: deleted:  14210 us, speed:   703 KB/s
File test_065.bin: deleted:  13299 us, speed:   751 KB/s
File test_066.bin: deleted:   3907 us, speed:  2559 KB/s
File test_067.bin: deleted:   3992 us, speed:  2505 KB/s
File test_068.bin: deleted:   3947 us, speed:  2533 KB/s
File test_069.bin: deleted:   3959 us, speed:  2525 KB/s
File test_070.bin: deleted:   3994 us, speed:  2503 KB/s
File test_071.bin: deleted:   4105 us, speed:  2436 KB/s
File test_072.bin: deleted:   3944 us, speed:  2535 KB/s
File test_073.bin: deleted:  13282 us, speed:   752 KB/s
File test_074.bin: deleted:   4008 us, speed:  2495 KB/s
File test_075.bin: deleted:   9984 us, speed:  1001 KB/s
File test_076.bin: deleted:   4037 us, speed:  2477 KB/s
File test_077.bin: deleted:  14196 us, speed:   704 KB/s
File test_078.bin: deleted:   4023 us, speed:  2485 KB/s
File test_079.bin: deleted:   4047 us, speed:  2470 KB/s
File test_080.bin: deleted:   4068 us, speed:  2458 KB/s
File test_081.bin: deleted:  13292 us, speed:   752 KB/s
File test_082.bin: deleted:   4089 us, speed:  2445 KB/s
File test_083.bin: deleted:   4061 us, speed:  2462 KB/s
File test_084.bin: deleted:   4113 us, speed:  2431 KB/s
File test_085.bin: deleted:   4146 us, speed:  2411 KB/s
File test_086.bin: deleted:   4110 us, speed:  2433 KB/s
File test_087.bin: deleted:   4132 us, speed:  2420 KB/s
File test_088.bin: deleted:   4196 us, speed:  2383 KB/s
File test_089.bin: deleted:  13263 us, speed:   753 KB/s
File test_090.bin: deleted:  20127 us, speed:   496 KB/s
File test_091.bin: deleted:   4139 us, speed:  2416 KB/s
File test_092.bin: deleted:   4176 us, speed:  2394 KB/s
File test_093.bin: deleted:   4206 us, speed:  2377 KB/s
File test_094.bin: deleted:   4178 us, speed:  2393 KB/s
File test_095.bin: deleted:   4207 us, speed:  2376 KB/s
File test_096.bin: deleted:   4166 us, speed:  2400 KB/s
File test_097.bin: deleted:  13290 us, speed:   752 KB/s
File test_098.bin: deleted:   4266 us, speed:  2344 KB/s
File test_099.bin: deleted:   4251 us, speed:  2352 KB/s
File test_100.bin: deleted:   4299 us, speed:  2326 KB/s
File test_101.bin: deleted:   4275 us, speed:  2339 KB/s
File test_102.bin: deleted:   4288 us, speed:  2332 KB/s
File test_103.bin: deleted:  14246 us, speed:   701 KB/s
File test_104.bin: deleted:   4319 us, speed:  2315 KB/s
File test_105.bin: deleted:  19281 us, speed:   518 KB/s
File test_106.bin: deleted:   4323 us, speed:  2313 KB/s
File test_107.bin: deleted:   4355 us, speed:  2296 KB/s
File test_108.bin: deleted:   4327 us, speed:  2311 KB/s
File test_109.bin: deleted:   4416 us, speed:  2264 KB/s
File test_110.bin: deleted:   4370 us, speed:  2288 KB/s
File test_111.bin: deleted:   4386 us, speed:  2279 KB/s
File test_112.bin: deleted:   4402 us, speed:  2271 KB/s
File test_113.bin: deleted:  13438 us, speed:   744 KB/s
File test_114.bin: deleted:   4443 us, speed:  2250 KB/s
File test_115.bin: deleted:   4433 us, speed:  2255 KB/s
File test_116.bin: deleted:  14191 us, speed:   704 KB/s
File test_117.bin: deleted:   4460 us, speed:  2242 KB/s
File test_118.bin: deleted:   4428 us, speed:  2258 KB/s
File test_119.bin: deleted:  10362 us, speed:   965 KB/s
File test_120.bin: deleted:   4469 us, speed:  2237 KB/s
File test_121.bin: deleted:  13327 us, speed:   750 KB/s
File test_122.bin: deleted:   4504 us, speed:  2220 KB/s
File test_123.bin: deleted:   4513 us, speed:  2215 KB/s
File test_124.bin: deleted:   4514 us, speed:  2215 KB/s
File test_125.bin: deleted:   4507 us, speed:  2218 KB/s
File test_126.bin: deleted:   4562 us, speed:  2192 KB/s
File test_127.bin: deleted:   4567 us, speed:  2189 KB/s
File test_128.bin: deleted:  14256 us, speed:   701 KB/s
File test_129.bin: deleted:  13372 us, speed:   747 KB/s
File test_130.bin: deleted:   4551 us, speed:  2197 KB/s
File test_131.bin: deleted:   4693 us, speed:  2130 KB/s
File test_132.bin: deleted:   4574 us, speed:  2186 KB/s
File test_133.bin: deleted:  10564 us, speed:   946 KB/s
File test_134.bin: deleted:   4639 us, speed:  2155 KB/s
File test_135.bin: deleted:   4596 us, speed:  2175 KB/s
File test_136.bin: deleted:   4637 us, speed:  2156 KB/s
File test_137.bin: deleted:  13321 us, speed:   750 KB/s
File test_138.bin: deleted:   4692 us, speed:  2131 KB/s
File test_139.bin: deleted:   4681 us, speed:  2136 KB/s
File test_140.bin: deleted:   4674 us, speed:  2139 KB/s
File test_141.bin: deleted:  14205 us, speed:   703 KB/s
File test_142.bin: deleted:   4672 us, speed:  2140 KB/s
File test_143.bin: deleted:   4620 us, speed:  2164 KB/s
File test_144.bin: deleted:   4691 us, speed:  2131 KB/s
File test_145.bin: deleted:  13272 us, speed:   753 KB/s
File test_146.bin: deleted:   4674 us, speed:  2139 KB/s
File test_147.bin: deleted:  10705 us, speed:   934 KB/s
File test_148.bin: deleted:   4726 us, speed:  2115 KB/s
File test_149.bin: deleted:   4746 us, speed:  2107 KB/s
File test_150.bin: deleted:   4813 us, speed:  2077 KB/s
File test_151.bin: deleted:   4762 us, speed:  2099 KB/s
File test_152.bin: deleted:   4772 us, speed:  2095 KB/s
File test_153.bin: deleted:  13382 us, speed:   747 KB/s
File test_154.bin: deleted:  14238 us, speed:   702 KB/s
File test_155.bin: deleted:   4881 us, speed:  2048 KB/s
File test_156.bin: deleted:   4781 us, speed:  2091 KB/s
File test_157.bin: deleted:   4833 us, speed:  2069 KB/s
File test_158.bin: deleted:   4845 us, speed:  2063 KB/s
File test_159.bin: deleted:   4912 us, speed:  2035 KB/s
File test_160.bin: deleted:   4856 us, speed:  2059 KB/s
File test_161.bin: deleted:  19361 us, speed:   516 KB/s
File test_162.bin: deleted:   4901 us, speed:  2040 KB/s
File test_163.bin: deleted:   4898 us, speed:  2041 KB/s
File test_164.bin: deleted:   4935 us, speed:  2026 KB/s
File test_165.bin: deleted:   4952 us, speed:  2019 KB/s
File test_166.bin: deleted:   4951 us, speed:  2019 KB/s
File test_167.bin: deleted:  14186 us, speed:   704 KB/s
File test_168.bin: deleted:   4920 us, speed:  2032 KB/s
File test_169.bin: deleted:  13455 us, speed:   743 KB/s
File test_170.bin: deleted:   4905 us, speed:  2038 KB/s
File test_171.bin: deleted:   4950 us, speed:  2020 KB/s
File test_172.bin: deleted:   4974 us, speed:  2010 KB/s
File test_173.bin: deleted:   4959 us, speed:  2016 KB/s
File test_174.bin: deleted:   5002 us, speed:  1999 KB/s
File test_175.bin: deleted:  10960 us, speed:   912 KB/s
File test_176.bin: deleted:   5071 us, speed:  1971 KB/s
File test_177.bin: deleted:  13398 us, speed:   746 KB/s
File test_178.bin: deleted:   5084 us, speed:  1966 KB/s
File test_179.bin: deleted:   5094 us, speed:  1963 KB/s
File test_180.bin: deleted:  14217 us, speed:   703 KB/s
File test_181.bin: deleted:   5062 us, speed:  1975 KB/s
File test_182.bin: deleted:   5042 us, speed:  1983 KB/s
File test_183.bin: deleted:   5052 us, speed:  1979 KB/s
File test_184.bin: deleted:   5080 us, speed:  1968 KB/s
File test_185.bin: deleted:  13378 us, speed:   747 KB/s
File test_186.bin: deleted:   5121 us, speed:  1952 KB/s
File test_187.bin: deleted:   5121 us, speed:  1952 KB/s
File test_188.bin: deleted:  11128 us, speed:   898 KB/s
File test_189.bin: deleted:   5148 us, speed:  1942 KB/s
File test_190.bin: deleted:   5199 us, speed:  1923 KB/s
File test_191.bin: deleted:   5207 us, speed:  1920 KB/s
File test_192.bin: deleted:  14323 us, speed:   698 KB/s
File test_193.bin: deleted:  13298 us, speed:   751 KB/s
File test_194.bin: deleted:   5155 us, speed:  1939 KB/s
File test_195.bin: deleted:   5216 us, speed:  1917 KB/s
File test_196.bin: deleted:   5194 us, speed:  1925 KB/s
File test_197.bin: deleted:   5192 us, speed:  1926 KB/s
File test_198.bin: deleted:   5190 us, speed:  1926 KB/s
File test_199.bin: deleted:   5260 us, speed:  1901 KB/s
File test_200.bin: deleted:   5256 us, speed:  1902 KB/s
File test_201.bin: deleted:  19357 us, speed:   516 KB/s
File test_202.bin: deleted:   5293 us, speed:  1889 KB/s
File test_203.bin: deleted:   5326 us, speed:  1877 KB/s
File test_204.bin: deleted:   5332 us, speed:  1875 KB/s
File test_205.bin: deleted:  14295 us, speed:   699 KB/s
File test_206.bin: deleted:   5332 us, speed:  1875 KB/s
File test_207.bin: deleted:   5392 us, speed:  1854 KB/s
File test_208.bin: deleted:   5371 us, speed:  1861 KB/s
File test_209.bin: deleted:  13415 us, speed:   745 KB/s
File test_210.bin: deleted:   5359 us, speed:  1866 KB/s
File test_211.bin: deleted:   5415 us, speed:  1846 KB/s
File test_212.bin: deleted:   5404 us, speed:  1850 KB/s
File test_213.bin: deleted:   5467 us, speed:  1829 KB/s
File test_214.bin: deleted:  11352 us, speed:   880 KB/s
File test_215.bin: deleted:   5420 us, speed:  1845 KB/s
File test_216.bin: deleted:   5495 us, speed:  1819 KB/s
File test_217.bin: deleted:  13479 us, speed:   741 KB/s
File test_218.bin: deleted:  14281 us, speed:   700 KB/s
File test_219.bin: deleted:   5487 us, speed:  1822 KB/s
File test_220.bin: deleted:   5504 us, speed:  1816 KB/s
File test_221.bin: deleted:   5555 us, speed:  1800 KB/s
File test_222.bin: deleted:   5509 us, speed:  1815 KB/s
File test_223.bin: deleted:   5534 us, speed:  1807 KB/s
File test_224.bin: deleted:   5555 us, speed:  1800 KB/s
File test_225.bin: deleted:  13493 us, speed:   741 KB/s
File test_226.bin: deleted:  11525 us, speed:   867 KB/s
File test_227.bin: deleted:   5551 us, speed:  1801 KB/s
File test_228.bin: deleted:   5562 us, speed:  1797 KB/s
File test_229.bin: deleted:   5626 us, speed:  1777 KB/s
File test_230.bin: deleted:   5720 us, speed:  1748 KB/s
File test_231.bin: deleted:  14309 us, speed:   698 KB/s
File test_232.bin: deleted:   5619 us, speed:  1779 KB/s
File test_233.bin: deleted:  13443 us, speed:   743 KB/s
File test_234.bin: deleted:   5569 us, speed:  1795 KB/s
File test_235.bin: deleted:   5652 us, speed:  1769 KB/s
File test_236.bin: deleted:   5608 us, speed:  1783 KB/s
File test_237.bin: deleted:   5685 us, speed:  1759 KB/s
File test_238.bin: deleted:   5693 us, speed:  1756 KB/s
File test_239.bin: deleted:   5661 us, speed:  1766 KB/s
File test_240.bin: deleted:  11650 us, speed:   858 KB/s
File test_241.bin: deleted:  13473 us, speed:   742 KB/s
File test_242.bin: deleted:   5760 us, speed:  1736 KB/s
File test_243.bin: deleted:   5772 us, speed:  1732 KB/s
File test_244.bin: deleted:  14335 us, speed:   697 KB/s
File test_245.bin: deleted:   5704 us, speed:  1753 KB/s
File test_246.bin: deleted:   5699 us, speed:  1754 KB/s
File test_247.bin: deleted:   5711 us, speed:  1751 KB/s
File test_248.bin: deleted:   5749 us, speed:  1739 KB/s
File test_249.bin: deleted:  13424 us, speed:   744 KB/s
File test_250.bin: deleted:   5786 us, speed:  1728 KB/s
File test_251.bin: deleted:  11741 us, speed:   851 KB/s
File test_252.bin: deleted:   5777 us, speed:  1731 KB/s
File test_253.bin: deleted:   5953 us, speed:  1679 KB/s
File test_254.bin: deleted:   5872 us, speed:  1702 KB/s
File test_255.bin: deleted:   5845 us, speed:  1710 KB/s
File test_256.bin: deleted:  14284 us, speed:   700 KB/s
File test_257.bin: deleted:  13462 us, speed:   742 KB/s
File test_258.bin: deleted:   5880 us, speed:  1700 KB/s
File test_259.bin: deleted:   5881 us, speed:  1700 KB/s
File test_260.bin: deleted:   5869 us, speed:  1703 KB/s
File test_261.bin: deleted:   5909 us, speed:  1692 KB/s
File test_262.bin: deleted:   5885 us, speed:  1699 KB/s
File test_263.bin: deleted:   5997 us, speed:  1667 KB/s
File test_264.bin: deleted:  11892 us, speed:   840 KB/s
File test_265.bin: deleted:  13607 us, speed:   734 KB/s
File test_266.bin: deleted:   5962 us, speed:  1677 KB/s
File test_267.bin: deleted:   5983 us, speed:  1671 KB/s
File test_268.bin: deleted:   6031 us, speed:  1658 KB/s
File test_269.bin: deleted:  14333 us, speed:   697 KB/s
File test_270.bin: deleted:   5973 us, speed:  1674 KB/s
File test_271.bin: deleted:   5969 us, speed:  1675 KB/s
File test_272.bin: deleted:   5969 us, speed:  1675 KB/s
File test_273.bin: deleted:  13481 us, speed:   741 KB/s
File test_274.bin: deleted:   6003 us, speed:  1665 KB/s
File test_275.bin: deleted:   6031 us, speed:  1658 KB/s
File test_276.bin: deleted:  11959 us, speed:   836 KB/s
File test_277.bin: deleted:   6052 us, speed:  1652 KB/s
File test_278.bin: deleted:   6068 us, speed:  1647 KB/s
File test_279.bin: deleted:   6075 us, speed:  1646 KB/s
File test_280.bin: deleted:   6189 us, speed:  1615 KB/s
File test_281.bin: deleted:  13524 us, speed:   739 KB/s
File test_282.bin: deleted:  14372 us, speed:   695 KB/s
File test_283.bin: deleted:   6089 us, speed:  1642 KB/s
File test_284.bin: deleted:   6117 us, speed:  1634 KB/s
File test_285.bin: deleted:   6121 us, speed:  1633 KB/s
File test_286.bin: deleted:   6108 us, speed:  1637 KB/s
File test_287.bin: deleted:   6111 us, speed:  1636 KB/s
File test_288.bin: deleted:  12135 us, speed:   824 KB/s
File test_289.bin: deleted:  13521 us, speed:   739 KB/s
File test_290.bin: deleted:   6174 us, speed:  1619 KB/s
File test_291.bin: deleted:   6195 us, speed:  1614 KB/s
File test_292.bin: deleted:   6238 us, speed:  1603 KB/s
File test_293.bin: deleted:   6233 us, speed:  1604 KB/s
File test_294.bin: deleted:   6284 us, speed:  1591 KB/s
File test_295.bin: deleted:  14393 us, speed:   694 KB/s
File test_296.bin: deleted:   6181 us, speed:  1617 KB/s
File test_297.bin: deleted:  13442 us, speed:   743 KB/s
File test_298.bin: deleted:   6243 us, speed:  1601 KB/s
File test_299.bin: deleted:  12202 us, speed:   819 KB/s
File test_300.bin: deleted:   6297 us, speed:  1588 KB/s
File test_301.bin: deleted:   6287 us, speed:  1590 KB/s
File test_302.bin: deleted:   6381 us, speed:  1567 KB/s
File test_303.bin: deleted:   6339 us, speed:  1577 KB/s
File test_304.bin: deleted:   6338 us, speed:  1577 KB/s
File test_305.bin: deleted:  13529 us, speed:   739 KB/s
File test_306.bin: deleted:   6396 us, speed:  1563 KB/s
File test_307.bin: deleted:   6420 us, speed:  1557 KB/s
File test_308.bin: deleted:  14463 us, speed:   691 KB/s
File test_309.bin: deleted:   6407 us, speed:  1560 KB/s
File test_310.bin: deleted:   6385 us, speed:  1566 KB/s
File test_311.bin: deleted:  12376 us, speed:   808 KB/s
File test_312.bin: deleted:   6411 us, speed:  1559 KB/s
File test_313.bin: deleted:  13668 us, speed:   731 KB/s
File test_314.bin: deleted:   6489 us, speed:  1541 KB/s
File test_315.bin: deleted:   6493 us, speed:  1540 KB/s
File test_316.bin: deleted:   6496 us, speed:  1539 KB/s
File test_317.bin: deleted:   6508 us, speed:  1536 KB/s
File test_318.bin: deleted:   6523 us, speed:  1533 KB/s
File test_319.bin: deleted:   6523 us, speed:  1533 KB/s
File test_320.bin: deleted:  14358 us, speed:   696 KB/s
File test_321.bin: deleted:  13521 us, speed:   739 KB/s
File test_322.bin: deleted:  12437 us, speed:   804 KB/s
File test_323.bin: deleted:   6497 us, speed:  1539 KB/s
File test_324.bin: deleted:   6526 us, speed:  1532 KB/s
File test_325.bin: deleted:   6557 us, speed:  1525 KB/s
File test_326.bin: deleted:   6575 us, speed:  1520 KB/s
File test_327.bin: deleted:   6585 us, speed:  1518 KB/s
File test_328.bin: deleted:   6557 us, speed:  1525 KB/s
File test_329.bin: deleted:  13619 us, speed:   734 KB/s
File test_330.bin: deleted:   6663 us, speed:  1500 KB/s
File test_331.bin: deleted:   6611 us, speed:  1512 KB/s
File test_332.bin: deleted:   6678 us, speed:  1497 KB/s
File test_333.bin: deleted:  20296 us, speed:   492 KB/s
File test_334.bin: deleted:   6631 us, speed:  1508 KB/s
File test_335.bin: deleted:   6671 us, speed:  1499 KB/s
File test_336.bin: deleted:   6621 us, speed:  1510 KB/s
File test_337.bin: deleted:  13565 us, speed:   737 KB/s
File test_338.bin: deleted:   6686 us, speed:  1495 KB/s
File test_339.bin: deleted:   6695 us, speed:  1493 KB/s
File test_340.bin: deleted:   6683 us, speed:  1496 KB/s
File test_341.bin: deleted:   6716 us, speed:  1488 KB/s
File test_342.bin: deleted:   6724 us, speed:  1487 KB/s
File test_343.bin: deleted:   6706 us, speed:  1491 KB/s
File test_344.bin: deleted:   6776 us, speed:  1475 KB/s
File test_345.bin: deleted:  19553 us, speed:   511 KB/s
File test_346.bin: deleted:  14401 us, speed:   694 KB/s
File test_347.bin: deleted:   6700 us, speed:  1492 KB/s
File test_348.bin: deleted:   6717 us, speed:  1488 KB/s
File test_349.bin: deleted:   6752 us, speed:  1481 KB/s
File test_350.bin: deleted:   6760 us, speed:  1479 KB/s
File test_351.bin: deleted:   6788 us, speed:  1473 KB/s
File test_352.bin: deleted:   6860 us, speed:  1457 KB/s
File test_353.bin: deleted:  13537 us, speed:   738 KB/s
File test_354.bin: deleted:   6875 us, speed:  1454 KB/s
File test_355.bin: deleted:   6843 us, speed:  1461 KB/s
File test_356.bin: deleted:  12830 us, speed:   779 KB/s
File test_357.bin: deleted:   6873 us, speed:  1454 KB/s
File test_358.bin: deleted:   6917 us, speed:  1445 KB/s
File test_359.bin: deleted:  14448 us, speed:   692 KB/s
File test_360.bin: deleted:   6901 us, speed:  1449 KB/s
File test_361.bin: deleted:  13532 us, speed:   738 KB/s
File test_362.bin: deleted:   6915 us, speed:  1446 KB/s
File test_363.bin: deleted:   6875 us, speed:  1454 KB/s
File test_364.bin: deleted:   6944 us, speed:  1440 KB/s
File test_365.bin: deleted:   6992 us, speed:  1430 KB/s
File test_366.bin: deleted:   6935 us, speed:  1441 KB/s
File test_367.bin: deleted:   7001 us, speed:  1428 KB/s
File test_368.bin: deleted:  12975 us, speed:   770 KB/s
File test_369.bin: deleted:  13707 us, speed:   729 KB/s
File test_370.bin: deleted:   7027 us, speed:  1423 KB/s
File test_371.bin: deleted:   7085 us, speed:  1411 KB/s
File test_372.bin: deleted:  14490 us, speed:   690 KB/s
File test_373.bin: deleted:   7007 us, speed:  1427 KB/s
File test_374.bin: deleted:   7130 us, speed:  1402 KB/s
File test_375.bin: deleted:   7020 us, speed:  1424 KB/s
File test_376.bin: deleted:   7045 us, speed:  1419 KB/s
File test_377.bin: deleted:  13536 us, speed:   738 KB/s
File test_378.bin: deleted:  13051 us, speed:   766 KB/s
File test_379.bin: deleted:   7111 us, speed:  1406 KB/s
File test_380.bin: deleted:   7102 us, speed:  1408 KB/s
File test_381.bin: deleted:   7157 us, speed:  1397 KB/s
File test_382.bin: deleted:   7178 us, speed:  1393 KB/s
File test_383.bin: deleted:   7178 us, speed:  1393 KB/s
File test_384.bin: deleted:  14403 us, speed:   694 KB/s
File test_385.bin: deleted:  13522 us, speed:   739 KB/s
File test_386.bin: deleted:   7156 us, speed:  1397 KB/s
File test_387.bin: deleted:   7121 us, speed:  1404 KB/s
File test_388.bin: deleted:   7126 us, speed:  1403 KB/s
File test_389.bin: deleted:  13126 us, speed:   761 KB/s
File test_390.bin: deleted:   7235 us, speed:  1382 KB/s
File test_391.bin: deleted:   7230 us, speed:  1383 KB/s
File test_392.bin: deleted:   7221 us, speed:  1384 KB/s
File test_393.bin: deleted:  13564 us, speed:   737 KB/s
File test_394.bin: deleted:   7271 us, speed:  1375 KB/s
File test_395.bin: deleted:   7309 us, speed:  1368 KB/s
File test_396.bin: deleted:   7402 us, speed:  1350 KB/s
File test_397.bin: deleted:  14412 us, speed:   693 KB/s
File test_398.bin: deleted:   7226 us, speed:  1383 KB/s
File test_399.bin: deleted:  13207 us, speed:   757 KB/s
File test_400.bin: deleted:   7265 us, speed:  1376 KB/s
File test_401.bin: deleted:  13534 us, speed:   738 KB/s
File test_402.bin: deleted:   7302 us, speed:  1369 KB/s
File test_403.bin: deleted:   7312 us, speed:  1367 KB/s
File test_404.bin: deleted:   7392 us, speed:  1352 KB/s
File test_405.bin: deleted:   7389 us, speed:  1353 KB/s
File test_406.bin: deleted:   7402 us, speed:  1350 KB/s
File test_407.bin: deleted:   7373 us, speed:  1356 KB/s
File test_408.bin: deleted:   7432 us, speed:  1345 KB/s
File test_409.bin: deleted:  13626 us, speed:   733 KB/s
File test_410.bin: deleted:  20454 us, speed:   488 KB/s
File test_411.bin: deleted:  14117 us, speed:   708 KB/s
File test_412.bin: deleted:  14192 us, speed:   704 KB/s
File test_413.bin: deleted:  14139 us, speed:   707 KB/s
File test_414.bin: deleted:  14164 us, speed:   706 KB/s
File test_415.bin: deleted:  14150 us, speed:   706 KB/s
File test_416.bin: deleted:  20101 us, speed:   497 KB/s
File test_417.bin: deleted:  23169 us, speed:   431 KB/s
File test_418.bin: deleted:  14167 us, speed:   705 KB/s
File test_419.bin: deleted:  14188 us, speed:   704 KB/s
File test_420.bin: deleted:  14198 us, speed:   704 KB/s
File test_421.bin: deleted:  14232 us, speed:   702 KB/s
File test_422.bin: deleted:  20117 us, speed:   497 KB/s
File test_423.bin: deleted:  21095 us, speed:   474 KB/s
File test_424.bin: deleted:  14646 us, speed:   682 KB/s
File test_425.bin: deleted:  15332 us, speed:   652 KB/s
File test_426.bin: deleted:  14101 us, speed:   709 KB/s
File test_427.bin: deleted:  14081 us, speed:   710 KB/s
File test_428.bin: deleted:  20048 us, speed:   498 KB/s
File test_429.bin: deleted:  14104 us, speed:   709 KB/s
File test_430.bin: deleted:  14095 us, speed:   709 KB/s
File test_431.bin: deleted:  14128 us, speed:   707 KB/s
File test_432.bin: deleted:  14161 us, speed:   706 KB/s
File test_433.bin: deleted:  15509 us, speed:   644 KB/s
File test_434.bin: deleted:  14188 us, speed:   704 KB/s
File test_435.bin: deleted:  20153 us, speed:   496 KB/s
File test_436.bin: deleted:  20836 us, speed:   479 KB/s
File test_437.bin: deleted:  14540 us, speed:   687 KB/s
File test_438.bin: deleted:  14171 us, speed:   705 KB/s
File test_439.bin: deleted:  14081 us, speed:   710 KB/s
File test_440.bin: deleted:  14088 us, speed:   709 KB/s
File test_441.bin: deleted:  21355 us, speed:   468 KB/s
File test_442.bin: deleted:  14178 us, speed:   705 KB/s
File test_443.bin: deleted:  14188 us, speed:   704 KB/s
File test_444.bin: deleted:  14141 us, speed:   707 KB/s
File test_445.bin: deleted:  14161 us, speed:   706 KB/s
File test_446.bin: deleted:  14143 us, speed:   707 KB/s
File test_447.bin: deleted:  20256 us, speed:   493 KB/s
File test_448.bin: deleted:  20757 us, speed:   481 KB/s
File test_449.bin: deleted:  15773 us, speed:   633 KB/s
File test_450.bin: deleted:  14195 us, speed:   704 KB/s
File test_451.bin: deleted:  14181 us, speed:   705 KB/s
File test_452.bin: deleted:  14094 us, speed:   709 KB/s
File test_453.bin: deleted:  20130 us, speed:   496 KB/s
File test_454.bin: deleted:  14164 us, speed:   706 KB/s
File test_455.bin: deleted:  14261 us, speed:   701 KB/s
File test_456.bin: deleted:  14158 us, speed:   706 KB/s
File test_457.bin: deleted:  15469 us, speed:   646 KB/s
File test_458.bin: deleted:  14167 us, speed:   705 KB/s
File test_459.bin: deleted:  14181 us, speed:   705 KB/s
File test_460.bin: deleted:  20204 us, speed:   494 KB/s
File test_461.bin: deleted:  20782 us, speed:   481 KB/s
File test_462.bin: deleted:  14615 us, speed:   684 KB/s
File test_463.bin: deleted:  14267 us, speed:   700 KB/s
File test_464.bin: deleted:  14235 us, speed:   702 KB/s
File test_465.bin: deleted:  15505 us, speed:   644 KB/s
File test_466.bin: deleted:  14221 us, speed:   703 KB/s
File test_467.bin: deleted:  14306 us, speed:   699 KB/s
File test_468.bin: deleted:  14289 us, speed:   699 KB/s
File test_469.bin: deleted:  14219 us, speed:   703 KB/s
File test_470.bin: deleted:  14261 us, speed:   701 KB/s
File test_471.bin: deleted:  14244 us, speed:   702 KB/s
File test_472.bin: deleted:  20242 us, speed:   494 KB/s
File test_473.bin: deleted:  15477 us, speed:   646 KB/s
File test_474.bin: deleted:  20689 us, speed:   483 KB/s
File test_475.bin: deleted:  14728 us, speed:   678 KB/s
File test_476.bin: deleted:  14275 us, speed:   700 KB/s
File test_477.bin: deleted:  14238 us, speed:   702 KB/s
File test_478.bin: deleted:  20163 us, speed:   495 KB/s
File test_479.bin: deleted:  14252 us, speed:   701 KB/s
File test_480.bin: deleted:  14333 us, speed:   697 KB/s
File test_481.bin: deleted:  15583 us, speed:   641 KB/s
File test_482.bin: deleted:  14360 us, speed:   696 KB/s
File test_483.bin: deleted:  14283 us, speed:   700 KB/s
File test_484.bin: deleted:  20265 us, speed:   493 KB/s
File test_485.bin: deleted:  14317 us, speed:   698 KB/s
File test_486.bin: deleted:  14364 us, speed:   696 KB/s
File test_487.bin: deleted:  20602 us, speed:   485 KB/s
File test_488.bin: deleted:  14709 us, speed:   679 KB/s
File test_489.bin: deleted:  15597 us, speed:   641 KB/s
File test_490.bin: deleted:  20270 us, speed:   493 KB/s
File test_491.bin: deleted:  14265 us, speed:   701 KB/s
File test_492.bin: deleted:  14301 us, speed:   699 KB/s
File test_493.bin: deleted:  14299 us, speed:   699 KB/s
File test_494.bin: deleted:  14330 us, speed:   697 KB/s
File test_495.bin: deleted:  14377 us, speed:   695 KB/s
File test_496.bin: deleted:  14222 us, speed:   703 KB/s
File test_497.bin: deleted:  21556 us, speed:   463 KB/s
File test_498.bin: deleted:  14321 us, speed:   698 KB/s
File test_499.bin: deleted:  14284 us, speed:   700 KB/s
File test_500.bin: deleted:  20408 us, speed:   490 KB/s
File test_501.bin: deleted:  14617 us, speed:   684 KB/s
File test_502.bin: deleted:  14166 us, speed:   705 KB/s
File test_503.bin: deleted:  20153 us, speed:   496 KB/s
File test_504.bin: deleted:  14186 us, speed:   704 KB/s
File test_505.bin: deleted:  15454 us, speed:   647 KB/s
File test_506.bin: deleted:  14242 us, speed:   702 KB/s
File test_507.bin: deleted:  14241 us, speed:   702 KB/s
File test_508.bin: deleted:  14164 us, speed:   706 KB/s
File test_509.bin: deleted:  20184 us, speed:   495 KB/s
File test_510.bin: deleted:  14239 us, speed:   702 KB/s
File test_511.bin: deleted:  14315 us, speed:   698 KB/s
File test_512.bin: deleted:  20378 us, speed:   490 KB/s
File test_513.bin: deleted:  15990 us, speed:   625 KB/s
File test_514.bin: deleted:  14782 us, speed:   676 KB/s
File test_515.bin: deleted:  20752 us, speed:   481 KB/s
File test_516.bin: deleted:  14848 us, speed:   673 KB/s
File test_517.bin: deleted:  14766 us, speed:   677 KB/s
File test_518.bin: deleted:  14800 us, speed:   675 KB/s
File test_519.bin: deleted:  14852 us, speed:   673 KB/s
File test_520.bin: deleted:  14814 us, speed:   675 KB/s
File test_521.bin: deleted:  22134 us, speed:   451 KB/s
File test_522.bin: deleted:  15298 us, speed:   653 KB/s
File test_523.bin: deleted:  15360 us, speed:   651 KB/s
File test_524.bin: deleted:  15367 us, speed:   650 KB/s
File test_525.bin: deleted:  21328 us, speed:   468 KB/s
File test_526.bin: deleted:  15721 us, speed:   636 KB/s
File test_527.bin: deleted:  21213 us, speed:   471 KB/s
File test_528.bin: deleted:  15306 us, speed:   653 KB/s
File test_529.bin: deleted:  16599 us, speed:   602 KB/s
File test_530.bin: deleted:  15802 us, speed:   632 KB/s
File test_531.bin: deleted:  15864 us, speed:   630 KB/s
File test_532.bin: deleted:  15850 us, speed:   630 KB/s
File test_533.bin: deleted:  21806 us, speed:   458 KB/s
File test_534.bin: deleted:  15840 us, speed:   631 KB/s
File test_535.bin: deleted:  15869 us, speed:   630 KB/s
File test_536.bin: deleted:  15836 us, speed:   631 KB/s
File test_537.bin: deleted:  17328 us, speed:   577 KB/s
File test_538.bin: deleted:  28218 us, speed:   354 KB/s
File test_539.bin: deleted:  16749 us, speed:   597 KB/s
File test_540.bin: deleted:  16387 us, speed:   610 KB/s
File test_541.bin: deleted:  16389 us, speed:   610 KB/s
File test_542.bin: deleted:  16428 us, speed:   608 KB/s
File test_543.bin: deleted:  16320 us, speed:   612 KB/s
File test_544.bin: deleted:  22362 us, speed:   447 KB/s
File test_545.bin: deleted:  17782 us, speed:   562 KB/s
File test_546.bin: deleted:  16963 us, speed:   589 KB/s
File test_547.bin: deleted:  17015 us, speed:   587 KB/s
File test_548.bin: deleted:  16954 us, speed:   589 KB/s
File test_549.bin: deleted:  22888 us, speed:   436 KB/s
File test_550.bin: deleted:  17028 us, speed:   587 KB/s
File test_551.bin: deleted:  22686 us, speed:   440 KB/s
File test_552.bin: deleted:  17312 us, speed:   577 KB/s
File test_553.bin: deleted:  18300 us, speed:   546 KB/s
File test_554.bin: deleted:  23368 us, speed:   427 KB/s
File test_555.bin: deleted:  17490 us, speed:   571 KB/s
File test_556.bin: deleted:  17562 us, speed:   569 KB/s
File test_557.bin: deleted:  17505 us, speed:   571 KB/s
File test_558.bin: deleted:  17510 us, speed:   571 KB/s
File test_559.bin: deleted:  23409 us, speed:   427 KB/s
File test_560.bin: deleted:  17489 us, speed:   571 KB/s
File test_561.bin: deleted:  18970 us, speed:   527 KB/s
File test_562.bin: deleted:  18105 us, speed:   552 KB/s
File test_563.bin: deleted:  18145 us, speed:   551 KB/s
File test_564.bin: deleted:  29728 us, speed:   336 KB/s
File test_565.bin: deleted:  18433 us, speed:   542 KB/s
File test_566.bin: deleted:  18080 us, speed:   553 KB/s
File test_567.bin: deleted:  18092 us, speed:   552 KB/s
File test_568.bin: deleted:  18101 us, speed:   552 KB/s
File test_569.bin: deleted:  25317 us, speed:   394 KB/s
File test_570.bin: deleted:  18570 us, speed:   538 KB/s
File test_571.bin: deleted:  18655 us, speed:   536 KB/s
File test_572.bin: deleted:  18739 us, speed:   533 KB/s
File test_573.bin: deleted:  18625 us, speed:   536 KB/s
File test_574.bin: deleted:  24559 us, speed:   407 KB/s
File test_575.bin: deleted:  18727 us, speed:   533 KB/s
File test_576.bin: deleted:  24203 us, speed:   413 KB/s
File test_577.bin: deleted:  20452 us, speed:   488 KB/s
File test_578.bin: deleted:  19115 us, speed:   523 KB/s
File test_579.bin: deleted:  25138 us, speed:   397 KB/s
File test_580.bin: deleted:  19188 us, speed:   521 KB/s
File test_581.bin: deleted:  19238 us, speed:   519 KB/s
File test_582.bin: deleted:  19241 us, speed:   519 KB/s
File test_583.bin: deleted:  19207 us, speed:   520 KB/s
File test_584.bin: deleted:  25144 us, speed:   397 KB/s
File test_585.bin: deleted:  20631 us, speed:   484 KB/s
File test_586.bin: deleted:  19737 us, speed:   506 KB/s
File test_587.bin: deleted:  19820 us, speed:   504 KB/s
File test_588.bin: deleted:  25730 us, speed:   388 KB/s
File test_589.bin: deleted:  25215 us, speed:   396 KB/s
File test_590.bin: deleted:  20202 us, speed:   495 KB/s
File test_591.bin: deleted:  19744 us, speed:   506 KB/s
File test_592.bin: deleted:  19734 us, speed:   506 KB/s
File test_593.bin: deleted:  27104 us, speed:   368 KB/s
File test_594.bin: deleted:  20246 us, speed:   493 KB/s
File test_595.bin: deleted:  20269 us, speed:   493 KB/s
File test_596.bin: deleted:  20262 us, speed:   493 KB/s
File test_597.bin: deleted:  26223 us, speed:   381 KB/s
File test_598.bin: deleted:  20385 us, speed:   490 KB/s
File test_599.bin: deleted:  20266 us, speed:   493 KB/s
File test_600.bin: deleted:  20299 us, speed:   492 KB/s
File test_601.bin: deleted:  21796 us, speed:   458 KB/s
File test_602.bin: deleted:  32170 us, speed:   310 KB/s
File test_603.bin: deleted:  21306 us, speed:   469 KB/s
File test_604.bin: deleted:  20700 us, speed:   483 KB/s
File test_605.bin: deleted:  20727 us, speed:   482 KB/s
File test_606.bin: deleted:  26701 us, speed:   374 KB/s
File test_607.bin: deleted:  20821 us, speed:   480 KB/s
File test_608.bin: deleted:  20762 us, speed:   481 KB/s
File test_609.bin: deleted:  22168 us, speed:   451 KB/s
File test_610.bin: deleted:  27264 us, speed:   366 KB/s
File test_611.bin: deleted:  21327 us, speed:   468 KB/s
File test_612.bin: deleted:  21348 us, speed:   468 KB/s
File test_613.bin: deleted:  21385 us, speed:   467 KB/s
File test_614.bin: deleted:  21402 us, speed:   467 KB/s
File test_615.bin: deleted:  32528 us, speed:   307 KB/s
File test_616.bin: deleted:  21554 us, speed:   463 KB/s
File test_617.bin: deleted:  22216 us, speed:   450 KB/s
File test_618.bin: deleted:  21433 us, speed:   466 KB/s
File test_619.bin: deleted:  27416 us, speed:   364 KB/s
File test_620.bin: deleted:  21447 us, speed:   466 KB/s
File test_621.bin: deleted:  21402 us, speed:   467 KB/s
File test_622.bin: deleted:  21436 us, speed:   466 KB/s
File test_623.bin: deleted:  27396 us, speed:   365 KB/s
File test_624.bin: deleted:  21491 us, speed:   465 KB/s
File test_625.bin: deleted:  22853 us, speed:   437 KB/s
File test_626.bin: deleted:  22029 us, speed:   453 KB/s
File test_627.bin: deleted:  27983 us, speed:   357 KB/s
File test_628.bin: deleted:  27087 us, speed:   369 KB/s
File test_629.bin: deleted:  22024 us, speed:   454 KB/s
File test_630.bin: deleted:  21988 us, speed:   454 KB/s
File test_631.bin: deleted:  27927 us, speed:   358 KB/s
File test_632.bin: deleted:  21970 us, speed:   455 KB/s
File test_633.bin: deleted:  23315 us, speed:   428 KB/s
File test_634.bin: deleted:  22538 us, speed:   443 KB/s
File test_635.bin: deleted:  22533 us, speed:   443 KB/s
File test_636.bin: deleted:  28519 us, speed:   350 KB/s
File test_637.bin: deleted:  22626 us, speed:   441 KB/s
File test_638.bin: deleted:  22537 us, speed:   443 KB/s
File test_639.bin: deleted:  22619 us, speed:   442 KB/s
File test_640.bin: deleted:  33528 us, speed:   298 KB/s
File test_641.bin: deleted:  24160 us, speed:   413 KB/s
File test_642.bin: deleted:  22697 us, speed:   440 KB/s
File test_643.bin: deleted:  22659 us, speed:   441 KB/s
File test_644.bin: deleted:  28643 us, speed:   349 KB/s
File test_645.bin: deleted:  22664 us, speed:   441 KB/s
File test_646.bin: deleted:  22700 us, speed:   440 KB/s
File test_647.bin: deleted:  22641 us, speed:   441 KB/s
File test_648.bin: deleted:  28630 us, speed:   349 KB/s
File test_649.bin: deleted:  24089 us, speed:   415 KB/s
File test_650.bin: deleted:  22861 us, speed:   437 KB/s
File test_651.bin: deleted:  22774 us, speed:   439 KB/s
File test_652.bin: deleted:  28752 us, speed:   347 KB/s
File test_653.bin: deleted:  27596 us, speed:   362 KB/s
File test_654.bin: deleted:  22746 us, speed:   439 KB/s
File test_655.bin: deleted:  22775 us, speed:   439 KB/s
File test_656.bin: deleted:  28725 us, speed:   348 KB/s
File test_657.bin: deleted:  24198 us, speed:   413 KB/s
File test_658.bin: deleted:  22903 us, speed:   436 KB/s
File test_659.bin: deleted:  22891 us, speed:   436 KB/s
File test_660.bin: deleted:  28814 us, speed:   347 KB/s
File test_661.bin: deleted:  22912 us, speed:   436 KB/s
File test_662.bin: deleted:  22945 us, speed:   435 KB/s
File test_663.bin: deleted:  22934 us, speed:   436 KB/s
File test_664.bin: deleted:  28877 us, speed:   346 KB/s
File test_665.bin: deleted:  24445 us, speed:   409 KB/s
File test_666.bin: deleted:  27770 us, speed:   360 KB/s
File test_667.bin: deleted:  28971 us, speed:   345 KB/s
File test_668.bin: deleted:  23026 us, speed:   434 KB/s
File test_669.bin: deleted:  23024 us, speed:   434 KB/s
File test_670.bin: deleted:  23020 us, speed:   434 KB/s
File test_671.bin: deleted:  29039 us, speed:   344 KB/s
File test_672.bin: deleted:  23131 us, speed:   432 KB/s
File test_673.bin: deleted:  24412 us, speed:   409 KB/s
File test_674.bin: deleted:  23168 us, speed:   431 KB/s
File test_675.bin: deleted:  29142 us, speed:   343 KB/s
File test_676.bin: deleted:  23171 us, speed:   431 KB/s
File test_677.bin: deleted:  23265 us, speed:   429 KB/s
File test_678.bin: deleted:  23190 us, speed:   431 KB/s
File test_679.bin: deleted:  33624 us, speed:   297 KB/s
File test_680.bin: deleted:  23105 us, speed:   432 KB/s
File test_681.bin: deleted:  24568 us, speed:   407 KB/s
File test_682.bin: deleted:  23183 us, speed:   431 KB/s
File test_683.bin: deleted:  29147 us, speed:   343 KB/s
File test_684.bin: deleted:  23286 us, speed:   429 KB/s
File test_685.bin: deleted:  23314 us, speed:   428 KB/s
File test_686.bin: deleted:  23213 us, speed:   430 KB/s
File test_687.bin: deleted:  29194 us, speed:   342 KB/s
File test_688.bin: deleted:  23262 us, speed:   429 KB/s
File test_689.bin: deleted:  24701 us, speed:   404 KB/s
File test_690.bin: deleted:  23387 us, speed:   427 KB/s
File test_691.bin: deleted:  29360 us, speed:   340 KB/s
File test_692.bin: deleted:  27789 us, speed:   359 KB/s
File test_693.bin: deleted:  23354 us, speed:   428 KB/s
File test_694.bin: deleted:  23436 us, speed:   426 KB/s
File test_695.bin: deleted:  29268 us, speed:   341 KB/s
File test_696.bin: deleted:  23324 us, speed:   428 KB/s
File test_697.bin: deleted:  24767 us, speed:   403 KB/s
File test_698.bin: deleted:  23556 us, speed:   424 KB/s
File test_699.bin: deleted:  29415 us, speed:   339 KB/s
File test_700.bin: deleted:  23501 us, speed:   425 KB/s
File test_701.bin: deleted:  23501 us, speed:   425 KB/s
File test_702.bin: deleted:  23573 us, speed:   424 KB/s
File test_703.bin: deleted:  29462 us, speed:   339 KB/s
File test_704.bin: deleted:  27793 us, speed:   359 KB/s
File test_705.bin: deleted:  25035 us, speed:   399 KB/s
File test_706.bin: deleted:  23569 us, speed:   424 KB/s
File test_707.bin: deleted:  29529 us, speed:   338 KB/s
File test_708.bin: deleted:  23548 us, speed:   424 KB/s
File test_709.bin: deleted:  23575 us, speed:   424 KB/s
File test_710.bin: deleted:  23584 us, speed:   424 KB/s
File test_711.bin: deleted:  23663 us, speed:   422 KB/s
File test_712.bin: deleted:  23575 us, speed:   424 KB/s
File test_713.bin: deleted:  24983 us, speed:   400 KB/s
File test_714.bin: deleted:  29693 us, speed:   336 KB/s
File test_715.bin: deleted:  23785 us, speed:   420 KB/s
File test_716.bin: deleted:  23786 us, speed:   420 KB/s
File test_717.bin: deleted:  28024 us, speed:   356 KB/s
File test_718.bin: deleted:  29565 us, speed:   338 KB/s
File test_719.bin: deleted:  23779 us, speed:   420 KB/s
File test_720.bin: deleted:  23798 us, speed:   420 KB/s
File test_721.bin: deleted:  25151 us, speed:   397 KB/s
File test_722.bin: deleted:  29821 us, speed:   335 KB/s
File test_723.bin: deleted:  23845 us, speed:   419 KB/s
File test_724.bin: deleted:  23898 us, speed:   418 KB/s
File test_725.bin: deleted:  23873 us, speed:   418 KB/s
File test_726.bin: deleted:  29806 us, speed:   335 KB/s
File test_727.bin: deleted:  23907 us, speed:   418 KB/s
File test_728.bin: deleted:  23965 us, speed:   417 KB/s
File test_729.bin: deleted:  25390 us, speed:   393 KB/s
File test_730.bin: deleted:  33959 us, speed:   294 KB/s
File test_731.bin: deleted:  23933 us, speed:   417 KB/s
File test_732.bin: deleted:  23931 us, speed:   417 KB/s
File test_733.bin: deleted:  29927 us, speed:   334 KB/s
File test_734.bin: deleted:  23860 us, speed:   419 KB/s
File test_735.bin: deleted:  23994 us, speed:   416 KB/s
File test_736.bin: deleted:  23959 us, speed:   417 KB/s
File test_737.bin: deleted:  31358 us, speed:   318 KB/s
File test_738.bin: deleted:  24160 us, speed:   413 KB/s
File test_739.bin: deleted:  24104 us, speed:   414 KB/s
File test_740.bin: deleted:  24093 us, speed:   415 KB/s
File test_741.bin: deleted:  30004 us, speed:   333 KB/s
File test_742.bin: deleted:  24107 us, speed:   414 KB/s
File test_743.bin: deleted:  28032 us, speed:   356 KB/s
File test_744.bin: deleted:  24022 us, speed:   416 KB/s
File test_745.bin: deleted:  31708 us, speed:   315 KB/s
File test_746.bin: deleted:  24203 us, speed:   413 KB/s
File test_747.bin: deleted:  24191 us, speed:   413 KB/s
File test_748.bin: deleted:  24193 us, speed:   413 KB/s
File test_749.bin: deleted:  30093 us, speed:   332 KB/s
File test_750.bin: deleted:  24283 us, speed:   411 KB/s
File test_751.bin: deleted:  24171 us, speed:   413 KB/s
File test_752.bin: deleted:  24224 us, speed:   412 KB/s
File test_753.bin: deleted:  25665 us, speed:   389 KB/s
File test_754.bin: deleted:  24381 us, speed:   410 KB/s
File test_755.bin: deleted:  24347 us, speed:   410 KB/s
File test_756.bin: deleted:  34072 us, speed:   293 KB/s
File test_757.bin: deleted:  24242 us, speed:   412 KB/s
File test_758.bin: deleted:  24360 us, speed:   410 KB/s
File test_759.bin: deleted:  24328 us, speed:   411 KB/s
File test_760.bin: deleted:  30249 us, speed:   330 KB/s
File test_761.bin: deleted:  25778 us, speed:   387 KB/s
File test_762.bin: deleted:  24446 us, speed:   409 KB/s
File test_763.bin: deleted:  24457 us, speed:   408 KB/s
File test_764.bin: deleted:  30375 us, speed:   329 KB/s
File test_765.bin: deleted:  24469 us, speed:   408 KB/s
File test_766.bin: deleted:  24470 us, speed:   408 KB/s
File test_767.bin: deleted:  24512 us, speed:   407 KB/s
File test_768.bin: deleted:  34046 us, speed:   293 KB/s
File test_769.bin: deleted:  25884 us, speed:   386 KB/s
File test_770.bin: deleted:  24551 us, speed:   407 KB/s
File test_771.bin: deleted:  30492 us, speed:   327 KB/s
File test_772.bin: deleted:  24545 us, speed:   407 KB/s
File test_773.bin: deleted:  24514 us, speed:   407 KB/s
File test_774.bin: deleted:  24553 us, speed:   407 KB/s
File test_775.bin: deleted:  30539 us, speed:   327 KB/s
File test_776.bin: deleted:  24572 us, speed:   406 KB/s
File test_777.bin: deleted:  26011 us, speed:   384 KB/s
File test_778.bin: deleted:  24718 us, speed:   404 KB/s
File test_779.bin: deleted:  30668 us, speed:   326 KB/s
File test_780.bin: deleted:  24763 us, speed:   403 KB/s
File test_781.bin: deleted:  28178 us, speed:   354 KB/s
File test_782.bin: deleted:  30592 us, speed:   326 KB/s
File test_783.bin: deleted:  24654 us, speed:   405 KB/s
File test_784.bin: deleted:  24644 us, speed:   405 KB/s
File test_785.bin: deleted:  26216 us, speed:   381 KB/s
File test_786.bin: deleted:  30665 us, speed:   326 KB/s
File test_787.bin: deleted:  24771 us, speed:   403 KB/s
File test_788.bin: deleted:  24782 us, speed:   403 KB/s
File test_789.bin: deleted:  24838 us, speed:   402 KB/s
File test_790.bin: deleted:  30676 us, speed:   325 KB/s
File test_791.bin: deleted:  24833 us, speed:   402 KB/s
File test_792.bin: deleted:  24832 us, speed:   402 KB/s
File test_793.bin: deleted:  32257 us, speed:   310 KB/s
File test_794.bin: deleted:  28297 us, speed:   353 KB/s
File test_795.bin: deleted:  24869 us, speed:   402 KB/s
File test_796.bin: deleted:  24885 us, speed:   401 KB/s
File test_797.bin: deleted:  30819 us, speed:   324 KB/s
File test_798.bin: deleted:  25079 us, speed:   398 KB/s
File test_799.bin: deleted:  24869 us, speed:   402 KB/s
File test_800.bin: deleted:  24900 us, speed:   401 KB/s
File test_801.bin: deleted:  32413 us, speed:   308 KB/s
File test_802.bin: deleted:  25064 us, speed:   398 KB/s
File test_803.bin: deleted:  25009 us, speed:   399 KB/s
File test_804.bin: deleted:  31005 us, speed:   322 KB/s
File test_805.bin: deleted:  25107 us, speed:   398 KB/s
File test_806.bin: deleted:  25058 us, speed:   399 KB/s
File test_807.bin: deleted:  28330 us, speed:   352 KB/s
File test_808.bin: deleted:  30889 us, speed:   323 KB/s
File test_809.bin: deleted:  26631 us, speed:   375 KB/s
File test_810.bin: deleted:  25111 us, speed:   398 KB/s
File test_811.bin: deleted:  25164 us, speed:   397 KB/s
File test_812.bin: deleted:  31047 us, speed:   322 KB/s
File test_813.bin: deleted:  25147 us, speed:   397 KB/s
File test_814.bin: deleted:  25179 us, speed:   397 KB/s
File test_815.bin: deleted:  31103 us, speed:   321 KB/s
File test_816.bin: deleted:  25088 us, speed:   398 KB/s
File test_817.bin: deleted:  26626 us, speed:   375 KB/s
File test_818.bin: deleted:  25345 us, speed:   394 KB/s
File test_819.bin: deleted:  31241 us, speed:   320 KB/s
File test_820.bin: deleted:  28520 us, speed:   350 KB/s
File test_821.bin: deleted:  25282 us, speed:   395 KB/s
File test_822.bin: deleted:  25357 us, speed:   394 KB/s
File test_823.bin: deleted:  31275 us, speed:   319 KB/s
File test_824.bin: deleted:  25341 us, speed:   394 KB/s
File test_825.bin: deleted:  26727 us, speed:   374 KB/s
File test_826.bin: deleted:  31344 us, speed:   319 KB/s
File test_827.bin: deleted:  25422 us, speed:   393 KB/s
File test_828.bin: deleted:  25431 us, speed:   393 KB/s
File test_829.bin: deleted:  25417 us, speed:   393 KB/s
File test_830.bin: deleted:  31386 us, speed:   318 KB/s
File test_831.bin: deleted:  25425 us, speed:   393 KB/s
File test_832.bin: deleted:  28596 us, speed:   349 KB/s
File test_833.bin: deleted:  32961 us, speed:   303 KB/s
File test_834.bin: deleted:  25460 us, speed:   392 KB/s
File test_835.bin: deleted:  25538 us, speed:   391 KB/s
File test_836.bin: deleted:  25560 us, speed:   391 KB/s
File test_837.bin: deleted:  31451 us, speed:   317 KB/s
File test_838.bin: deleted:  25481 us, speed:   392 KB/s
File test_839.bin: deleted:  25523 us, speed:   391 KB/s
File test_840.bin: deleted:  25566 us, speed:   391 KB/s
File test_841.bin: deleted:  32928 us, speed:   303 KB/s
File test_842.bin: deleted:  25648 us, speed:   389 KB/s
File test_843.bin: deleted:  25645 us, speed:   389 KB/s
File test_844.bin: deleted:  31631 us, speed:   316 KB/s
File test_845.bin: deleted:  28801 us, speed:   347 KB/s
File test_846.bin: deleted:  25613 us, speed:   390 KB/s
File test_847.bin: deleted:  25643 us, speed:   389 KB/s
File test_848.bin: deleted:  31591 us, speed:   316 KB/s
File test_849.bin: deleted:  27270 us, speed:   366 KB/s
File test_850.bin: deleted:  25835 us, speed:   387 KB/s
File test_851.bin: deleted:  31700 us, speed:   315 KB/s
File test_852.bin: deleted:  25746 us, speed:   388 KB/s
File test_853.bin: deleted:  25762 us, speed:   388 KB/s
File test_854.bin: deleted:  25865 us, speed:   386 KB/s
File test_855.bin: deleted:  31707 us, speed:   315 KB/s
File test_856.bin: deleted:  25780 us, speed:   387 KB/s
File test_857.bin: deleted:  27328 us, speed:   365 KB/s
File test_858.bin: deleted:  34838 us, speed:   287 KB/s
File test_859.bin: deleted:  25894 us, speed:   386 KB/s
File test_860.bin: deleted:  25823 us, speed:   387 KB/s
File test_861.bin: deleted:  25829 us, speed:   387 KB/s
File test_862.bin: deleted:  31830 us, speed:   314 KB/s
File test_863.bin: deleted:  25894 us, speed:   386 KB/s
File test_864.bin: deleted:  25818 us, speed:   387 KB/s
File test_865.bin: deleted:  27355 us, speed:   365 KB/s
File test_866.bin: deleted:  31929 us, speed:   313 KB/s
File test_867.bin: deleted:  26036 us, speed:   384 KB/s
File test_868.bin: deleted:  26025 us, speed:   384 KB/s
File test_869.bin: deleted:  31929 us, speed:   313 KB/s
File test_870.bin: deleted:  26005 us, speed:   384 KB/s
File test_871.bin: deleted:  28890 us, speed:   346 KB/s
File test_872.bin: deleted:  25962 us, speed:   385 KB/s
File test_873.bin: deleted:  33550 us, speed:   298 KB/s
File test_874.bin: deleted:  26055 us, speed:   383 KB/s
File test_875.bin: deleted:  26167 us, speed:   382 KB/s
File test_876.bin: deleted:  32129 us, speed:   311 KB/s
File test_877.bin: deleted:  26069 us, speed:   383 KB/s
File test_878.bin: deleted:  26122 us, speed:   382 KB/s
File test_879.bin: deleted:  26167 us, speed:   382 KB/s
File test_880.bin: deleted:  32073 us, speed:   311 KB/s
File test_881.bin: deleted:  27616 us, speed:   362 KB/s
File test_882.bin: deleted:  26257 us, speed:   380 KB/s
File test_883.bin: deleted:  32274 us, speed:   309 KB/s
File test_884.bin: deleted:  29018 us, speed:   344 KB/s
File test_885.bin: deleted:  26191 us, speed:   381 KB/s
File test_886.bin: deleted:  26201 us, speed:   381 KB/s
File test_887.bin: deleted:  32118 us, speed:   311 KB/s
File test_888.bin: deleted:  26224 us, speed:   381 KB/s
File test_889.bin: deleted:  27810 us, speed:   359 KB/s
File test_890.bin: deleted:  32266 us, speed:   309 KB/s
File test_891.bin: deleted:  26391 us, speed:   378 KB/s
File test_892.bin: deleted:  26350 us, speed:   379 KB/s
File test_893.bin: deleted:  26391 us, speed:   378 KB/s
File test_894.bin: deleted:  32265 us, speed:   309 KB/s
File test_895.bin: deleted:  26415 us, speed:   378 KB/s
File test_896.bin: deleted:  28923 us, speed:   345 KB/s
File test_897.bin: deleted:  33920 us, speed:   294 KB/s
File test_898.bin: deleted:  26388 us, speed:   378 KB/s
File test_899.bin: deleted:  26366 us, speed:   379 KB/s
File test_900.bin: deleted:  26478 us, speed:   377 KB/s
File test_901.bin: deleted:  32418 us, speed:   308 KB/s
File test_902.bin: deleted:  26519 us, speed:   377 KB/s
File test_903.bin: deleted:  26454 us, speed:   378 KB/s
File test_904.bin: deleted:  32451 us, speed:   308 KB/s
File test_905.bin: deleted:  27994 us, speed:   357 KB/s
File test_906.bin: deleted:  26585 us, speed:   376 KB/s
File test_907.bin: deleted:  26575 us, speed:   376 KB/s
File test_908.bin: deleted:  32560 us, speed:   307 KB/s
File test_909.bin: deleted:  29005 us, speed:   344 KB/s
File test_910.bin: deleted:  26525 us, speed:   377 KB/s
File test_911.bin: deleted:  32477 us, speed:   307 KB/s
File test_912.bin: deleted:  26495 us, speed:   377 KB/s
File test_913.bin: deleted:  28227 us, speed:   354 KB/s
File test_914.bin: deleted:  32617 us, speed:   306 KB/s
File test_915.bin: deleted:  26676 us, speed:   374 KB/s
File test_916.bin: deleted:  26688 us, speed:   374 KB/s
File test_917.bin: deleted:  26695 us, speed:   374 KB/s
File test_918.bin: deleted:  32577 us, speed:   306 KB/s
File test_919.bin: deleted:  26759 us, speed:   373 KB/s
File test_920.bin: deleted:  26795 us, speed:   373 KB/s
File test_921.bin: deleted:  34160 us, speed:   292 KB/s
File test_922.bin: deleted:  29120 us, speed:   343 KB/s
File test_923.bin: deleted:  26828 us, speed:   372 KB/s
File test_924.bin: deleted:  26738 us, speed:   373 KB/s
File test_925.bin: deleted:  32698 us, speed:   305 KB/s
File test_926.bin: deleted:  26772 us, speed:   373 KB/s
File test_927.bin: deleted:  26803 us, speed:   373 KB/s
File test_928.bin: deleted:  32717 us, speed:   305 KB/s
File test_929.bin: deleted:  28260 us, speed:   353 KB/s
File test_930.bin: deleted:  26916 us, speed:   371 KB/s
File test_931.bin: deleted:  26949 us, speed:   371 KB/s
File test_932.bin: deleted:  32903 us, speed:   303 KB/s
File test_933.bin: deleted:  26893 us, speed:   371 KB/s
File test_934.bin: deleted:  26965 us, speed:   370 KB/s
File test_935.bin: deleted:  35113 us, speed:   284 KB/s
File test_936.bin: deleted:  26864 us, speed:   372 KB/s
File test_937.bin: deleted:  28505 us, speed:   350 KB/s
File test_938.bin: deleted:  32888 us, speed:   304 KB/s
File test_939.bin: deleted:  26946 us, speed:   371 KB/s
File test_940.bin: deleted:  26992 us, speed:   370 KB/s
File test_941.bin: deleted:  27026 us, speed:   370 KB/s
File test_942.bin: deleted:  32893 us, speed:   304 KB/s
File test_943.bin: deleted:  27033 us, speed:   369 KB/s
File test_944.bin: deleted:  27049 us, speed:   369 KB/s
File test_945.bin: deleted:  34482 us, speed:   290 KB/s
File test_946.bin: deleted:  27162 us, speed:   368 KB/s
File test_947.bin: deleted:  27188 us, speed:   367 KB/s
File test_948.bin: deleted:  29298 us, speed:   341 KB/s
File test_949.bin: deleted:  33021 us, speed:   302 KB/s
File test_950.bin: deleted:  27078 us, speed:   369 KB/s
File test_951.bin: deleted:  27102 us, speed:   368 KB/s
File test_952.bin: deleted:  33073 us, speed:   302 KB/s
File test_953.bin: deleted:  28847 us, speed:   346 KB/s
File test_954.bin: deleted:  27305 us, speed:   366 KB/s
File test_955.bin: deleted:  27207 us, speed:   367 KB/s
File test_956.bin: deleted:  33203 us, speed:   301 KB/s
File test_957.bin: deleted:  27240 us, speed:   367 KB/s
File test_958.bin: deleted:  27355 us, speed:   365 KB/s
File test_959.bin: deleted:  33226 us, speed:   300 KB/s
File test_960.bin: deleted:  29294 us, speed:   341 KB/s
File test_961.bin: deleted:  28826 us, speed:   346 KB/s
File test_962.bin: deleted:  33258 us, speed:   300 KB/s
File test_963.bin: deleted:  27277 us, speed:   366 KB/s
File test_964.bin: deleted:  27298 us, speed:   366 KB/s
File test_965.bin: deleted:  27359 us, speed:   365 KB/s
File test_966.bin: deleted:  33283 us, speed:   300 KB/s
File test_967.bin: deleted:  27461 us, speed:   364 KB/s
File test_968.bin: deleted:  27297 us, speed:   366 KB/s
File test_969.bin: deleted:  34851 us, speed:   286 KB/s
File test_970.bin: deleted:  27501 us, speed:   363 KB/s
File test_971.bin: deleted:  27568 us, speed:   362 KB/s
File test_972.bin: deleted:  33486 us, speed:   298 KB/s
File test_973.bin: deleted:  29314 us, speed:   341 KB/s
File test_974.bin: deleted:  27500 us, speed:   363 KB/s
File test_975.bin: deleted:  27510 us, speed:   363 KB/s
File test_976.bin: deleted:  33356 us, speed:   299 KB/s
File test_977.bin: deleted:  29069 us, speed:   344 KB/s
File test_978.bin: deleted:  27587 us, speed:   362 KB/s
File test_979.bin: deleted:  33513 us, speed:   298 KB/s
File test_980.bin: deleted:  27783 us, speed:   359 KB/s
File test_981.bin: deleted:  27561 us, speed:   362 KB/s
File test_982.bin: deleted:  33576 us, speed:   297 KB/s
File test_983.bin: deleted:  27613 us, speed:   362 KB/s
File test_984.bin: deleted:  27653 us, speed:   361 KB/s
File test_985.bin: deleted:  29127 us, speed:   343 KB/s
File test_986.bin: deleted:  35346 us, speed:   282 KB/s
File test_987.bin: deleted:  27661 us, speed:   361 KB/s
File test_988.bin: deleted:  27733 us, speed:   360 KB/s
File test_989.bin: deleted:  33535 us, speed:   298 KB/s
File test_990.bin: deleted:  27659 us, speed:   361 KB/s
File test_991.bin: deleted:  27703 us, speed:   360 KB/s
File test_992.bin: deleted:  33647 us, speed:   297 KB/s
File test_993.bin: deleted:  29270 us, speed:   341 KB/s
File test_994.bin: deleted:  27826 us, speed:   359 KB/s
File test_995.bin: deleted:  27808 us, speed:   359 KB/s
File test_996.bin: deleted:  33746 us, speed:   296 KB/s
File test_997.bin: deleted:  27894 us, speed:   358 KB/s
File test_998.bin: deleted:  27812 us, speed:   359 KB/s
File test_999.bin: deleted:  34892 us, speed:   286 KB/s
File test_1000.bin: deleted:  27799 us, speed:   359 KB/s


=== Delete Test Statistics ===
Successful operations: 1000
Failed operations:     0
Data processed: 10000 KB (10240000 bytes)

Timing breakdown:

Speed statistics:
  Max speed:     3051 KB/s
  Avg speed:      582 KB/s
  Min speed:      282 KB/s

Data integrity:
  CRC errors    : 0
  Pattern errors: 0
  Size errors   : 0
  Total errors  : 0

Press any key to continue...
