=== Delete Test ===
Deleting 1000 files
Deleting /test_001.bin... deleted:   1667 us, speed:  5998 KB/s
Deleting /test_002.bin... deleted:   1668 us, speed:  5995 KB/s
Deleting /test_003.bin... deleted:   1678 us, speed:  5959 KB/s
Deleting /test_004.bin... deleted:   1698 us, speed:  5889 KB/s
Deleting /test_005.bin... deleted:   1724 us, speed:  5800 KB/s
Deleting /test_006.bin... deleted:   1735 us, speed:  5763 KB/s
Deleting /test_007.bin... deleted:   1755 us, speed:  5698 KB/s
Deleting /test_008.bin... deleted:   1771 us, speed:  5646 KB/s
Deleting /test_009.bin... deleted:   1815 us, speed:  5509 KB/s
Deleting /test_010.bin... deleted:   1810 us, speed:  5524 KB/s
Deleting /test_011.bin... deleted:   1843 us, speed:  5425 KB/s
Deleting /test_012.bin... deleted:   1876 us, speed:  5330 KB/s
Deleting /test_013.bin... deleted:   2048 us, speed:  4882 KB/s
Deleting /test_014.bin... deleted:   2060 us, speed:  4854 KB/s
Deleting /test_015.bin... deleted:   2079 us, speed:  4810 KB/s
Deleting /test_016.bin... deleted:   2127 us, speed:  4701 KB/s
Deleting /test_017.bin... deleted:   2120 us, speed:  4716 KB/s
Deleting /test_018.bin... deleted:   2158 us, speed:  4633 KB/s
Deleting /test_019.bin... deleted:   2160 us, speed:  4629 KB/s
Deleting /test_020.bin... deleted:   2179 us, speed:  4589 KB/s
Deleting /test_021.bin... deleted:   2201 us, speed:  4543 KB/s
Deleting /test_022.bin... deleted:   2220 us, speed:  4504 KB/s
Deleting /test_023.bin... deleted:   2251 us, speed:  4442 KB/s
Deleting /test_024.bin... deleted:   2254 us, speed:  4436 KB/s
Deleting /test_025.bin... deleted:   2271 us, speed:  4403 KB/s
Deleting /test_026.bin... deleted:   2291 us, speed:  4364 KB/s
Deleting /test_027.bin... deleted:   2323 us, speed:  4304 KB/s
Deleting /test_028.bin... deleted:   2359 us, speed:  4239 KB/s
Deleting /test_029.bin... deleted:   8379 us, speed:  1193 KB/s
Deleting /test_030.bin... deleted:   2524 us, speed:  3961 KB/s
Deleting /test_031.bin... deleted:   2538 us, speed:  3940 KB/s
Deleting /test_032.bin... deleted:   2545 us, speed:  3929 KB/s
Deleting /test_033.bin... deleted:   2564 us, speed:  3900 KB/s
Deleting /test_034.bin... deleted:   2567 us, speed:  3895 KB/s
Deleting /test_035.bin... deleted:   2573 us, speed:  3886 KB/s
Deleting /test_036.bin... deleted:   2579 us, speed:  3877 KB/s
Deleting /test_037.bin... deleted:   2586 us, speed:  3866 KB/s
Deleting /test_038.bin... deleted:   2620 us, speed:  3816 KB/s
Deleting /test_039.bin... deleted:   2617 us, speed:  3821 KB/s
Deleting /test_040.bin... deleted:   2628 us, speed:  3805 KB/s
Deleting /test_041.bin... deleted:   2655 us, speed:  3766 KB/s
Deleting /test_042.bin... deleted:   4080 us, speed:  2450 KB/s
Deleting /test_043.bin... deleted:   4098 us, speed:  2440 KB/s
Deleting /test_044.bin... deleted:   4125 us, speed:  2424 KB/s
Deleting /test_045.bin... deleted:   4130 us, speed:  2421 KB/s
Deleting /test_046.bin... deleted:   4155 us, speed:  2406 KB/s
Deleting /test_047.bin... deleted:   4183 us, speed:  2390 KB/s
Deleting /test_048.bin... deleted:   4210 us, speed:  2375 KB/s
Deleting /test_049.bin... deleted:   4239 us, speed:  2359 KB/s
Deleting /test_050.bin... deleted:   4250 us, speed:  2352 KB/s
Deleting /test_051.bin... deleted:   4267 us, speed:  2343 KB/s
Deleting /test_052.bin... deleted:   4269 us, speed:  2342 KB/s
Deleting /test_053.bin... deleted:   4328 us, speed:  2310 KB/s
Deleting /test_054.bin... deleted:  10140 us, speed:   986 KB/s
Deleting /test_055.bin... deleted:   4384 us, speed:  2281 KB/s
Deleting /test_056.bin... deleted:   4531 us, speed:  2207 KB/s
Deleting /test_057.bin... deleted:   4558 us, speed:  2193 KB/s
Deleting /test_058.bin... deleted:   4553 us, speed:  2196 KB/s
Deleting /test_059.bin... deleted:   4597 us, speed:  2175 KB/s
Deleting /test_060.bin... deleted:   4606 us, speed:  2171 KB/s
Deleting /test_061.bin... deleted:   4660 us, speed:  2145 KB/s
Deleting /test_062.bin... deleted:   4634 us, speed:  2157 KB/s
Deleting /test_063.bin... deleted:   4701 us, speed:  2127 KB/s
Deleting /test_064.bin... deleted:   4671 us, speed:  2140 KB/s
Deleting /test_065.bin... deleted:   4685 us, speed:  2134 KB/s
Deleting /test_066.bin... deleted:   4728 us, speed:  2115 KB/s
Deleting /test_067.bin... deleted:   4752 us, speed:  2104 KB/s
Deleting /test_068.bin... deleted:   4772 us, speed:  2095 KB/s
Deleting /test_069.bin... deleted:   4786 us, speed:  2089 KB/s
Deleting /test_070.bin... deleted:   4814 us, speed:  2077 KB/s
Deleting /test_071.bin... deleted:   4835 us, speed:  2068 KB/s
Deleting /test_072.bin... deleted:   4995 us, speed:  2002 KB/s
Deleting /test_073.bin... deleted:  10940 us, speed:   914 KB/s
Deleting /test_074.bin... deleted:   5003 us, speed:  1998 KB/s
Deleting /test_075.bin... deleted:   5024 us, speed:  1990 KB/s
Deleting /test_076.bin... deleted:   5017 us, speed:  1993 KB/s
Deleting /test_077.bin... deleted:   5021 us, speed:  1991 KB/s
Deleting /test_078.bin... deleted:   5033 us, speed:  1986 KB/s
Deleting /test_079.bin... deleted:   5081 us, speed:  1968 KB/s
Deleting /test_080.bin... deleted:   5045 us, speed:  1982 KB/s
Deleting /test_081.bin... deleted:   5115 us, speed:  1955 KB/s
Deleting /test_082.bin... deleted:   5061 us, speed:  1975 KB/s
Deleting /test_083.bin... deleted:   9319 us, speed:  1073 KB/s
Deleting /test_084.bin... deleted:   4157 us, speed:  2405 KB/s
Deleting /test_085.bin... deleted:   4158 us, speed:  2405 KB/s
Deleting /test_086.bin... deleted:   4203 us, speed:  2379 KB/s
Deleting /test_087.bin... deleted:   4225 us, speed:  2366 KB/s
Deleting /test_088.bin... deleted:   4219 us, speed:  2370 KB/s
Deleting /test_089.bin... deleted:   4279 us, speed:  2336 KB/s
Deleting /test_090.bin... deleted:  10226 us, speed:   977 KB/s
Deleting /test_091.bin... deleted:   4283 us, speed:  2334 KB/s
Deleting /test_092.bin... deleted:   4309 us, speed:  2320 KB/s
Deleting /test_093.bin... deleted:   4304 us, speed:  2323 KB/s
Deleting /test_094.bin... deleted:   4341 us, speed:  2303 KB/s
Deleting /test_095.bin... deleted:   4386 us, speed:  2279 KB/s
Deleting /test_096.bin... deleted:   4541 us, speed:  2202 KB/s
Deleting /test_097.bin... deleted:   4607 us, speed:  2170 KB/s
Deleting /test_098.bin... deleted:   4588 us, speed:  2179 KB/s
Deleting /test_099.bin... deleted:   4638 us, speed:  2156 KB/s
Deleting /test_100.bin... deleted:   4636 us, speed:  2157 KB/s
Deleting /test_101.bin... deleted:   4650 us, speed:  2150 KB/s
Deleting /test_102.bin... deleted:   4660 us, speed:  2145 KB/s
Deleting /test_103.bin... deleted:   4684 us, speed:  2134 KB/s
Deleting /test_104.bin... deleted:   4707 us, speed:  2124 KB/s
Deleting /test_105.bin... deleted:   4739 us, speed:  2110 KB/s
Deleting /test_106.bin... deleted:   4768 us, speed:  2097 KB/s
Deleting /test_107.bin... deleted:   4750 us, speed:  2105 KB/s
Deleting /test_108.bin... deleted:   4773 us, speed:  2095 KB/s
Deleting /test_109.bin... deleted:  10770 us, speed:   928 KB/s
Deleting /test_110.bin... deleted:   4803 us, speed:  2082 KB/s
Deleting /test_111.bin... deleted:   4884 us, speed:  2047 KB/s
Deleting /test_112.bin... deleted:   4997 us, speed:  2001 KB/s
Deleting /test_113.bin... deleted:   5038 us, speed:  1984 KB/s
Deleting /test_114.bin... deleted:   5026 us, speed:  1989 KB/s
Deleting /test_115.bin... deleted:   5053 us, speed:  1979 KB/s
Deleting /test_116.bin... deleted:   5019 us, speed:  1992 KB/s
Deleting /test_117.bin... deleted:   5076 us, speed:  1970 KB/s
Deleting /test_118.bin... deleted:   5057 us, speed:  1977 KB/s
Deleting /test_119.bin... deleted:   5095 us, speed:  1962 KB/s
Deleting /test_120.bin... deleted:   5069 us, speed:  1972 KB/s
Deleting /test_121.bin... deleted:   5114 us, speed:  1955 KB/s
Deleting /test_122.bin... deleted:   5084 us, speed:  1966 KB/s
Deleting /test_123.bin... deleted:   5144 us, speed:  1944 KB/s
Deleting /test_124.bin... deleted:   5103 us, speed:  1959 KB/s
Deleting /test_125.bin... deleted:   6781 us, speed:  1474 KB/s
Deleting /test_126.bin... deleted:  12758 us, speed:   783 KB/s
Deleting /test_127.bin... deleted:   6825 us, speed:  1465 KB/s
Deleting /test_128.bin... deleted:   6801 us, speed:  1470 KB/s
Deleting /test_129.bin... deleted:   6864 us, speed:  1456 KB/s
Deleting /test_130.bin... deleted:   6867 us, speed:  1456 KB/s
Deleting /test_131.bin... deleted:   6885 us, speed:  1452 KB/s
Deleting /test_132.bin... deleted:   6893 us, speed:  1450 KB/s
Deleting /test_133.bin... deleted:   6955 us, speed:  1437 KB/s
Deleting /test_134.bin... deleted:   6921 us, speed:  1444 KB/s
Deleting /test_135.bin... deleted:   6974 us, speed:  1433 KB/s
Deleting /test_136.bin... deleted:   7032 us, speed:  1422 KB/s
Deleting /test_137.bin... deleted:   6988 us, speed:  1431 KB/s
Deleting /test_138.bin... deleted:   7020 us, speed:  1424 KB/s
Deleting /test_139.bin... deleted:  13162 us, speed:   759 KB/s
Deleting /test_140.bin... deleted:   7216 us, speed:  1385 KB/s
Deleting /test_141.bin... deleted:   7214 us, speed:  1386 KB/s
Deleting /test_142.bin... deleted:   7247 us, speed:  1379 KB/s
Deleting /test_143.bin... deleted:   7300 us, speed:  1369 KB/s
Deleting /test_144.bin... deleted:   7286 us, speed:  1372 KB/s
Deleting /test_145.bin... deleted:   7316 us, speed:  1366 KB/s
Deleting /test_146.bin... deleted:   7357 us, speed:  1359 KB/s
Deleting /test_147.bin... deleted:   7342 us, speed:  1362 KB/s
Deleting /test_148.bin... deleted:   7374 us, speed:  1356 KB/s
Deleting /test_149.bin... deleted:   7417 us, speed:  1348 KB/s
Deleting /test_150.bin... deleted:   7432 us, speed:  1345 KB/s
Deleting /test_151.bin... deleted:  13405 us, speed:   745 KB/s
Deleting /test_152.bin... deleted:   7452 us, speed:  1341 KB/s
Deleting /test_153.bin... deleted:   7468 us, speed:  1339 KB/s
Deleting /test_154.bin... deleted:   7524 us, speed:  1329 KB/s
Deleting /test_155.bin... deleted:   7642 us, speed:  1308 KB/s
Deleting /test_156.bin... deleted:   7641 us, speed:  1308 KB/s
Deleting /test_157.bin... deleted:   7689 us, speed:  1300 KB/s
Deleting /test_158.bin... deleted:   7696 us, speed:  1299 KB/s
Deleting /test_159.bin... deleted:   7712 us, speed:  1296 KB/s
Deleting /test_160.bin... deleted:   7740 us, speed:  1291 KB/s
Deleting /test_161.bin... deleted:   7686 us, speed:  1301 KB/s
Deleting /test_162.bin... deleted:   7741 us, speed:  1291 KB/s
Deleting /test_163.bin... deleted:  13708 us, speed:   729 KB/s
Deleting /test_164.bin... deleted:   7732 us, speed:  1293 KB/s
Deleting /test_165.bin... deleted:  14288 us, speed:   699 KB/s
Deleting /test_166.bin... deleted:   6792 us, speed:  1472 KB/s
Deleting /test_167.bin... deleted:   6820 us, speed:  1466 KB/s
Deleting /test_168.bin... deleted:   6840 us, speed:  1461 KB/s
Deleting /test_169.bin... deleted:   6848 us, speed:  1460 KB/s
Deleting /test_170.bin... deleted:   6869 us, speed:  1455 KB/s
Deleting /test_171.bin... deleted:   6890 us, speed:  1451 KB/s
Deleting /test_172.bin... deleted:   6897 us, speed:  1449 KB/s
Deleting /test_173.bin... deleted:   6923 us, speed:  1444 KB/s
Deleting /test_174.bin... deleted:   6924 us, speed:  1444 KB/s
Deleting /test_175.bin... deleted:   6962 us, speed:  1436 KB/s
Deleting /test_176.bin... deleted:   6994 us, speed:  1429 KB/s
Deleting /test_177.bin... deleted:   7031 us, speed:  1422 KB/s
Deleting /test_178.bin... deleted:   6999 us, speed:  1428 KB/s
Deleting /test_179.bin... deleted:   7066 us, speed:  1415 KB/s
Deleting /test_180.bin... deleted:   7247 us, speed:  1379 KB/s
Deleting /test_181.bin... deleted:   7213 us, speed:  1386 KB/s
Deleting /test_182.bin... deleted:   7274 us, speed:  1374 KB/s
Deleting /test_183.bin... deleted:   7295 us, speed:  1370 KB/s
Deleting /test_184.bin... deleted:   7325 us, speed:  1365 KB/s
Deleting /test_185.bin... deleted:   7372 us, speed:  1356 KB/s
Deleting /test_186.bin... deleted:   7333 us, speed:  1363 KB/s
Deleting /test_187.bin... deleted:  13372 us, speed:   747 KB/s
Deleting /test_188.bin... deleted:   7354 us, speed:  1359 KB/s
Deleting /test_189.bin... deleted:   7399 us, speed:  1351 KB/s
Deleting /test_190.bin... deleted:   7434 us, speed:  1345 KB/s
Deleting /test_191.bin... deleted:   7438 us, speed:  1344 KB/s
Deleting /test_192.bin... deleted:   7467 us, speed:  1339 KB/s
Deleting /test_193.bin... deleted:   7495 us, speed:  1334 KB/s
Deleting /test_194.bin... deleted:   7513 us, speed:  1331 KB/s
Deleting /test_195.bin... deleted:   7542 us, speed:  1325 KB/s
Deleting /test_196.bin... deleted:   7710 us, speed:  1297 KB/s
Deleting /test_197.bin... deleted:   7708 us, speed:  1297 KB/s
Deleting /test_198.bin... deleted:   7701 us, speed:  1298 KB/s
Deleting /test_199.bin... deleted:  13686 us, speed:   730 KB/s
Deleting /test_200.bin... deleted:   7724 us, speed:  1294 KB/s
Deleting /test_201.bin... deleted:   7711 us, speed:  1296 KB/s
Deleting /test_202.bin... deleted:   7717 us, speed:  1295 KB/s
Deleting /test_203.bin... deleted:   7748 us, speed:  1290 KB/s
Deleting /test_204.bin... deleted:   7785 us, speed:  1284 KB/s
Deleting /test_205.bin... deleted:   7777 us, speed:  1285 KB/s
Deleting /test_206.bin... deleted:  14240 us, speed:   702 KB/s
Deleting /test_207.bin... deleted:   6800 us, speed:  1470 KB/s
Deleting /test_208.bin... deleted:   6801 us, speed:  1470 KB/s
Deleting /test_209.bin... deleted:   6799 us, speed:  1470 KB/s
Deleting /test_210.bin... deleted:  12794 us, speed:   781 KB/s
Deleting /test_211.bin... deleted:   6847 us, speed:  1460 KB/s
Deleting /test_212.bin... deleted:   6871 us, speed:  1455 KB/s
Deleting /test_213.bin... deleted:   6881 us, speed:  1453 KB/s
Deleting /test_214.bin... deleted:   6913 us, speed:  1446 KB/s
Deleting /test_215.bin... deleted:   6912 us, speed:  1446 KB/s
Deleting /test_216.bin... deleted:   6975 us, speed:  1433 KB/s
Deleting /test_217.bin... deleted:   6971 us, speed:  1434 KB/s
Deleting /test_218.bin... deleted:   6970 us, speed:  1434 KB/s
Deleting /test_219.bin... deleted:   7019 us, speed:  1424 KB/s
Deleting /test_220.bin... deleted:   7073 us, speed:  1413 KB/s
Deleting /test_221.bin... deleted:   7223 us, speed:  1384 KB/s
Deleting /test_222.bin... deleted:   7247 us, speed:  1379 KB/s
Deleting /test_223.bin... deleted:  13192 us, speed:   758 KB/s
Deleting /test_224.bin... deleted:   7265 us, speed:  1376 KB/s
Deleting /test_225.bin... deleted:   7291 us, speed:  1371 KB/s
Deleting /test_226.bin... deleted:   7320 us, speed:  1366 KB/s
Deleting /test_227.bin... deleted:   7348 us, speed:  1360 KB/s
Deleting /test_228.bin... deleted:   7348 us, speed:  1360 KB/s
Deleting /test_229.bin... deleted:   7350 us, speed:  1360 KB/s
Deleting /test_230.bin... deleted:   7405 us, speed:  1350 KB/s
Deleting /test_231.bin... deleted:   7429 us, speed:  1346 KB/s
Deleting /test_232.bin... deleted:   7421 us, speed:  1347 KB/s
Deleting /test_233.bin... deleted:   7457 us, speed:  1341 KB/s
Deleting /test_234.bin... deleted:   7469 us, speed:  1338 KB/s
Deleting /test_235.bin... deleted:  13418 us, speed:   745 KB/s
Deleting /test_236.bin... deleted:   7562 us, speed:  1322 KB/s
Deleting /test_237.bin... deleted:   7666 us, speed:  1304 KB/s
Deleting /test_238.bin... deleted:   7696 us, speed:  1299 KB/s
Deleting /test_239.bin... deleted:   7709 us, speed:  1297 KB/s
Deleting /test_240.bin... deleted:   7727 us, speed:  1294 KB/s
Deleting /test_241.bin... deleted:   7676 us, speed:  1302 KB/s
Deleting /test_242.bin... deleted:   7710 us, speed:  1297 KB/s
Deleting /test_243.bin... deleted:   7749 us, speed:  1290 KB/s
Deleting /test_244.bin... deleted:   7772 us, speed:  1286 KB/s
Deleting /test_245.bin... deleted:   7720 us, speed:  1295 KB/s
Deleting /test_246.bin... deleted:  13775 us, speed:   725 KB/s
Deleting /test_247.bin... deleted: 149819 us, speed:    66 KB/s
Deleting /test_248.bin... deleted:   4619 us, speed:  2164 KB/s
Deleting /test_249.bin... deleted:   4616 us, speed:  2166 KB/s
Deleting /test_250.bin... deleted:   4665 us, speed:  2143 KB/s
Deleting /test_251.bin... deleted:   4665 us, speed:  2143 KB/s
Deleting /test_252.bin... deleted:   4665 us, speed:  2143 KB/s
Deleting /test_253.bin... deleted:   4682 us, speed:  2135 KB/s
Deleting /test_254.bin... deleted:   4711 us, speed:  2122 KB/s
Deleting /test_255.bin... deleted:   4740 us, speed:  2109 KB/s
Deleting /test_256.bin... deleted:  10726 us, speed:   932 KB/s
Deleting /test_257.bin... deleted:   4754 us, speed:  2103 KB/s
Deleting /test_258.bin... deleted:   4830 us, speed:  2070 KB/s
Deleting /test_259.bin... deleted:   4805 us, speed:  2081 KB/s
Deleting /test_260.bin... deleted:   4840 us, speed:  2066 KB/s
Deleting /test_261.bin... deleted:   4867 us, speed:  2054 KB/s
Deleting /test_262.bin... deleted:   5063 us, speed:  1975 KB/s
Deleting /test_263.bin... deleted:   5044 us, speed:  1982 KB/s
Deleting /test_264.bin... deleted:   5080 us, speed:  1968 KB/s
Deleting /test_265.bin... deleted:   5103 us, speed:  1959 KB/s
Deleting /test_266.bin... deleted:   5149 us, speed:  1942 KB/s
Deleting /test_267.bin... deleted:   5134 us, speed:  1947 KB/s
Deleting /test_268.bin... deleted:   5180 us, speed:  1930 KB/s
Deleting /test_269.bin... deleted:   5164 us, speed:  1936 KB/s
Deleting /test_270.bin... deleted:   5226 us, speed:  1913 KB/s
Deleting /test_271.bin... deleted:   5190 us, speed:  1926 KB/s
Deleting /test_272.bin... deleted:   5264 us, speed:  1899 KB/s
Deleting /test_273.bin... deleted:  11230 us, speed:   890 KB/s
Deleting /test_274.bin... deleted:   5257 us, speed:  1902 KB/s
Deleting /test_275.bin... deleted:   5305 us, speed:  1885 KB/s
Deleting /test_276.bin... deleted:   5290 us, speed:  1890 KB/s
Deleting /test_277.bin... deleted:   5352 us, speed:  1868 KB/s
Deleting /test_278.bin... deleted:   5503 us, speed:  1817 KB/s
Deleting /test_279.bin... deleted:   5516 us, speed:  1812 KB/s
Deleting /test_280.bin... deleted:   5493 us, speed:  1820 KB/s
Deleting /test_281.bin... deleted:   5541 us, speed:  1804 KB/s
Deleting /test_282.bin... deleted:   5529 us, speed:  1808 KB/s
Deleting /test_283.bin... deleted:   5543 us, speed:  1804 KB/s
Deleting /test_284.bin... deleted:   5564 us, speed:  1797 KB/s
Deleting /test_285.bin... deleted:   5556 us, speed:  1799 KB/s
Deleting /test_286.bin... deleted:   5594 us, speed:  1787 KB/s
Deleting /test_287.bin... deleted:   5575 us, speed:  1793 KB/s
Deleting /test_288.bin... deleted:  10118 us, speed:   988 KB/s
Deleting /test_289.bin... deleted:  10596 us, speed:   943 KB/s
Deleting /test_290.bin... deleted:   4628 us, speed:  2160 KB/s
Deleting /test_291.bin... deleted:   4668 us, speed:  2142 KB/s
Deleting /test_292.bin... deleted:   4685 us, speed:  2134 KB/s
Deleting /test_293.bin... deleted:   4700 us, speed:  2127 KB/s
Deleting /test_294.bin... deleted:   4733 us, speed:  2112 KB/s
Deleting /test_295.bin... deleted:   4755 us, speed:  2103 KB/s
Deleting /test_296.bin... deleted:   4766 us, speed:  2098 KB/s
Deleting /test_297.bin... deleted:   4765 us, speed:  2098 KB/s
Deleting /test_298.bin... deleted:   4802 us, speed:  2082 KB/s
Deleting /test_299.bin... deleted:   4826 us, speed:  2072 KB/s
Deleting /test_300.bin... deleted:   4839 us, speed:  2066 KB/s
Deleting /test_301.bin... deleted:   4877 us, speed:  2050 KB/s
Deleting /test_302.bin... deleted:   4888 us, speed:  2045 KB/s
Deleting /test_303.bin... deleted:   5114 us, speed:  1955 KB/s
Deleting /test_304.bin... deleted:   5066 us, speed:  1973 KB/s
Deleting /test_305.bin... deleted:   5099 us, speed:  1961 KB/s
Deleting /test_306.bin... deleted:   5102 us, speed:  1960 KB/s
Deleting /test_307.bin... deleted:  11100 us, speed:   900 KB/s
Deleting /test_308.bin... deleted:   5133 us, speed:  1948 KB/s
Deleting /test_309.bin... deleted:   5167 us, speed:  1935 KB/s
Deleting /test_310.bin... deleted:   5206 us, speed:  1920 KB/s
Deleting /test_311.bin... deleted:   5213 us, speed:  1918 KB/s
Deleting /test_312.bin... deleted:   5254 us, speed:  1903 KB/s
Deleting /test_313.bin... deleted:   5243 us, speed:  1907 KB/s
Deleting /test_314.bin... deleted:   5262 us, speed:  1900 KB/s
Deleting /test_315.bin... deleted:   5321 us, speed:  1879 KB/s
Deleting /test_316.bin... deleted:   5319 us, speed:  1880 KB/s
Deleting /test_317.bin... deleted:   5315 us, speed:  1881 KB/s
Deleting /test_318.bin... deleted:   5368 us, speed:  1862 KB/s
Deleting /test_319.bin... deleted:   5501 us, speed:  1817 KB/s
Deleting /test_320.bin... deleted:   5551 us, speed:  1801 KB/s
Deleting /test_321.bin... deleted:   5548 us, speed:  1802 KB/s
Deleting /test_322.bin... deleted:   5556 us, speed:  1799 KB/s
Deleting /test_323.bin... deleted:  11527 us, speed:   867 KB/s
Deleting /test_324.bin... deleted:   5574 us, speed:  1794 KB/s
Deleting /test_325.bin... deleted:   5576 us, speed:  1793 KB/s
Deleting /test_326.bin... deleted:   5598 us, speed:  1786 KB/s
Deleting /test_327.bin... deleted:   5622 us, speed:  1778 KB/s
Deleting /test_328.bin... deleted:   5610 us, speed:  1782 KB/s
Deleting /test_329.bin... deleted:  10148 us, speed:   985 KB/s
Deleting /test_330.bin... deleted:   4646 us, speed:  2152 KB/s
Deleting /test_331.bin... deleted:   4653 us, speed:  2149 KB/s
Deleting /test_332.bin... deleted:   4690 us, speed:  2132 KB/s
Deleting /test_333.bin... deleted:   4716 us, speed:  2120 KB/s
Deleting /test_334.bin... deleted:   4724 us, speed:  2116 KB/s
Deleting /test_335.bin... deleted:   4750 us, speed:  2105 KB/s
Deleting /test_336.bin... deleted:   4789 us, speed:  2088 KB/s
Deleting /test_337.bin... deleted:   4777 us, speed:  2093 KB/s
Deleting /test_338.bin... deleted:   4785 us, speed:  2089 KB/s
Deleting /test_339.bin... deleted:   4823 us, speed:  2073 KB/s
Deleting /test_340.bin... deleted:   4835 us, speed:  2068 KB/s
Deleting /test_341.bin... deleted:   4864 us, speed:  2055 KB/s
Deleting /test_342.bin... deleted:   4892 us, speed:  2044 KB/s
Deleting /test_343.bin... deleted:   4909 us, speed:  2037 KB/s
Deleting /test_344.bin... deleted:   5096 us, speed:  1962 KB/s
Deleting /test_345.bin... deleted:   5086 us, speed:  1966 KB/s
Deleting /test_346.bin... deleted:   5129 us, speed:  1949 KB/s
Deleting /test_347.bin... deleted:   5140 us, speed:  1945 KB/s
Deleting /test_348.bin... deleted:   5185 us, speed:  1928 KB/s
Deleting /test_349.bin... deleted:   5166 us, speed:  1935 KB/s
Deleting /test_350.bin... deleted:   5206 us, speed:  1920 KB/s
Deleting /test_351.bin... deleted:   5230 us, speed:  1912 KB/s
Deleting /test_352.bin... deleted:   5247 us, speed:  1905 KB/s
Deleting /test_353.bin... deleted:   5248 us, speed:  1905 KB/s
Deleting /test_354.bin... deleted:   5288 us, speed:  1891 KB/s
Deleting /test_355.bin... deleted:   5300 us, speed:  1886 KB/s
Deleting /test_356.bin... deleted:   5305 us, speed:  1885 KB/s
Deleting /test_357.bin... deleted:   5348 us, speed:  1869 KB/s
Deleting /test_358.bin... deleted:   5359 us, speed:  1866 KB/s
Deleting /test_359.bin... deleted:   5404 us, speed:  1850 KB/s
Deleting /test_360.bin... deleted:   5540 us, speed:  1805 KB/s
Deleting /test_361.bin... deleted:   5568 us, speed:  1795 KB/s
Deleting /test_362.bin... deleted:   5571 us, speed:  1795 KB/s
Deleting /test_363.bin... deleted:   5555 us, speed:  1800 KB/s
Deleting /test_364.bin... deleted:   5608 us, speed:  1783 KB/s
Deleting /test_365.bin... deleted:   5578 us, speed:  1792 KB/s
Deleting /test_366.bin... deleted:   5608 us, speed:  1783 KB/s
Deleting /test_367.bin... deleted:   5597 us, speed:  1786 KB/s
Deleting /test_368.bin... deleted:   5613 us, speed:  1781 KB/s
Deleting /test_369.bin... deleted:   5664 us, speed:  1765 KB/s
Deleting /test_370.bin... deleted:  10201 us, speed:   980 KB/s
Deleting /test_371.bin... deleted:   4691 us, speed:  2131 KB/s
Deleting /test_372.bin... deleted:  10666 us, speed:   937 KB/s
Deleting /test_373.bin... deleted:   4689 us, speed:  2132 KB/s
Deleting /test_374.bin... deleted:   4732 us, speed:  2113 KB/s
Deleting /test_375.bin... deleted:   4731 us, speed:  2113 KB/s
Deleting /test_376.bin... deleted:   4802 us, speed:  2082 KB/s
Deleting /test_377.bin... deleted:   4776 us, speed:  2093 KB/s
Deleting /test_378.bin... deleted:   4836 us, speed:  2067 KB/s
Deleting /test_379.bin... deleted:   4809 us, speed:  2079 KB/s
Deleting /test_380.bin... deleted:   4845 us, speed:  2063 KB/s
Deleting /test_381.bin... deleted:   4860 us, speed:  2057 KB/s
Deleting /test_382.bin... deleted:   4886 us, speed:  2046 KB/s
Deleting /test_383.bin... deleted:   4911 us, speed:  2036 KB/s
Deleting /test_384.bin... deleted:   4939 us, speed:  2024 KB/s
Deleting /test_385.bin... deleted:   5122 us, speed:  1952 KB/s
Deleting /test_386.bin... deleted:   5141 us, speed:  1945 KB/s
Deleting /test_387.bin... deleted:   5156 us, speed:  1939 KB/s
Deleting /test_388.bin... deleted:   5177 us, speed:  1931 KB/s
Deleting /test_389.bin... deleted:   5189 us, speed:  1927 KB/s
Deleting /test_390.bin... deleted:   5186 us, speed:  1928 KB/s
Deleting /test_391.bin... deleted:   5241 us, speed:  1908 KB/s
Deleting /test_392.bin... deleted:   5239 us, speed:  1908 KB/s
Deleting /test_393.bin... deleted:   5261 us, speed:  1900 KB/s
Deleting /test_394.bin... deleted:   5291 us, speed:  1890 KB/s
Deleting /test_395.bin... deleted:   5337 us, speed:  1873 KB/s
Deleting /test_396.bin... deleted:   5303 us, speed:  1885 KB/s
Deleting /test_397.bin... deleted:   5364 us, speed:  1864 KB/s
Deleting /test_398.bin... deleted:   5353 us, speed:  1868 KB/s
Deleting /test_399.bin... deleted:   5384 us, speed:  1857 KB/s
Deleting /test_400.bin... deleted:   5404 us, speed:  1850 KB/s
Deleting /test_401.bin... deleted:   5597 us, speed:  1786 KB/s
Deleting /test_402.bin... deleted:   5559 us, speed:  1798 KB/s
Deleting /test_403.bin... deleted:   5635 us, speed:  1774 KB/s
Deleting /test_404.bin... deleted:   5580 us, speed:  1792 KB/s
Deleting /test_405.bin... deleted:   5626 us, speed:  1777 KB/s
Deleting /test_406.bin... deleted:  11579 us, speed:   863 KB/s
Deleting /test_407.bin... deleted:   5651 us, speed:  1769 KB/s
Deleting /test_408.bin... deleted:   5624 us, speed:  1778 KB/s
Deleting /test_409.bin... deleted:   5664 us, speed:  1765 KB/s
Deleting /test_410.bin... deleted:   5652 us, speed:  1769 KB/s
Deleting /test_411.bin... deleted:  10271 us, speed:   973 KB/s
Deleting /test_412.bin... deleted:   4716 us, speed:  2120 KB/s
Deleting /test_413.bin... deleted:   4716 us, speed:  2120 KB/s
Deleting /test_414.bin... deleted:   4758 us, speed:  2101 KB/s
Deleting /test_415.bin... deleted:   4751 us, speed:  2104 KB/s
Deleting /test_416.bin... deleted:   4757 us, speed:  2102 KB/s
Deleting /test_417.bin... deleted:   4783 us, speed:  2090 KB/s
Deleting /test_418.bin... deleted:   4794 us, speed:  2085 KB/s
Deleting /test_419.bin... deleted:   4878 us, speed:  2050 KB/s
Deleting /test_420.bin... deleted:   4836 us, speed:  2067 KB/s
Deleting /test_421.bin... deleted:   4852 us, speed:  2061 KB/s
Deleting /test_422.bin... deleted:  10855 us, speed:   921 KB/s
Deleting /test_423.bin... deleted:   4889 us, speed:  2045 KB/s
Deleting /test_424.bin... deleted:   4948 us, speed:  2021 KB/s
Deleting /test_425.bin... deleted:   4952 us, speed:  2019 KB/s
Deleting /test_426.bin... deleted:   5117 us, speed:  1954 KB/s
Deleting /test_427.bin... deleted:   5141 us, speed:  1945 KB/s
Deleting /test_428.bin... deleted:   5154 us, speed:  1940 KB/s
Deleting /test_429.bin... deleted:   5176 us, speed:  1931 KB/s
Deleting /test_430.bin... deleted:   5234 us, speed:  1910 KB/s
Deleting /test_431.bin... deleted:   5221 us, speed:  1915 KB/s
Deleting /test_432.bin... deleted:   5268 us, speed:  1898 KB/s
Deleting /test_433.bin... deleted:   5270 us, speed:  1897 KB/s
Deleting /test_434.bin... deleted:   5327 us, speed:  1877 KB/s
Deleting /test_435.bin... deleted:   5297 us, speed:  1887 KB/s
Deleting /test_436.bin... deleted:   5383 us, speed:  1857 KB/s
Deleting /test_437.bin... deleted:   5343 us, speed:  1871 KB/s
Deleting /test_438.bin... deleted:   5360 us, speed:  1865 KB/s
Deleting /test_439.bin... deleted:  11361 us, speed:   880 KB/s
Deleting /test_440.bin... deleted:   5427 us, speed:  1842 KB/s
Deleting /test_441.bin... deleted:   5451 us, speed:  1834 KB/s
Deleting /test_442.bin... deleted:   5598 us, speed:  1786 KB/s
Deleting /test_443.bin... deleted:   5598 us, speed:  1786 KB/s
Deleting /test_444.bin... deleted:   5634 us, speed:  1774 KB/s
Deleting /test_445.bin... deleted:   5609 us, speed:  1782 KB/s
Deleting /test_446.bin... deleted:   5645 us, speed:  1771 KB/s
Deleting /test_447.bin... deleted:   5647 us, speed:  1770 KB/s
Deleting /test_448.bin... deleted:   5652 us, speed:  1769 KB/s
Deleting /test_449.bin... deleted:   5649 us, speed:  1770 KB/s
Deleting /test_450.bin... deleted:   5676 us, speed:  1761 KB/s
Deleting /test_451.bin... deleted:   5683 us, speed:  1759 KB/s
Deleting /test_452.bin... deleted:  10355 us, speed:   965 KB/s
Deleting /test_453.bin... deleted:   4729 us, speed:  2114 KB/s
Deleting /test_454.bin... deleted:  10563 us, speed:   946 KB/s
Deleting /test_455.bin... deleted:   4772 us, speed:  2095 KB/s
Deleting /test_456.bin... deleted:   4789 us, speed:  2088 KB/s
Deleting /test_457.bin... deleted:   4781 us, speed:  2091 KB/s
Deleting /test_458.bin... deleted:   4823 us, speed:  2073 KB/s
Deleting /test_459.bin... deleted:   4830 us, speed:  2070 KB/s
Deleting /test_460.bin... deleted:   4885 us, speed:  2047 KB/s
Deleting /test_461.bin... deleted:   4869 us, speed:  2053 KB/s
Deleting /test_462.bin... deleted:   4886 us, speed:  2046 KB/s
Deleting /test_463.bin... deleted:   4924 us, speed:  2030 KB/s
Deleting /test_464.bin... deleted:   4973 us, speed:  2010 KB/s
Deleting /test_465.bin... deleted:   4940 us, speed:  2024 KB/s
Deleting /test_466.bin... deleted:   5011 us, speed:  1995 KB/s
Deleting /test_467.bin... deleted:   5153 us, speed:  1940 KB/s
Deleting /test_468.bin... deleted:   5232 us, speed:  1911 KB/s
Deleting /test_469.bin... deleted:   5191 us, speed:  1926 KB/s
Deleting /test_470.bin... deleted:   5234 us, speed:  1910 KB/s
Deleting /test_471.bin... deleted:   5223 us, speed:  1914 KB/s
Deleting /test_472.bin... deleted:  11225 us, speed:   890 KB/s
Deleting /test_473.bin... deleted:   5291 us, speed:  1890 KB/s
Deleting /test_474.bin... deleted:   5278 us, speed:  1894 KB/s
Deleting /test_475.bin... deleted:   5342 us, speed:  1871 KB/s
Deleting /test_476.bin... deleted:   5321 us, speed:  1879 KB/s
Deleting /test_477.bin... deleted:   5338 us, speed:  1873 KB/s
Deleting /test_478.bin... deleted:   5369 us, speed:  1862 KB/s
Deleting /test_479.bin... deleted:   5395 us, speed:  1853 KB/s
Deleting /test_480.bin... deleted:   5423 us, speed:  1843 KB/s
Deleting /test_481.bin... deleted:   5420 us, speed:  1845 KB/s
Deleting /test_482.bin... deleted:   5466 us, speed:  1829 KB/s
Deleting /test_483.bin... deleted:   5610 us, speed:  1782 KB/s
Deleting /test_484.bin... deleted:   5633 us, speed:  1775 KB/s
Deleting /test_485.bin... deleted:   5657 us, speed:  1767 KB/s
Deleting /test_486.bin... deleted:   5659 us, speed:  1767 KB/s
Deleting /test_487.bin... deleted:   5661 us, speed:  1766 KB/s
Deleting /test_488.bin... deleted:  11483 us, speed:   870 KB/s
Deleting /test_489.bin... deleted:   5670 us, speed:  1763 KB/s
Deleting /test_490.bin... deleted:   5690 us, speed:  1757 KB/s
Deleting /test_491.bin... deleted:   5678 us, speed:  1761 KB/s
Deleting /test_492.bin... deleted:   5724 us, speed:  1747 KB/s
Deleting /test_493.bin... deleted:  10366 us, speed:   964 KB/s
Deleting /test_494.bin... deleted:   4756 us, speed:  2102 KB/s
Deleting /test_495.bin... deleted:   4785 us, speed:  2089 KB/s
Deleting /test_496.bin... deleted:   4782 us, speed:  2091 KB/s
Deleting /test_497.bin... deleted:   4813 us, speed:  2077 KB/s
Deleting /test_498.bin... deleted:   4818 us, speed:  2075 KB/s
Deleting /test_499.bin... deleted:   4822 us, speed:  2073 KB/s
Deleting /test_500.bin... deleted:   4871 us, speed:  2052 KB/s
Deleting /test_501.bin... deleted:   4872 us, speed:  2052 KB/s
Deleting /test_502.bin... deleted:   4908 us, speed:  2037 KB/s
Deleting /test_503.bin... deleted:   4909 us, speed:  2037 KB/s
Deleting /test_504.bin... deleted:  10801 us, speed:   925 KB/s
Deleting /test_505.bin... deleted:   4969 us, speed:  2012 KB/s
Deleting /test_506.bin... deleted:   4956 us, speed:  2017 KB/s
Deleting /test_507.bin... deleted:   5020 us, speed:  1992 KB/s
Deleting /test_508.bin... deleted:   5194 us, speed:  1925 KB/s
Deleting /test_509.bin... deleted:   5212 us, speed:  1918 KB/s
Deleting /test_510.bin... deleted:   5210 us, speed:  1919 KB/s
Deleting /test_511.bin... deleted:   5252 us, speed:  1904 KB/s
Deleting /test_512.bin... deleted:   5280 us, speed:  1893 KB/s
Deleting /test_513.bin... deleted:   5258 us, speed:  1901 KB/s
Deleting /test_514.bin... deleted:   5303 us, speed:  1885 KB/s
Deleting /test_515.bin... deleted:   5313 us, speed:  1882 KB/s
Deleting /test_516.bin... deleted:   5358 us, speed:  1866 KB/s
Deleting /test_517.bin... deleted:   5347 us, speed:  1870 KB/s
Deleting /test_518.bin... deleted:   5380 us, speed:  1858 KB/s
Deleting /test_519.bin... deleted:   5403 us, speed:  1850 KB/s
Deleting /test_520.bin... deleted:   5417 us, speed:  1846 KB/s
Deleting /test_521.bin... deleted:  11407 us, speed:   876 KB/s
Deleting /test_522.bin... deleted:   5457 us, speed:  1832 KB/s
Deleting /test_523.bin... deleted:   5474 us, speed:  1826 KB/s
Deleting /test_524.bin... deleted:   5643 us, speed:  1772 KB/s
Deleting /test_525.bin... deleted:   5637 us, speed:  1773 KB/s
Deleting /test_526.bin... deleted:   5646 us, speed:  1771 KB/s
Deleting /test_527.bin... deleted:   5676 us, speed:  1761 KB/s
Deleting /test_528.bin... deleted:   5693 us, speed:  1756 KB/s
Deleting /test_529.bin... deleted:   5676 us, speed:  1761 KB/s
Deleting /test_530.bin... deleted:   5722 us, speed:  1747 KB/s
Deleting /test_531.bin... deleted:   5691 us, speed:  1757 KB/s
Deleting /test_532.bin... deleted:   5722 us, speed:  1747 KB/s
Deleting /test_533.bin... deleted:   5727 us, speed:  1746 KB/s
Deleting /test_534.bin... deleted:  10433 us, speed:   958 KB/s
Deleting /test_535.bin... deleted:   4760 us, speed:  2100 KB/s
Deleting /test_536.bin... deleted:   4809 us, speed:  2079 KB/s
Deleting /test_537.bin... deleted:   4802 us, speed:  2082 KB/s
Deleting /test_538.bin... deleted:   4813 us, speed:  2077 KB/s
Deleting /test_539.bin... deleted:   4835 us, speed:  2068 KB/s
Deleting /test_540.bin... deleted:   4864 us, speed:  2055 KB/s
Deleting /test_541.bin... deleted:   4884 us, speed:  2047 KB/s
Deleting /test_542.bin... deleted:   4924 us, speed:  2030 KB/s
Deleting /test_543.bin... deleted:   4916 us, speed:  2034 KB/s
Deleting /test_544.bin... deleted:   4924 us, speed:  2030 KB/s
Deleting /test_545.bin... deleted:   4942 us, speed:  2023 KB/s
Deleting /test_546.bin... deleted:   4985 us, speed:  2006 KB/s
Deleting /test_547.bin... deleted:   4995 us, speed:  2002 KB/s
Deleting /test_548.bin... deleted:   5047 us, speed:  1981 KB/s
Deleting /test_549.bin... deleted:   5191 us, speed:  1926 KB/s
Deleting /test_550.bin... deleted:   5273 us, speed:  1896 KB/s
Deleting /test_551.bin... deleted:   5238 us, speed:  1909 KB/s
Deleting /test_552.bin... deleted:   5286 us, speed:  1891 KB/s
Deleting /test_553.bin... deleted:  11107 us, speed:   900 KB/s
Deleting /test_554.bin... deleted:   5282 us, speed:  1893 KB/s
Deleting /test_555.bin... deleted:   5351 us, speed:  1868 KB/s
Deleting /test_556.bin... deleted:   5319 us, speed:  1880 KB/s
Deleting /test_557.bin... deleted:   5386 us, speed:  1856 KB/s
Deleting /test_558.bin... deleted:   5381 us, speed:  1858 KB/s
Deleting /test_559.bin... deleted:   5415 us, speed:  1846 KB/s
Deleting /test_560.bin... deleted:   5400 us, speed:  1851 KB/s
Deleting /test_561.bin... deleted:   5472 us, speed:  1827 KB/s
Deleting /test_562.bin... deleted:   5464 us, speed:  1830 KB/s
Deleting /test_563.bin... deleted:   5480 us, speed:  1824 KB/s
Deleting /test_564.bin... deleted:   5521 us, speed:  1811 KB/s
Deleting /test_565.bin... deleted:   5675 us, speed:  1762 KB/s
Deleting /test_566.bin... deleted:   5713 us, speed:  1750 KB/s
Deleting /test_567.bin... deleted:   5670 us, speed:  1763 KB/s
Deleting /test_568.bin... deleted:   5704 us, speed:  1753 KB/s
Deleting /test_569.bin... deleted:  11544 us, speed:   866 KB/s
Deleting /test_570.bin... deleted:   5694 us, speed:  1756 KB/s
Deleting /test_571.bin... deleted:   5706 us, speed:  1752 KB/s
Deleting /test_572.bin... deleted:   5713 us, speed:  1750 KB/s
Deleting /test_573.bin... deleted:   5752 us, speed:  1738 KB/s
Deleting /test_574.bin... deleted:   5750 us, speed:  1739 KB/s
Deleting /test_575.bin... deleted:  10478 us, speed:   954 KB/s
Deleting /test_576.bin... deleted:   4781 us, speed:  2091 KB/s
Deleting /test_577.bin... deleted:   4812 us, speed:  2078 KB/s
Deleting /test_578.bin... deleted:   4818 us, speed:  2075 KB/s
Deleting /test_579.bin... deleted:   4837 us, speed:  2067 KB/s
Deleting /test_580.bin... deleted:   4886 us, speed:  2046 KB/s
Deleting /test_581.bin... deleted:   4900 us, speed:  2040 KB/s
Deleting /test_582.bin... deleted:   4904 us, speed:  2039 KB/s
Deleting /test_583.bin... deleted:   4916 us, speed:  2034 KB/s
Deleting /test_584.bin... deleted:   4944 us, speed:  2022 KB/s
Deleting /test_585.bin... deleted:  10945 us, speed:   913 KB/s
Deleting /test_586.bin... deleted:   4976 us, speed:  2009 KB/s
Deleting /test_587.bin... deleted:   4993 us, speed:  2002 KB/s
Deleting /test_588.bin... deleted:   5005 us, speed:  1998 KB/s
Deleting /test_589.bin... deleted:   5095 us, speed:  1962 KB/s
Deleting /test_590.bin... deleted:   5231 us, speed:  1911 KB/s
Deleting /test_591.bin... deleted:   5265 us, speed:  1899 KB/s
Deleting /test_592.bin... deleted:   5247 us, speed:  1905 KB/s
Deleting /test_593.bin... deleted:   5313 us, speed:  1882 KB/s
Deleting /test_594.bin... deleted:   5306 us, speed:  1884 KB/s
Deleting /test_595.bin... deleted:   5360 us, speed:  1865 KB/s
Deleting /test_596.bin... deleted:   5328 us, speed:  1876 KB/s
Deleting /test_597.bin... deleted:   5391 us, speed:  1854 KB/s
Deleting /test_598.bin... deleted:   5382 us, speed:  1858 KB/s
Deleting /test_599.bin... deleted:   5405 us, speed:  1850 KB/s
Deleting /test_600.bin... deleted:   5442 us, speed:  1837 KB/s
Deleting /test_601.bin... deleted:   5432 us, speed:  1840 KB/s
Deleting /test_602.bin... deleted:  11430 us, speed:   874 KB/s
Deleting /test_603.bin... deleted:   5510 us, speed:  1814 KB/s
Deleting /test_604.bin... deleted:   5498 us, speed:  1818 KB/s
Deleting /test_605.bin... deleted:   5572 us, speed:  1794 KB/s
Deleting /test_606.bin... deleted:   5667 us, speed:  1764 KB/s
Deleting /test_607.bin... deleted:   5721 us, speed:  1747 KB/s
Deleting /test_608.bin... deleted:   5684 us, speed:  1759 KB/s
Deleting /test_609.bin... deleted:   5764 us, speed:  1734 KB/s
Deleting /test_610.bin... deleted:   5733 us, speed:  1744 KB/s
Deleting /test_611.bin... deleted:   5735 us, speed:  1743 KB/s
Deleting /test_612.bin... deleted:   5769 us, speed:  1733 KB/s
Deleting /test_613.bin... deleted:   5744 us, speed:  1740 KB/s
Deleting /test_614.bin... deleted:   5812 us, speed:  1720 KB/s
Deleting /test_615.bin... deleted:   5749 us, speed:  1739 KB/s
Deleting /test_616.bin... deleted:  16546 us, speed:   604 KB/s
Deleting /test_617.bin... deleted:   4798 us, speed:  2084 KB/s
Deleting /test_618.bin... deleted:   4849 us, speed:  2062 KB/s
Deleting /test_619.bin... deleted:   4841 us, speed:  2065 KB/s
Deleting /test_620.bin... deleted:   4898 us, speed:  2041 KB/s
Deleting /test_621.bin... deleted:   4886 us, speed:  2046 KB/s
Deleting /test_622.bin... deleted:   4923 us, speed:  2031 KB/s
Deleting /test_623.bin... deleted:   4907 us, speed:  2037 KB/s
Deleting /test_624.bin... deleted:   4986 us, speed:  2005 KB/s
Deleting /test_625.bin... deleted:   4976 us, speed:  2009 KB/s
Deleting /test_626.bin... deleted:   4970 us, speed:  2012 KB/s
Deleting /test_627.bin... deleted:   5008 us, speed:  1996 KB/s
Deleting /test_628.bin... deleted:   5046 us, speed:  1981 KB/s
Deleting /test_629.bin... deleted:   5038 us, speed:  1984 KB/s
Deleting /test_630.bin... deleted:   5121 us, speed:  1952 KB/s
Deleting /test_631.bin... deleted:   5247 us, speed:  1905 KB/s
Deleting /test_632.bin... deleted:   5257 us, speed:  1902 KB/s
Deleting /test_633.bin... deleted:   5285 us, speed:  1892 KB/s
Deleting /test_634.bin... deleted:  11283 us, speed:   886 KB/s
Deleting /test_635.bin... deleted:   5336 us, speed:  1874 KB/s
Deleting /test_636.bin... deleted:   5329 us, speed:  1876 KB/s
Deleting /test_637.bin... deleted:   5384 us, speed:  1857 KB/s
Deleting /test_638.bin... deleted:   5379 us, speed:  1859 KB/s
Deleting /test_639.bin... deleted:   5420 us, speed:  1845 KB/s
Deleting /test_640.bin... deleted:   5415 us, speed:  1846 KB/s
Deleting /test_641.bin... deleted:   5472 us, speed:  1827 KB/s
Deleting /test_642.bin... deleted:   5471 us, speed:  1827 KB/s
Deleting /test_643.bin... deleted:   5492 us, speed:  1820 KB/s
Deleting /test_644.bin... deleted:   5501 us, speed:  1817 KB/s
Deleting /test_645.bin... deleted:   5510 us, speed:  1814 KB/s
Deleting /test_646.bin... deleted:   5574 us, speed:  1794 KB/s
Deleting /test_647.bin... deleted:   5729 us, speed:  1745 KB/s
Deleting /test_648.bin... deleted:   5704 us, speed:  1753 KB/s
Deleting /test_649.bin... deleted:   5739 us, speed:  1742 KB/s
Deleting /test_650.bin... deleted:  11710 us, speed:   853 KB/s
Deleting /test_651.bin... deleted:   5761 us, speed:  1735 KB/s
Deleting /test_652.bin... deleted:   5775 us, speed:  1731 KB/s
Deleting /test_653.bin... deleted:   5774 us, speed:  1731 KB/s
Deleting /test_654.bin... deleted:   5800 us, speed:  1724 KB/s
Deleting /test_655.bin... deleted:   5768 us, speed:  1733 KB/s
Deleting /test_656.bin... deleted:   5804 us, speed:  1722 KB/s
Deleting /test_657.bin... deleted:  10651 us, speed:   938 KB/s
Deleting /test_658.bin... deleted:   4843 us, speed:  2064 KB/s
Deleting /test_659.bin... deleted:   4873 us, speed:  2052 KB/s
Deleting /test_660.bin... deleted:   4869 us, speed:  2053 KB/s
Deleting /test_661.bin... deleted:   4902 us, speed:  2039 KB/s
Deleting /test_662.bin... deleted:   4923 us, speed:  2031 KB/s
Deleting /test_663.bin... deleted:   4949 us, speed:  2020 KB/s
Deleting /test_664.bin... deleted:   4961 us, speed:  2015 KB/s
Deleting /test_665.bin... deleted:  10940 us, speed:   914 KB/s
Deleting /test_666.bin... deleted:   5003 us, speed:  1998 KB/s
Deleting /test_667.bin... deleted:   5023 us, speed:  1990 KB/s
Deleting /test_668.bin... deleted:   5045 us, speed:  1982 KB/s
Deleting /test_669.bin... deleted:   5035 us, speed:  1986 KB/s
Deleting /test_670.bin... deleted:   5090 us, speed:  1964 KB/s
Deleting /test_671.bin... deleted:   5130 us, speed:  1949 KB/s
Deleting /test_672.bin... deleted:   5294 us, speed:  1888 KB/s
Deleting /test_673.bin... deleted:   5273 us, speed:  1896 KB/s
Deleting /test_674.bin... deleted:   5339 us, speed:  1873 KB/s
Deleting /test_675.bin... deleted:   5348 us, speed:  1869 KB/s
Deleting /test_676.bin... deleted:   5355 us, speed:  1867 KB/s
Deleting /test_677.bin... deleted:   5388 us, speed:  1855 KB/s
Deleting /test_678.bin... deleted:   5402 us, speed:  1851 KB/s
Deleting /test_679.bin... deleted:   5425 us, speed:  1843 KB/s
Deleting /test_680.bin... deleted:   5438 us, speed:  1838 KB/s
Deleting /test_681.bin... deleted:   5458 us, speed:  1832 KB/s
Deleting /test_682.bin... deleted:  11409 us, speed:   876 KB/s
Deleting /test_683.bin... deleted:   5475 us, speed:  1826 KB/s
Deleting /test_684.bin... deleted:   5516 us, speed:  1812 KB/s
Deleting /test_685.bin... deleted:   5509 us, speed:  1815 KB/s
Deleting /test_686.bin... deleted:   5551 us, speed:  1801 KB/s
Deleting /test_687.bin... deleted:   5611 us, speed:  1782 KB/s
Deleting /test_688.bin... deleted:   5743 us, speed:  1741 KB/s
Deleting /test_689.bin... deleted:   5746 us, speed:  1740 KB/s
Deleting /test_690.bin... deleted:   5772 us, speed:  1732 KB/s
Deleting /test_691.bin... deleted:   5771 us, speed:  1732 KB/s
Deleting /test_692.bin... deleted:   5768 us, speed:  1733 KB/s
Deleting /test_693.bin... deleted:   5792 us, speed:  1726 KB/s
Deleting /test_694.bin... deleted:   5824 us, speed:  1717 KB/s
Deleting /test_695.bin... deleted:   5817 us, speed:  1719 KB/s
Deleting /test_696.bin... deleted:   5801 us, speed:  1723 KB/s
Deleting /test_697.bin... deleted:  11780 us, speed:   848 KB/s
Deleting /test_698.bin... deleted:  10671 us, speed:   937 KB/s
Deleting /test_699.bin... deleted:   4878 us, speed:  2050 KB/s
Deleting /test_700.bin... deleted:   4881 us, speed:  2048 KB/s
Deleting /test_701.bin... deleted:   4915 us, speed:  2034 KB/s
Deleting /test_702.bin... deleted:   4937 us, speed:  2025 KB/s
Deleting /test_703.bin... deleted:   4927 us, speed:  2029 KB/s
Deleting /test_704.bin... deleted:   4951 us, speed:  2019 KB/s
Deleting /test_705.bin... deleted:   4973 us, speed:  2010 KB/s
Deleting /test_706.bin... deleted:   5003 us, speed:  1998 KB/s
Deleting /test_707.bin... deleted:   5025 us, speed:  1990 KB/s
Deleting /test_708.bin... deleted:   5028 us, speed:  1988 KB/s
Deleting /test_709.bin... deleted:   5066 us, speed:  1973 KB/s
Deleting /test_710.bin... deleted:   5080 us, speed:  1968 KB/s
Deleting /test_711.bin... deleted:   5106 us, speed:  1958 KB/s
Deleting /test_712.bin... deleted:   5132 us, speed:  1948 KB/s
Deleting /test_713.bin... deleted:   5314 us, speed:  1881 KB/s
Deleting /test_714.bin... deleted:  11283 us, speed:   886 KB/s
Deleting /test_715.bin... deleted:   5349 us, speed:  1869 KB/s
Deleting /test_716.bin... deleted:   5377 us, speed:  1859 KB/s
Deleting /test_717.bin... deleted:   5378 us, speed:  1859 KB/s
Deleting /test_718.bin... deleted:   5410 us, speed:  1848 KB/s
Deleting /test_719.bin... deleted:   5426 us, speed:  1842 KB/s
Deleting /test_720.bin... deleted:   5441 us, speed:  1837 KB/s
Deleting /test_721.bin... deleted:   5454 us, speed:  1833 KB/s
Deleting /test_722.bin... deleted:   5502 us, speed:  1817 KB/s
Deleting /test_723.bin... deleted:   5484 us, speed:  1823 KB/s
Deleting /test_724.bin... deleted:   5501 us, speed:  1817 KB/s
Deleting /test_725.bin... deleted:   5572 us, speed:  1794 KB/s
Deleting /test_726.bin... deleted:   5539 us, speed:  1805 KB/s
Deleting /test_727.bin... deleted:   5636 us, speed:  1774 KB/s
Deleting /test_728.bin... deleted:   5595 us, speed:  1787 KB/s
Deleting /test_729.bin... deleted:   5757 us, speed:  1737 KB/s
Deleting /test_730.bin... deleted:  11743 us, speed:   851 KB/s
Deleting /test_731.bin... deleted:   5787 us, speed:  1728 KB/s
Deleting /test_732.bin... deleted:   5797 us, speed:  1725 KB/s
Deleting /test_733.bin... deleted:   5814 us, speed:  1719 KB/s
Deleting /test_734.bin... deleted:   5785 us, speed:  1728 KB/s
Deleting /test_735.bin... deleted:   5854 us, speed:  1708 KB/s
Deleting /test_736.bin... deleted:   5806 us, speed:  1722 KB/s
Deleting /test_737.bin... deleted:   5876 us, speed:  1701 KB/s
Deleting /test_738.bin... deleted:   5846 us, speed:  1710 KB/s
Deleting /test_739.bin... deleted:  10747 us, speed:   930 KB/s
Deleting /test_740.bin... deleted:   4902 us, speed:  2039 KB/s
Deleting /test_741.bin... deleted:   4934 us, speed:  2026 KB/s
Deleting /test_742.bin... deleted:   4925 us, speed:  2030 KB/s
Deleting /test_743.bin... deleted:   4936 us, speed:  2025 KB/s
Deleting /test_744.bin... deleted:   4984 us, speed:  2006 KB/s
Deleting /test_745.bin... deleted:  10876 us, speed:   919 KB/s
Deleting /test_746.bin... deleted:   5000 us, speed:  2000 KB/s
Deleting /test_747.bin... deleted:   5039 us, speed:  1984 KB/s
Deleting /test_748.bin... deleted:   5026 us, speed:  1989 KB/s
Deleting /test_749.bin... deleted:   5097 us, speed:  1961 KB/s
Deleting /test_750.bin... deleted:   5068 us, speed:  1973 KB/s
Deleting /test_751.bin... deleted:   5101 us, speed:  1960 KB/s
Deleting /test_752.bin... deleted:   5100 us, speed:  1960 KB/s
Deleting /test_753.bin... deleted:   5178 us, speed:  1931 KB/s
Deleting /test_754.bin... deleted:   5318 us, speed:  1880 KB/s
Deleting /test_755.bin... deleted:   5368 us, speed:  1862 KB/s
Deleting /test_756.bin... deleted:   5365 us, speed:  1863 KB/s
Deleting /test_757.bin... deleted:   5397 us, speed:  1852 KB/s
Deleting /test_758.bin... deleted:   5437 us, speed:  1839 KB/s
Deleting /test_759.bin... deleted:   5430 us, speed:  1841 KB/s
Deleting /test_760.bin... deleted:   5429 us, speed:  1841 KB/s
Deleting /test_761.bin... deleted:   5441 us, speed:  1837 KB/s
Deleting /test_762.bin... deleted:   5481 us, speed:  1824 KB/s
Deleting /test_763.bin... deleted:   5519 us, speed:  1811 KB/s
Deleting /test_764.bin... deleted:   5511 us, speed:  1814 KB/s
Deleting /test_765.bin... deleted:   5550 us, speed:  1801 KB/s
Deleting /test_766.bin... deleted:   5545 us, speed:  1803 KB/s
Deleting /test_767.bin... deleted:   5585 us, speed:  1790 KB/s
Deleting /test_768.bin... deleted:   5580 us, speed:  1792 KB/s
Deleting /test_769.bin... deleted:   5652 us, speed:  1769 KB/s
Deleting /test_770.bin... deleted:   5763 us, speed:  1735 KB/s
Deleting /test_771.bin... deleted:   5809 us, speed:  1721 KB/s
Deleting /test_772.bin... deleted:   5791 us, speed:  1726 KB/s
Deleting /test_773.bin... deleted:   5796 us, speed:  1725 KB/s
Deleting /test_774.bin... deleted:   5854 us, speed:  1708 KB/s
Deleting /test_775.bin... deleted:   5819 us, speed:  1718 KB/s
Deleting /test_776.bin... deleted:   5848 us, speed:  1709 KB/s
Deleting /test_777.bin... deleted:  11832 us, speed:   845 KB/s
Deleting /test_778.bin... deleted:   5873 us, speed:  1702 KB/s
Deleting /test_779.bin... deleted:   5880 us, speed:  1700 KB/s
Deleting /test_780.bin... deleted:  10776 us, speed:   927 KB/s
Deleting /test_781.bin... deleted:   4930 us, speed:  2028 KB/s
Deleting /test_782.bin... deleted:   4920 us, speed:  2032 KB/s
Deleting /test_783.bin... deleted:   4940 us, speed:  2024 KB/s
Deleting /test_784.bin... deleted:   4976 us, speed:  2009 KB/s
Deleting /test_785.bin... deleted:   5001 us, speed:  1999 KB/s
Deleting /test_786.bin... deleted:   5009 us, speed:  1996 KB/s
Deleting /test_787.bin... deleted:   5052 us, speed:  1979 KB/s
Deleting /test_788.bin... deleted:   5055 us, speed:  1978 KB/s
Deleting /test_789.bin... deleted:   5071 us, speed:  1971 KB/s
Deleting /test_790.bin... deleted:   5084 us, speed:  1966 KB/s
Deleting /test_791.bin... deleted:   5116 us, speed:  1954 KB/s
Deleting /test_792.bin... deleted:   5127 us, speed:  1950 KB/s
Deleting /test_793.bin... deleted:  11117 us, speed:   899 KB/s
Deleting /test_794.bin... deleted:   5171 us, speed:  1933 KB/s
Deleting /test_795.bin... deleted:   5343 us, speed:  1871 KB/s
Deleting /test_796.bin... deleted:   5349 us, speed:  1869 KB/s
Deleting /test_797.bin... deleted:   5390 us, speed:  1855 KB/s
Deleting /test_798.bin... deleted:   5414 us, speed:  1847 KB/s
Deleting /test_799.bin... deleted:   5417 us, speed:  1846 KB/s
Deleting /test_800.bin... deleted:   5472 us, speed:  1827 KB/s
Deleting /test_801.bin... deleted:   5467 us, speed:  1829 KB/s
Deleting /test_802.bin... deleted:   5485 us, speed:  1823 KB/s
Deleting /test_803.bin... deleted:   5489 us, speed:  1821 KB/s
Deleting /test_804.bin... deleted:   5523 us, speed:  1810 KB/s
Deleting /test_805.bin... deleted:   5532 us, speed:  1807 KB/s
Deleting /test_806.bin... deleted:   5593 us, speed:  1787 KB/s
Deleting /test_807.bin... deleted:   5566 us, speed:  1796 KB/s
Deleting /test_808.bin... deleted:   5614 us, speed:  1781 KB/s
Deleting /test_809.bin... deleted:  11579 us, speed:   863 KB/s
Deleting /test_810.bin... deleted:   5675 us, speed:  1762 KB/s
Deleting /test_811.bin... deleted:   5812 us, speed:  1720 KB/s
Deleting /test_812.bin... deleted:   5821 us, speed:  1717 KB/s
Deleting /test_813.bin... deleted:   5819 us, speed:  1718 KB/s
Deleting /test_814.bin... deleted:   5844 us, speed:  1711 KB/s
Deleting /test_815.bin... deleted:   5841 us, speed:  1712 KB/s
Deleting /test_816.bin... deleted:   5863 us, speed:  1705 KB/s
Deleting /test_817.bin... deleted:   5870 us, speed:  1703 KB/s
Deleting /test_818.bin... deleted:   5866 us, speed:  1704 KB/s
Deleting /test_819.bin... deleted:   5920 us, speed:  1689 KB/s
Deleting /test_820.bin... deleted:   5885 us, speed:  1699 KB/s
Deleting /test_821.bin... deleted:  10854 us, speed:   921 KB/s
Deleting /test_822.bin... deleted:   5125 us, speed:  1951 KB/s
Deleting /test_823.bin... deleted:   5107 us, speed:  1958 KB/s
Deleting /test_824.bin... deleted:   5135 us, speed:  1947 KB/s
Deleting /test_825.bin... deleted:   5184 us, speed:  1929 KB/s
Deleting /test_826.bin... deleted:   5171 us, speed:  1933 KB/s
Deleting /test_827.bin... deleted:   5215 us, speed:  1917 KB/s
Deleting /test_828.bin... deleted:   5210 us, speed:  1919 KB/s
Deleting /test_829.bin... deleted:   5246 us, speed:  1906 KB/s
Deleting /test_830.bin... deleted:   5241 us, speed:  1908 KB/s
Deleting /test_831.bin... deleted:   5279 us, speed:  1894 KB/s
Deleting /test_832.bin... deleted:   5286 us, speed:  1891 KB/s
Deleting /test_833.bin... deleted:   5300 us, speed:  1886 KB/s
Deleting /test_834.bin... deleted:   5326 us, speed:  1877 KB/s
Deleting /test_835.bin... deleted:   5383 us, speed:  1857 KB/s
Deleting /test_836.bin... deleted:   5551 us, speed:  1801 KB/s
Deleting /test_837.bin... deleted:   5566 us, speed:  1796 KB/s
Deleting /test_838.bin... deleted:   5595 us, speed:  1787 KB/s
Deleting /test_839.bin... deleted:   5609 us, speed:  1782 KB/s
Deleting /test_840.bin... deleted:  11591 us, speed:   862 KB/s
Deleting /test_841.bin... deleted:   5654 us, speed:  1768 KB/s
Deleting /test_842.bin... deleted:   5639 us, speed:  1773 KB/s
Deleting /test_843.bin... deleted:   5675 us, speed:  1762 KB/s
Deleting /test_844.bin... deleted:   5678 us, speed:  1761 KB/s
Deleting /test_845.bin... deleted:   5723 us, speed:  1747 KB/s
Deleting /test_846.bin... deleted:   5749 us, speed:  1739 KB/s
Deleting /test_847.bin... deleted:   5752 us, speed:  1738 KB/s
Deleting /test_848.bin... deleted:   5759 us, speed:  1736 KB/s
Deleting /test_849.bin... deleted:   5811 us, speed:  1720 KB/s
Deleting /test_850.bin... deleted:   5828 us, speed:  1715 KB/s
Deleting /test_851.bin... deleted:   5856 us, speed:  1707 KB/s
Deleting /test_852.bin... deleted:   6016 us, speed:  1662 KB/s
Deleting /test_853.bin... deleted:   6013 us, speed:  1663 KB/s
Deleting /test_854.bin... deleted:   6030 us, speed:  1658 KB/s
Deleting /test_855.bin... deleted:  11922 us, speed:   838 KB/s
Deleting /test_856.bin... deleted:   6041 us, speed:  1655 KB/s
Deleting /test_857.bin... deleted:   6074 us, speed:  1646 KB/s
Deleting /test_858.bin... deleted:   6065 us, speed:  1648 KB/s
Deleting /test_859.bin... deleted:   6078 us, speed:  1645 KB/s
Deleting /test_860.bin... deleted:   6083 us, speed:  1643 KB/s
Deleting /test_861.bin... deleted:   6094 us, speed:  1640 KB/s
Deleting /test_862.bin... deleted:  11224 us, speed:   890 KB/s
Deleting /test_863.bin... deleted:   5136 us, speed:  1947 KB/s
Deleting /test_864.bin... deleted:   5149 us, speed:  1942 KB/s
Deleting /test_865.bin... deleted:   5170 us, speed:  1934 KB/s
Deleting /test_866.bin... deleted:   5180 us, speed:  1930 KB/s
Deleting /test_867.bin... deleted:   5236 us, speed:  1909 KB/s
Deleting /test_868.bin... deleted:   5222 us, speed:  1914 KB/s
Deleting /test_869.bin... deleted:   5230 us, speed:  1912 KB/s
Deleting /test_870.bin... deleted:  11214 us, speed:   891 KB/s
Deleting /test_871.bin... deleted:   5280 us, speed:  1893 KB/s
Deleting /test_872.bin... deleted:   5324 us, speed:  1878 KB/s
Deleting /test_873.bin... deleted:   5300 us, speed:  1886 KB/s
Deleting /test_874.bin... deleted:   5351 us, speed:  1868 KB/s
Deleting /test_875.bin... deleted:   5368 us, speed:  1862 KB/s
Deleting /test_876.bin... deleted:   5405 us, speed:  1850 KB/s
Deleting /test_877.bin... deleted:   5568 us, speed:  1795 KB/s
Deleting /test_878.bin... deleted:   5603 us, speed:  1784 KB/s
Deleting /test_879.bin... deleted:   5617 us, speed:  1780 KB/s
Deleting /test_880.bin... deleted:   5644 us, speed:  1771 KB/s
Deleting /test_881.bin... deleted:   5657 us, speed:  1767 KB/s
Deleting /test_882.bin... deleted:   5668 us, speed:  1764 KB/s
Deleting /test_883.bin... deleted:   5723 us, speed:  1747 KB/s
Deleting /test_884.bin... deleted:   5689 us, speed:  1757 KB/s
Deleting /test_885.bin... deleted:   5720 us, speed:  1748 KB/s
Deleting /test_886.bin... deleted:  11572 us, speed:   864 KB/s
Deleting /test_887.bin... deleted:   5752 us, speed:  1738 KB/s
Deleting /test_888.bin... deleted:   5784 us, speed:  1728 KB/s
Deleting /test_889.bin... deleted:   5801 us, speed:  1723 KB/s
Deleting /test_890.bin... deleted:   5828 us, speed:  1715 KB/s
Deleting /test_891.bin... deleted:   5867 us, speed:  1704 KB/s
Deleting /test_892.bin... deleted:   5869 us, speed:  1703 KB/s
Deleting /test_893.bin... deleted:   6051 us, speed:  1652 KB/s
Deleting /test_894.bin... deleted:   6045 us, speed:  1654 KB/s
Deleting /test_895.bin... deleted:   6066 us, speed:  1648 KB/s
Deleting /test_896.bin... deleted:   6055 us, speed:  1651 KB/s
Deleting /test_897.bin... deleted:   6069 us, speed:  1647 KB/s
Deleting /test_898.bin... deleted:   6117 us, speed:  1634 KB/s
Deleting /test_899.bin... deleted:   6062 us, speed:  1649 KB/s
Deleting /test_900.bin... deleted:   6080 us, speed:  1644 KB/s
Deleting /test_901.bin... deleted:  11931 us, speed:   838 KB/s
Deleting /test_902.bin... deleted:   6146 us, speed:  1627 KB/s
Deleting /test_903.bin... deleted:  11275 us, speed:   886 KB/s
Deleting /test_904.bin... deleted:   5143 us, speed:  1944 KB/s
Deleting /test_905.bin... deleted:   5169 us, speed:  1934 KB/s
Deleting /test_906.bin... deleted:   5180 us, speed:  1930 KB/s
Deleting /test_907.bin... deleted:   5252 us, speed:  1904 KB/s
Deleting /test_908.bin... deleted:   5210 us, speed:  1919 KB/s
Deleting /test_909.bin... deleted:   5281 us, speed:  1893 KB/s
Deleting /test_910.bin... deleted:   5249 us, speed:  1905 KB/s
Deleting /test_911.bin... deleted:   5294 us, speed:  1888 KB/s
Deleting /test_912.bin... deleted:   5301 us, speed:  1886 KB/s
Deleting /test_913.bin... deleted:   5352 us, speed:  1868 KB/s
Deleting /test_914.bin... deleted:   5330 us, speed:  1876 KB/s
Deleting /test_915.bin... deleted:   5370 us, speed:  1862 KB/s
Deleting /test_916.bin... deleted:  11358 us, speed:   880 KB/s
Deleting /test_917.bin... deleted:   5418 us, speed:  1845 KB/s
Deleting /test_918.bin... deleted:   5620 us, speed:  1779 KB/s
Deleting /test_919.bin... deleted:   5616 us, speed:  1780 KB/s
Deleting /test_920.bin... deleted:   5633 us, speed:  1775 KB/s
Deleting /test_921.bin... deleted:   5647 us, speed:  1770 KB/s
Deleting /test_922.bin... deleted:   5659 us, speed:  1767 KB/s
Deleting /test_923.bin... deleted:   5686 us, speed:  1758 KB/s
Deleting /test_924.bin... deleted:   5698 us, speed:  1755 KB/s
Deleting /test_925.bin... deleted:   5743 us, speed:  1741 KB/s
Deleting /test_926.bin... deleted:   5732 us, speed:  1744 KB/s
Deleting /test_927.bin... deleted:   5776 us, speed:  1731 KB/s
Deleting /test_928.bin... deleted:   5773 us, speed:  1732 KB/s
Deleting /test_929.bin... deleted:   5839 us, speed:  1712 KB/s
Deleting /test_930.bin... deleted:   5825 us, speed:  1716 KB/s
Deleting /test_931.bin... deleted:  11830 us, speed:   845 KB/s
Deleting /test_932.bin... deleted:   5856 us, speed:  1707 KB/s
Deleting /test_933.bin... deleted:   5927 us, speed:  1687 KB/s
Deleting /test_934.bin... deleted:   6030 us, speed:  1658 KB/s
Deleting /test_935.bin... deleted:   6077 us, speed:  1645 KB/s
Deleting /test_936.bin... deleted:   6105 us, speed:  1638 KB/s
Deleting /test_937.bin... deleted:   6076 us, speed:  1645 KB/s
Deleting /test_938.bin... deleted:   6092 us, speed:  1641 KB/s
Deleting /test_939.bin... deleted:   6092 us, speed:  1641 KB/s
Deleting /test_940.bin... deleted:   6126 us, speed:  1632 KB/s
Deleting /test_941.bin... deleted:   6143 us, speed:  1627 KB/s
Deleting /test_942.bin... deleted:   6121 us, speed:  1633 KB/s
Deleting /test_943.bin... deleted:   6175 us, speed:  1619 KB/s
Deleting /test_944.bin... deleted:  11314 us, speed:   883 KB/s
Deleting /test_945.bin... deleted:  12100 us, speed:   826 KB/s
Deleting /test_946.bin... deleted:   6137 us, speed:  1629 KB/s
Deleting /test_947.bin... deleted:   6166 us, speed:  1621 KB/s
Deleting /test_948.bin... deleted:   6248 us, speed:  1600 KB/s
Deleting /test_949.bin... deleted:   6341 us, speed:  1577 KB/s
Deleting /test_950.bin... deleted:   6388 us, speed:  1565 KB/s
Deleting /test_951.bin... deleted:   6388 us, speed:  1565 KB/s
Deleting /test_952.bin... deleted:   6388 us, speed:  1565 KB/s
Deleting /test_953.bin... deleted:   6406 us, speed:  1561 KB/s
Deleting /test_954.bin... deleted:   6391 us, speed:  1564 KB/s
Deleting /test_955.bin... deleted:   6421 us, speed:  1557 KB/s
Deleting /test_956.bin... deleted:   6469 us, speed:  1545 KB/s
Deleting /test_957.bin... deleted:   6412 us, speed:  1559 KB/s
Deleting /test_958.bin... deleted:   6423 us, speed:  1556 KB/s
Deleting /test_959.bin... deleted:  12431 us, speed:   804 KB/s
Deleting /test_960.bin... deleted:   6440 us, speed:  1552 KB/s
Deleting /test_961.bin... deleted:   6458 us, speed:  1548 KB/s
Deleting /test_962.bin... deleted:   6501 us, speed:  1538 KB/s
Deleting /test_963.bin... deleted:   6443 us, speed:  1552 KB/s
Deleting /test_964.bin... deleted: 449545 us, speed:    22 KB/s
Deleting /test_965.bin... deleted:   4700 us, speed:  2127 KB/s
Deleting /test_966.bin... deleted:   4868 us, speed:  2054 KB/s
Deleting /test_967.bin... deleted:  10840 us, speed:   922 KB/s
Deleting /test_968.bin... deleted:   4913 us, speed:  2035 KB/s
Deleting /test_969.bin... deleted:   4904 us, speed:  2039 KB/s
Deleting /test_970.bin... deleted:   4936 us, speed:  2025 KB/s
Deleting /test_971.bin... deleted:   4939 us, speed:  2024 KB/s
Deleting /test_972.bin... deleted:   4986 us, speed:  2005 KB/s
Deleting /test_973.bin... deleted:   5010 us, speed:  1996 KB/s
Deleting /test_974.bin... deleted:   5010 us, speed:  1996 KB/s
Deleting /test_975.bin... deleted:   5028 us, speed:  1988 KB/s
Deleting /test_976.bin... deleted:   5036 us, speed:  1985 KB/s
Deleting /test_977.bin... deleted:   5052 us, speed:  1979 KB/s
Deleting /test_978.bin... deleted:   5073 us, speed:  1971 KB/s
Deleting /test_979.bin... deleted:   5110 us, speed:  1956 KB/s
Deleting /test_980.bin... deleted:   5129 us, speed:  1949 KB/s
Deleting /test_981.bin... deleted:   5175 us, speed:  1932 KB/s
Deleting /test_982.bin... deleted:   5325 us, speed:  1877 KB/s
Deleting /test_983.bin... deleted:   5364 us, speed:  1864 KB/s
Deleting /test_984.bin... deleted:  11352 us, speed:   880 KB/s
Deleting /test_985.bin... deleted:   5405 us, speed:  1850 KB/s
Deleting /test_986.bin... deleted:   5420 us, speed:  1845 KB/s
Deleting /test_987.bin... deleted:   5411 us, speed:  1848 KB/s
Deleting /test_988.bin... deleted:   5468 us, speed:  1828 KB/s
Deleting /test_989.bin... deleted:   5465 us, speed:  1829 KB/s
Deleting /test_990.bin... deleted:   5491 us, speed:  1821 KB/s
Deleting /test_991.bin... deleted:   5496 us, speed:  1819 KB/s
Deleting /test_992.bin... deleted:   5568 us, speed:  1795 KB/s
Deleting /test_993.bin... deleted:   5533 us, speed:  1807 KB/s
Deleting /test_994.bin... deleted:   5571 us, speed:  1795 KB/s
Deleting /test_995.bin... deleted:   5581 us, speed:  1791 KB/s
Deleting /test_996.bin... deleted:   5585 us, speed:  1790 KB/s
Deleting /test_997.bin... deleted:   5650 us, speed:  1769 KB/s
Deleting /test_998.bin... deleted:   5795 us, speed:  1725 KB/s
Deleting /test_999.bin... deleted:  16599 us, speed:   602 KB/s
Deleting /test_1000.bin... deleted:   6491 us, speed:  1540 KB/s

=== Delete Test Statistics ===
Successful operations: 1000
Failed operations:     0
Data processed: 10000 KB (10240000 bytes)

Timing breakdown:

Speed statistics:
  Max speed:     5998 KB/s
  Avg speed:     1550 KB/s
  Min speed:       22 KB/s

Data integrity:
  CRC errors    : 0
  Pattern errors: 0
  Size errors   : 0
  Total errors  : 0

Press any key to continue...
