
=== YAFFS2 Delete Test ===
Deleting 1000 test files...
File /test_001.bin: deleted:   5852 us, speed:  1708 KB/s
File /test_002.bin: deleted:   4256 us, speed:  2349 KB/s
File /test_003.bin: deleted:   4247 us, speed:  2354 KB/s
File /test_004.bin: deleted:   4244 us, speed:  2356 KB/s
File /test_005.bin: deleted:   4288 us, speed:  2332 KB/s
File /test_006.bin: deleted:   4288 us, speed:  2332 KB/s
File /test_007.bin: deleted:   4295 us, speed:  2328 KB/s
File /test_008.bin: deleted:   4319 us, speed:  2315 KB/s
File /test_009.bin: deleted:   4298 us, speed:  2326 KB/s
File /test_010.bin: deleted:   4240 us, speed:  2358 KB/s
File /test_011.bin: deleted:   4270 us, speed:  2341 KB/s
File /test_012.bin: deleted:   4269 us, speed:  2342 KB/s
File /test_013.bin: deleted:   4239 us, speed:  2359 KB/s
File /test_014.bin: deleted:   4237 us, speed:  2360 KB/s
File /test_015.bin: deleted:   4293 us, speed:  2329 KB/s
File /test_016.bin: deleted:   4258 us, speed:  2348 KB/s
File /test_017.bin: deleted:   4267 us, speed:  2343 KB/s
File /test_018.bin: deleted:   4291 us, speed:  2330 KB/s
File /test_019.bin: deleted:   4340 us, speed:  2304 KB/s
File /test_020.bin: deleted:  10190 us, speed:   981 KB/s
File /test_021.bin: deleted:   4228 us, speed:  2365 KB/s
File /test_022.bin: deleted:   5868 us, speed:  1704 KB/s
File /test_023.bin: deleted:   4308 us, speed:  2321 KB/s
File /test_024.bin: deleted:   4262 us, speed:  2346 KB/s
File /test_025.bin: deleted:   4274 us, speed:  2339 KB/s
File /test_026.bin: deleted:   4310 us, speed:  2320 KB/s
File /test_027.bin: deleted:   4278 us, speed:  2337 KB/s
File /test_028.bin: deleted:   4299 us, speed:  2326 KB/s
File /test_029.bin: deleted:   4312 us, speed:  2319 KB/s
File /test_030.bin: deleted:   4325 us, speed:  2312 KB/s
File /test_031.bin: deleted:   4210 us, speed:  2375 KB/s
File /test_032.bin: deleted:   4277 us, speed:  2338 KB/s
File /test_033.bin: deleted:   4252 us, speed:  2351 KB/s
File /test_034.bin: deleted:   4241 us, speed:  2357 KB/s
File /test_035.bin: deleted:   4266 us, speed:  2344 KB/s
File /test_036.bin: deleted:   4325 us, speed:  2312 KB/s
File /test_037.bin: deleted:   4299 us, speed:  2326 KB/s
File /test_038.bin: deleted:   4277 us, speed:  2338 KB/s
File /test_039.bin: deleted:   4295 us, speed:  2328 KB/s
File /test_040.bin: deleted:   4236 us, speed:  2360 KB/s
File /test_041.bin: deleted:  10227 us, speed:   977 KB/s
File /test_042.bin: deleted:   4266 us, speed:  2344 KB/s
File /test_043.bin: deleted:   5837 us, speed:  1713 KB/s
File /test_044.bin: deleted:   4243 us, speed:  2356 KB/s
File /test_045.bin: deleted:   4224 us, speed:  2367 KB/s
File /test_046.bin: deleted:   4331 us, speed:  2308 KB/s
File /test_047.bin: deleted:   4267 us, speed:  2343 KB/s
File /test_048.bin: deleted:   4321 us, speed:  2314 KB/s
File /test_049.bin: deleted:   4343 us, speed:  2302 KB/s
File /test_050.bin: deleted:   4265 us, speed:  2344 KB/s
File /test_051.bin: deleted:   4231 us, speed:  2363 KB/s
File /test_052.bin: deleted:   4240 us, speed:  2358 KB/s
File /test_053.bin: deleted:   4270 us, speed:  2341 KB/s
File /test_054.bin: deleted:   4213 us, speed:  2373 KB/s
File /test_055.bin: deleted:   4268 us, speed:  2343 KB/s
File /test_056.bin: deleted:   4251 us, speed:  2352 KB/s
File /test_057.bin: deleted:   4249 us, speed:  2353 KB/s
File /test_058.bin: deleted:   4293 us, speed:  2329 KB/s
File /test_059.bin: deleted:   4249 us, speed:  2353 KB/s
File /test_060.bin: deleted:   4217 us, speed:  2371 KB/s
File /test_061.bin: deleted:  10181 us, speed:   982 KB/s
File /test_062.bin: deleted:   4330 us, speed:  2309 KB/s
File /test_063.bin: deleted:   4240 us, speed:  2358 KB/s
File /test_064.bin: deleted:   5850 us, speed:  1709 KB/s
File /test_065.bin: deleted:   4320 us, speed:  2314 KB/s
File /test_066.bin: deleted:   4286 us, speed:  2333 KB/s
File /test_067.bin: deleted:   4370 us, speed:  2288 KB/s
File /test_068.bin: deleted:   4264 us, speed:  2345 KB/s
File /test_069.bin: deleted:   4264 us, speed:  2345 KB/s
File /test_070.bin: deleted:   4215 us, speed:  2372 KB/s
File /test_071.bin: deleted:   4270 us, speed:  2341 KB/s
File /test_072.bin: deleted:   4230 us, speed:  2364 KB/s
File /test_073.bin: deleted:   4314 us, speed:  2318 KB/s
File /test_074.bin: deleted:   4259 us, speed:  2347 KB/s
File /test_075.bin: deleted:   4273 us, speed:  2340 KB/s
File /test_076.bin: deleted:   4283 us, speed:  2334 KB/s
File /test_077.bin: deleted:   4251 us, speed:  2352 KB/s
File /test_078.bin: deleted:   4232 us, speed:  2362 KB/s
File /test_079.bin: deleted:   4298 us, speed:  2326 KB/s
File /test_080.bin: deleted:   4199 us, speed:  2381 KB/s
File /test_081.bin: deleted:   4279 us, speed:  2336 KB/s
File /test_082.bin: deleted:  10225 us, speed:   977 KB/s
File /test_083.bin: deleted:   4237 us, speed:  2360 KB/s
File /test_084.bin: deleted:   4262 us, speed:  2346 KB/s
File /test_085.bin: deleted:   5839 us, speed:  1712 KB/s
File /test_086.bin: deleted:   4259 us, speed:  2347 KB/s
File /test_087.bin: deleted:   4255 us, speed:  2350 KB/s
File /test_088.bin: deleted:   4218 us, speed:  2370 KB/s
File /test_089.bin: deleted:   4215 us, speed:  2372 KB/s
File /test_090.bin: deleted:   4206 us, speed:  2377 KB/s
File /test_091.bin: deleted:   4234 us, speed:  2361 KB/s
File /test_092.bin: deleted:   4240 us, speed:  2358 KB/s
File /test_093.bin: deleted:   4245 us, speed:  2355 KB/s
File /test_094.bin: deleted:   4227 us, speed:  2365 KB/s
File /test_095.bin: deleted:   4279 us, speed:  2336 KB/s
File /test_096.bin: deleted:   4290 us, speed:  2331 KB/s
File /test_097.bin: deleted:   4221 us, speed:  2369 KB/s
File /test_098.bin: deleted:   4229 us, speed:  2364 KB/s
File /test_099.bin: deleted:   4242 us, speed:  2357 KB/s
File /test_100.bin: deleted:   4140 us, speed:  2415 KB/s
File /test_101.bin: deleted:   4166 us, speed:  2400 KB/s
File /test_102.bin: deleted:   4166 us, speed:  2400 KB/s
File /test_103.bin: deleted:  10138 us, speed:   986 KB/s
File /test_104.bin: deleted:   4170 us, speed:  2398 KB/s
File /test_105.bin: deleted:   4188 us, speed:  2387 KB/s
File /test_106.bin: deleted:   5780 us, speed:  1730 KB/s
File /test_107.bin: deleted:   4246 us, speed:  2355 KB/s
File /test_108.bin: deleted:   4246 us, speed:  2355 KB/s
File /test_109.bin: deleted:   4222 us, speed:  2368 KB/s
File /test_110.bin: deleted:   4220 us, speed:  2369 KB/s
File /test_111.bin: deleted:   4140 us, speed:  2415 KB/s
File /test_112.bin: deleted:   4198 us, speed:  2382 KB/s
File /test_113.bin: deleted:   4160 us, speed:  2403 KB/s
File /test_114.bin: deleted:   4147 us, speed:  2411 KB/s
File /test_115.bin: deleted:   4270 us, speed:  2341 KB/s
File /test_116.bin: deleted:   4194 us, speed:  2384 KB/s
File /test_117.bin: deleted:   4215 us, speed:  2372 KB/s
File /test_118.bin: deleted:   4226 us, speed:  2366 KB/s
File /test_119.bin: deleted:   4209 us, speed:  2375 KB/s
File /test_120.bin: deleted:   4208 us, speed:  2376 KB/s
File /test_121.bin: deleted:   4159 us, speed:  2404 KB/s
File /test_122.bin: deleted:   4171 us, speed:  2397 KB/s
File /test_123.bin: deleted:   4168 us, speed:  2399 KB/s
File /test_124.bin: deleted:  10140 us, speed:   986 KB/s
File /test_125.bin: deleted:   4188 us, speed:  2387 KB/s
File /test_126.bin: deleted:   4199 us, speed:  2381 KB/s
File /test_127.bin: deleted:   5770 us, speed:  1733 KB/s
File /test_128.bin: deleted:   4266 us, speed:  2344 KB/s
File /test_129.bin: deleted:   4229 us, speed:  2364 KB/s
File /test_130.bin: deleted:   4259 us, speed:  2347 KB/s
File /test_131.bin: deleted:   4175 us, speed:  2395 KB/s
File /test_132.bin: deleted:   4183 us, speed:  2390 KB/s
File /test_133.bin: deleted:   4183 us, speed:  2390 KB/s
File /test_134.bin: deleted:   4158 us, speed:  2405 KB/s
File /test_135.bin: deleted:   4188 us, speed:  2387 KB/s
File /test_136.bin: deleted:   4172 us, speed:  2396 KB/s
File /test_137.bin: deleted:   4216 us, speed:  2371 KB/s
File /test_138.bin: deleted:   4250 us, speed:  2352 KB/s
File /test_139.bin: deleted:   4200 us, speed:  2380 KB/s
File /test_140.bin: deleted:   4191 us, speed:  2386 KB/s
File /test_141.bin: deleted:   4128 us, speed:  2422 KB/s
File /test_142.bin: deleted:   4154 us, speed:  2407 KB/s
File /test_143.bin: deleted:   4156 us, speed:  2406 KB/s
File /test_144.bin: deleted:   4236 us, speed:  2360 KB/s
File /test_145.bin: deleted:  10163 us, speed:   983 KB/s
File /test_146.bin: deleted:   4229 us, speed:  2364 KB/s
File /test_147.bin: deleted:   4188 us, speed:  2387 KB/s
File /test_148.bin: deleted:   5781 us, speed:  1729 KB/s
File /test_149.bin: deleted:   4196 us, speed:  2383 KB/s
File /test_150.bin: deleted:   4165 us, speed:  2400 KB/s
File /test_151.bin: deleted:   4171 us, speed:  2397 KB/s
File /test_152.bin: deleted:   4183 us, speed:  2390 KB/s
File /test_153.bin: deleted:   4170 us, speed:  2398 KB/s
File /test_154.bin: deleted:   4196 us, speed:  2383 KB/s
File /test_155.bin: deleted:   4265 us, speed:  2344 KB/s
File /test_156.bin: deleted:   4162 us, speed:  2402 KB/s
File /test_157.bin: deleted:   4209 us, speed:  2375 KB/s
File /test_158.bin: deleted:   4211 us, speed:  2374 KB/s
File /test_159.bin: deleted:   4165 us, speed:  2400 KB/s
File /test_160.bin: deleted:   4180 us, speed:  2392 KB/s
File /test_161.bin: deleted:   4163 us, speed:  2402 KB/s
File /test_162.bin: deleted:   4165 us, speed:  2400 KB/s
File /test_163.bin: deleted:   4167 us, speed:  2399 KB/s
File /test_164.bin: deleted:   4234 us, speed:  2361 KB/s
File /test_165.bin: deleted:   4160 us, speed:  2403 KB/s
File /test_166.bin: deleted:   4190 us, speed:  2386 KB/s
File /test_167.bin: deleted:   4220 us, speed:  2369 KB/s
File /test_168.bin: deleted:   4202 us, speed:  2379 KB/s
File /test_169.bin: deleted:   5740 us, speed:  1742 KB/s
File /test_170.bin: deleted:   4104 us, speed:  2436 KB/s
File /test_171.bin: deleted:   4152 us, speed:  2408 KB/s
File /test_172.bin: deleted:   4212 us, speed:  2374 KB/s
File /test_173.bin: deleted:   4157 us, speed:  2405 KB/s
File /test_174.bin: deleted:   4186 us, speed:  2388 KB/s
File /test_175.bin: deleted:   4192 us, speed:  2385 KB/s
File /test_176.bin: deleted:   4194 us, speed:  2384 KB/s
File /test_177.bin: deleted:   4189 us, speed:  2387 KB/s
File /test_178.bin: deleted:   4167 us, speed:  2399 KB/s
File /test_179.bin: deleted:   4165 us, speed:  2400 KB/s
File /test_180.bin: deleted:   4203 us, speed:  2379 KB/s
File /test_181.bin: deleted:   4164 us, speed:  2401 KB/s
File /test_182.bin: deleted:   4172 us, speed:  2396 KB/s
File /test_183.bin: deleted:   4173 us, speed:  2396 KB/s
File /test_184.bin: deleted:   4153 us, speed:  2407 KB/s
File /test_185.bin: deleted:   4191 us, speed:  2386 KB/s
File /test_186.bin: deleted:   4186 us, speed:  2388 KB/s
File /test_187.bin: deleted:   4162 us, speed:  2402 KB/s
File /test_188.bin: deleted:   4150 us, speed:  2409 KB/s
File /test_189.bin: deleted:   4121 us, speed:  2426 KB/s
File /test_190.bin: deleted:   5754 us, speed:  1737 KB/s
File /test_191.bin: deleted:   4162 us, speed:  2402 KB/s
File /test_192.bin: deleted:   4211 us, speed:  2374 KB/s
File /test_193.bin: deleted:   4144 us, speed:  2413 KB/s
File /test_194.bin: deleted:   4188 us, speed:  2387 KB/s
File /test_195.bin: deleted:   4167 us, speed:  2399 KB/s
File /test_196.bin: deleted:   4221 us, speed:  2369 KB/s
File /test_197.bin: deleted:   4138 us, speed:  2416 KB/s
File /test_198.bin: deleted:   4136 us, speed:  2417 KB/s
File /test_199.bin: deleted:   4149 us, speed:  2410 KB/s
File /test_200.bin: deleted:   4084 us, speed:  2448 KB/s
File /test_201.bin: deleted:   4096 us, speed:  2441 KB/s
File /test_202.bin: deleted:   4075 us, speed:  2453 KB/s
File /test_203.bin: deleted:   4129 us, speed:  2421 KB/s
File /test_204.bin: deleted:   4181 us, speed:  2391 KB/s
File /test_205.bin: deleted:   4109 us, speed:  2433 KB/s
File /test_206.bin: deleted:   4140 us, speed:  2415 KB/s
File /test_207.bin: deleted:   4171 us, speed:  2397 KB/s
File /test_208.bin: deleted:  10100 us, speed:   990 KB/s
File /test_209.bin: deleted:   4185 us, speed:  2389 KB/s
File /test_210.bin: deleted:   4076 us, speed:  2453 KB/s
File /test_211.bin: deleted:   5646 us, speed:  1771 KB/s
File /test_212.bin: deleted:   4108 us, speed:  2434 KB/s
File /test_213.bin: deleted:   4089 us, speed:  2445 KB/s
File /test_214.bin: deleted:   4103 us, speed:  2437 KB/s
File /test_215.bin: deleted:   4151 us, speed:  2409 KB/s
File /test_216.bin: deleted:   4143 us, speed:  2413 KB/s
File /test_217.bin: deleted:   4117 us, speed:  2428 KB/s
File /test_218.bin: deleted:   4151 us, speed:  2409 KB/s
File /test_219.bin: deleted:   4160 us, speed:  2403 KB/s
File /test_220.bin: deleted:   4076 us, speed:  2453 KB/s
File /test_221.bin: deleted:   4119 us, speed:  2427 KB/s
File /test_222.bin: deleted:   4161 us, speed:  2403 KB/s
File /test_223.bin: deleted:   4098 us, speed:  2440 KB/s
File /test_224.bin: deleted:   4178 us, speed:  2393 KB/s
File /test_225.bin: deleted:   4143 us, speed:  2413 KB/s
File /test_226.bin: deleted:   4116 us, speed:  2429 KB/s
File /test_227.bin: deleted:   4081 us, speed:  2450 KB/s
File /test_228.bin: deleted:   4167 us, speed:  2399 KB/s
File /test_229.bin: deleted:  10087 us, speed:   991 KB/s
File /test_230.bin: deleted:   4075 us, speed:  2453 KB/s
File /test_231.bin: deleted:   4085 us, speed:  2447 KB/s
File /test_232.bin: deleted:   5686 us, speed:  1758 KB/s
File /test_233.bin: deleted:   4086 us, speed:  2447 KB/s
File /test_234.bin: deleted:   4142 us, speed:  2414 KB/s
File /test_235.bin: deleted:   4102 us, speed:  2437 KB/s
File /test_236.bin: deleted:   4154 us, speed:  2407 KB/s
File /test_237.bin: deleted:   4154 us, speed:  2407 KB/s
File /test_238.bin: deleted:   4137 us, speed:  2417 KB/s
File /test_239.bin: deleted:   4133 us, speed:  2419 KB/s
File /test_240.bin: deleted:   4090 us, speed:  2444 KB/s
File /test_241.bin: deleted:   4084 us, speed:  2448 KB/s
File /test_242.bin: deleted:   4087 us, speed:  2446 KB/s
File /test_243.bin: deleted:   4154 us, speed:  2407 KB/s
File /test_244.bin: deleted:   4102 us, speed:  2437 KB/s
File /test_245.bin: deleted:   4134 us, speed:  2418 KB/s
File /test_246.bin: deleted:   4116 us, speed:  2429 KB/s
File /test_247.bin: deleted:   4093 us, speed:  2443 KB/s
File /test_248.bin: deleted:   4106 us, speed:  2435 KB/s
File /test_249.bin: deleted:   4129 us, speed:  2421 KB/s
File /test_250.bin: deleted:   9994 us, speed:  1000 KB/s
File /test_251.bin: deleted:   4079 us, speed:  2451 KB/s
File /test_252.bin: deleted:   4102 us, speed:  2437 KB/s
File /test_253.bin: deleted:   5657 us, speed:  1767 KB/s
File /test_254.bin: deleted:   4127 us, speed:  2423 KB/s
File /test_255.bin: deleted:   4119 us, speed:  2427 KB/s
File /test_256.bin: deleted:   4201 us, speed:  2380 KB/s
File /test_257.bin: deleted:   4096 us, speed:  2441 KB/s
File /test_258.bin: deleted:   4115 us, speed:  2430 KB/s
File /test_259.bin: deleted:   4117 us, speed:  2428 KB/s
File /test_260.bin: deleted:   4116 us, speed:  2429 KB/s
File /test_261.bin: deleted:   4082 us, speed:  2449 KB/s
File /test_262.bin: deleted:   4126 us, speed:  2423 KB/s
File /test_263.bin: deleted:   4170 us, speed:  2398 KB/s
File /test_264.bin: deleted:   4105 us, speed:  2436 KB/s
File /test_265.bin: deleted:   4165 us, speed:  2400 KB/s
File /test_266.bin: deleted:   4109 us, speed:  2433 KB/s
File /test_267.bin: deleted:   4163 us, speed:  2402 KB/s
File /test_268.bin: deleted:   4135 us, speed:  2418 KB/s
File /test_269.bin: deleted:   4062 us, speed:  2461 KB/s
File /test_270.bin: deleted:   4106 us, speed:  2435 KB/s
File /test_271.bin: deleted:   4067 us, speed:  2458 KB/s
File /test_272.bin: deleted:   4076 us, speed:  2453 KB/s
File /test_273.bin: deleted:   4077 us, speed:  2452 KB/s
File /test_274.bin: deleted:   5678 us, speed:  1761 KB/s
File /test_275.bin: deleted:   4105 us, speed:  2436 KB/s
File /test_276.bin: deleted:   4089 us, speed:  2445 KB/s
File /test_277.bin: deleted:   4084 us, speed:  2448 KB/s
File /test_278.bin: deleted:   4085 us, speed:  2447 KB/s
File /test_279.bin: deleted:   4098 us, speed:  2440 KB/s
File /test_280.bin: deleted:   4088 us, speed:  2446 KB/s
File /test_281.bin: deleted:   4108 us, speed:  2434 KB/s
File /test_282.bin: deleted:   4097 us, speed:  2440 KB/s
File /test_283.bin: deleted:   4075 us, speed:  2453 KB/s
File /test_284.bin: deleted:   4159 us, speed:  2404 KB/s
File /test_285.bin: deleted:   4099 us, speed:  2439 KB/s
File /test_286.bin: deleted:   4117 us, speed:  2428 KB/s
File /test_287.bin: deleted:   4106 us, speed:  2435 KB/s
File /test_288.bin: deleted:   4054 us, speed:  2466 KB/s
File /test_289.bin: deleted:   4057 us, speed:  2464 KB/s
File /test_290.bin: deleted:   4048 us, speed:  2470 KB/s
File /test_291.bin: deleted:   4108 us, speed:  2434 KB/s
File /test_292.bin: deleted:   4056 us, speed:  2465 KB/s
File /test_293.bin: deleted:  10016 us, speed:   998 KB/s
File /test_294.bin: deleted:   4090 us, speed:  2444 KB/s
File /test_295.bin: deleted:   5711 us, speed:  1751 KB/s
File /test_296.bin: deleted:   4114 us, speed:  2430 KB/s
File /test_297.bin: deleted:   4070 us, speed:  2457 KB/s
File /test_298.bin: deleted:   4050 us, speed:  2469 KB/s
File /test_299.bin: deleted:   4027 us, speed:  2483 KB/s
File /test_300.bin: deleted:   3997 us, speed:  2501 KB/s
File /test_301.bin: deleted:   4006 us, speed:  2496 KB/s
File /test_302.bin: deleted:   4103 us, speed:  2437 KB/s
File /test_303.bin: deleted:   4014 us, speed:  2491 KB/s
File /test_304.bin: deleted:   4048 us, speed:  2470 KB/s
File /test_305.bin: deleted:   4078 us, speed:  2452 KB/s
File /test_306.bin: deleted:   4063 us, speed:  2461 KB/s
File /test_307.bin: deleted:   4117 us, speed:  2428 KB/s
File /test_308.bin: deleted:   4113 us, speed:  2431 KB/s
File /test_309.bin: deleted:   4079 us, speed:  2451 KB/s
File /test_310.bin: deleted:   4038 us, speed:  2476 KB/s
File /test_311.bin: deleted:   3984 us, speed:  2510 KB/s
File /test_312.bin: deleted:   4036 us, speed:  2477 KB/s
File /test_313.bin: deleted:   4014 us, speed:  2491 KB/s
File /test_314.bin: deleted:   4026 us, speed:  2483 KB/s
File /test_315.bin: deleted:   9993 us, speed:  1000 KB/s
File /test_316.bin: deleted:   5666 us, speed:  1764 KB/s
File /test_317.bin: deleted:   4051 us, speed:  2468 KB/s
File /test_318.bin: deleted:   4060 us, speed:  2463 KB/s
File /test_319.bin: deleted:   4066 us, speed:  2459 KB/s
File /test_320.bin: deleted:   4042 us, speed:  2474 KB/s
File /test_321.bin: deleted:   3987 us, speed:  2508 KB/s
File /test_322.bin: deleted:   4015 us, speed:  2490 KB/s
File /test_323.bin: deleted:   4006 us, speed:  2496 KB/s
File /test_324.bin: deleted:   4037 us, speed:  2477 KB/s
File /test_325.bin: deleted:   4028 us, speed:  2482 KB/s
File /test_326.bin: deleted:   4072 us, speed:  2455 KB/s
File /test_327.bin: deleted:   3997 us, speed:  2501 KB/s
File /test_328.bin: deleted:   4054 us, speed:  2466 KB/s
File /test_329.bin: deleted:   4038 us, speed:  2476 KB/s
File /test_330.bin: deleted:   4007 us, speed:  2495 KB/s
File /test_331.bin: deleted:   4020 us, speed:  2487 KB/s
File /test_332.bin: deleted:   3994 us, speed:  2503 KB/s
File /test_333.bin: deleted:   4039 us, speed:  2475 KB/s
File /test_334.bin: deleted:   4049 us, speed:  2469 KB/s
File /test_335.bin: deleted:   4059 us, speed:  2463 KB/s
File /test_336.bin: deleted:   9992 us, speed:  1000 KB/s
File /test_337.bin: deleted:   5639 us, speed:  1773 KB/s
File /test_338.bin: deleted:   4050 us, speed:  2469 KB/s
File /test_339.bin: deleted:   4021 us, speed:  2486 KB/s
File /test_340.bin: deleted:   4029 us, speed:  2482 KB/s
File /test_341.bin: deleted:   4030 us, speed:  2481 KB/s
File /test_342.bin: deleted:   4080 us, speed:  2450 KB/s
File /test_343.bin: deleted:   4001 us, speed:  2499 KB/s
File /test_344.bin: deleted:   4024 us, speed:  2485 KB/s
File /test_345.bin: deleted:   4088 us, speed:  2446 KB/s
File /test_346.bin: deleted:   4049 us, speed:  2469 KB/s
File /test_347.bin: deleted:   4031 us, speed:  2480 KB/s
File /test_348.bin: deleted:   4053 us, speed:  2467 KB/s
File /test_349.bin: deleted:   4043 us, speed:  2473 KB/s
File /test_350.bin: deleted:   4013 us, speed:  2491 KB/s
File /test_351.bin: deleted:   4022 us, speed:  2486 KB/s
File /test_352.bin: deleted:   3975 us, speed:  2515 KB/s
File /test_353.bin: deleted:   4039 us, speed:  2475 KB/s
File /test_354.bin: deleted:   4095 us, speed:  2442 KB/s
File /test_355.bin: deleted:   4043 us, speed:  2473 KB/s
File /test_356.bin: deleted:   4015 us, speed:  2490 KB/s
File /test_357.bin: deleted:   4032 us, speed:  2480 KB/s
File /test_358.bin: deleted:  11572 us, speed:   864 KB/s
File /test_359.bin: deleted:   4005 us, speed:  2496 KB/s
File /test_360.bin: deleted:   4020 us, speed:  2487 KB/s
File /test_361.bin: deleted:   4021 us, speed:  2486 KB/s
File /test_362.bin: deleted:   3995 us, speed:  2503 KB/s
File /test_363.bin: deleted:   3979 us, speed:  2513 KB/s
File /test_364.bin: deleted:   4046 us, speed:  2471 KB/s
File /test_365.bin: deleted:   4004 us, speed:  2497 KB/s
File /test_366.bin: deleted:   4067 us, speed:  2458 KB/s
File /test_367.bin: deleted:   4039 us, speed:  2475 KB/s
File /test_368.bin: deleted:   4041 us, speed:  2474 KB/s
File /test_369.bin: deleted:   3991 us, speed:  2505 KB/s
File /test_370.bin: deleted:   3997 us, speed:  2501 KB/s
File /test_371.bin: deleted:   3993 us, speed:  2504 KB/s
File /test_372.bin: deleted:   4036 us, speed:  2477 KB/s
File /test_373.bin: deleted:   3994 us, speed:  2503 KB/s
File /test_374.bin: deleted:   3975 us, speed:  2515 KB/s
File /test_375.bin: deleted:   3998 us, speed:  2501 KB/s
File /test_376.bin: deleted:   3970 us, speed:  2518 KB/s
File /test_377.bin: deleted:   4016 us, speed:  2490 KB/s
File /test_378.bin: deleted:   4011 us, speed:  2493 KB/s
File /test_379.bin: deleted:  11530 us, speed:   867 KB/s
File /test_380.bin: deleted:   4036 us, speed:  2477 KB/s
File /test_381.bin: deleted:   3974 us, speed:  2516 KB/s
File /test_382.bin: deleted:   4000 us, speed:  2500 KB/s
File /test_383.bin: deleted:   4031 us, speed:  2480 KB/s
File /test_384.bin: deleted:   3990 us, speed:  2506 KB/s
File /test_385.bin: deleted:   3980 us, speed:  2512 KB/s
File /test_386.bin: deleted:   4008 us, speed:  2495 KB/s
File /test_387.bin: deleted:   3996 us, speed:  2502 KB/s
File /test_388.bin: deleted:   3986 us, speed:  2508 KB/s
File /test_389.bin: deleted:   3985 us, speed:  2509 KB/s
File /test_390.bin: deleted:   4018 us, speed:  2488 KB/s
File /test_391.bin: deleted:   4020 us, speed:  2487 KB/s
File /test_392.bin: deleted:   3982 us, speed:  2511 KB/s
File /test_393.bin: deleted:   3997 us, speed:  2501 KB/s
File /test_394.bin: deleted:   3978 us, speed:  2513 KB/s
File /test_395.bin: deleted:   4026 us, speed:  2483 KB/s
File /test_396.bin: deleted:   4028 us, speed:  2482 KB/s
File /test_397.bin: deleted:   3976 us, speed:  2515 KB/s
File /test_398.bin: deleted:   3969 us, speed:  2519 KB/s
File /test_399.bin: deleted:   3970 us, speed:  2518 KB/s
File /test_400.bin: deleted:   5550 us, speed:  1801 KB/s
File /test_401.bin: deleted:   9872 us, speed:  1012 KB/s
File /test_402.bin: deleted:   3955 us, speed:  2528 KB/s
File /test_403.bin: deleted:   3923 us, speed:  2549 KB/s
File /test_404.bin: deleted:   3981 us, speed:  2511 KB/s
File /test_405.bin: deleted:   3975 us, speed:  2515 KB/s
File /test_406.bin: deleted:   3988 us, speed:  2507 KB/s
File /test_407.bin: deleted:   4017 us, speed:  2489 KB/s
File /test_408.bin: deleted:   4007 us, speed:  2495 KB/s
File /test_409.bin: deleted:   4028 us, speed:  2482 KB/s
File /test_410.bin: deleted:   3995 us, speed:  2503 KB/s
File /test_411.bin: deleted:   3939 us, speed:  2538 KB/s
File /test_412.bin: deleted:   3935 us, speed:  2541 KB/s
File /test_413.bin: deleted:   3923 us, speed:  2549 KB/s
File /test_414.bin: deleted:   3970 us, speed:  2518 KB/s
File /test_415.bin: deleted:   3992 us, speed:  2505 KB/s
File /test_416.bin: deleted:   3966 us, speed:  2521 KB/s
File /test_417.bin: deleted:   3996 us, speed:  2502 KB/s
File /test_418.bin: deleted:   3964 us, speed:  2522 KB/s
File /test_419.bin: deleted:   3966 us, speed:  2521 KB/s
File /test_420.bin: deleted:   3937 us, speed:  2540 KB/s
File /test_421.bin: deleted:   5501 us, speed:  1817 KB/s
File /test_422.bin: deleted:   4027 us, speed:  2483 KB/s
File /test_423.bin: deleted:   9932 us, speed:  1006 KB/s
File /test_424.bin: deleted:   3948 us, speed:  2532 KB/s
File /test_425.bin: deleted:   3979 us, speed:  2513 KB/s
File /test_426.bin: deleted:   3998 us, speed:  2501 KB/s
File /test_427.bin: deleted:   3959 us, speed:  2525 KB/s
File /test_428.bin: deleted:   3976 us, speed:  2515 KB/s
File /test_429.bin: deleted:   3949 us, speed:  2532 KB/s
File /test_430.bin: deleted:   3950 us, speed:  2531 KB/s
File /test_431.bin: deleted:   3935 us, speed:  2541 KB/s
File /test_432.bin: deleted:   3958 us, speed:  2526 KB/s
File /test_433.bin: deleted:   3936 us, speed:  2540 KB/s
File /test_434.bin: deleted:   3984 us, speed:  2510 KB/s
File /test_435.bin: deleted:   3964 us, speed:  2522 KB/s
File /test_436.bin: deleted:   4001 us, speed:  2499 KB/s
File /test_437.bin: deleted:   4051 us, speed:  2468 KB/s
File /test_438.bin: deleted:   3951 us, speed:  2531 KB/s
File /test_439.bin: deleted:   3974 us, speed:  2516 KB/s
File /test_440.bin: deleted:   3929 us, speed:  2545 KB/s
File /test_441.bin: deleted:   3959 us, speed:  2525 KB/s
File /test_442.bin: deleted:   5531 us, speed:  1807 KB/s
File /test_443.bin: deleted:   3923 us, speed:  2549 KB/s
File /test_444.bin: deleted:   3989 us, speed:  2506 KB/s
File /test_445.bin: deleted:   9922 us, speed:  1007 KB/s
File /test_446.bin: deleted:   3933 us, speed:  2542 KB/s
File /test_447.bin: deleted:   3977 us, speed:  2514 KB/s
File /test_448.bin: deleted:   3936 us, speed:  2540 KB/s
File /test_449.bin: deleted:   3921 us, speed:  2550 KB/s
File /test_450.bin: deleted:   3908 us, speed:  2558 KB/s
File /test_451.bin: deleted:   3954 us, speed:  2529 KB/s
File /test_452.bin: deleted:   3973 us, speed:  2516 KB/s
File /test_453.bin: deleted:   3909 us, speed:  2558 KB/s
File /test_454.bin: deleted:   3960 us, speed:  2525 KB/s
File /test_455.bin: deleted:   3896 us, speed:  2566 KB/s
File /test_456.bin: deleted:   3983 us, speed:  2510 KB/s
File /test_457.bin: deleted:   3937 us, speed:  2540 KB/s
File /test_458.bin: deleted:   4016 us, speed:  2490 KB/s
File /test_459.bin: deleted:   3892 us, speed:  2569 KB/s
File /test_460.bin: deleted:   3948 us, speed:  2532 KB/s
File /test_461.bin: deleted:   3952 us, speed:  2530 KB/s
File /test_462.bin: deleted:   3943 us, speed:  2536 KB/s
File /test_463.bin: deleted:   5545 us, speed:  1803 KB/s
File /test_464.bin: deleted:   3954 us, speed:  2529 KB/s
File /test_465.bin: deleted:   3902 us, speed:  2562 KB/s
File /test_466.bin: deleted:   3964 us, speed:  2522 KB/s
File /test_467.bin: deleted:   3926 us, speed:  2547 KB/s
File /test_468.bin: deleted:   9853 us, speed:  1014 KB/s
File /test_469.bin: deleted:   3867 us, speed:  2585 KB/s
File /test_470.bin: deleted:   3961 us, speed:  2524 KB/s
File /test_471.bin: deleted:   3869 us, speed:  2584 KB/s
File /test_472.bin: deleted:   3908 us, speed:  2558 KB/s
File /test_473.bin: deleted:   3970 us, speed:  2518 KB/s
File /test_474.bin: deleted:   3960 us, speed:  2525 KB/s
File /test_475.bin: deleted:   3922 us, speed:  2549 KB/s
File /test_476.bin: deleted:   3934 us, speed:  2541 KB/s
File /test_477.bin: deleted:   3919 us, speed:  2551 KB/s
File /test_478.bin: deleted:   3981 us, speed:  2511 KB/s
File /test_479.bin: deleted:   3919 us, speed:  2551 KB/s
File /test_480.bin: deleted:   3902 us, speed:  2562 KB/s
File /test_481.bin: deleted:   3935 us, speed:  2541 KB/s
File /test_482.bin: deleted:   3917 us, speed:  2552 KB/s
File /test_483.bin: deleted:   3960 us, speed:  2525 KB/s
File /test_484.bin: deleted:   5456 us, speed:  1832 KB/s
File /test_485.bin: deleted:   3914 us, speed:  2554 KB/s
File /test_486.bin: deleted:   3922 us, speed:  2549 KB/s
File /test_487.bin: deleted:   3881 us, speed:  2576 KB/s
File /test_488.bin: deleted:   3921 us, speed:  2550 KB/s
File /test_489.bin: deleted:   3868 us, speed:  2585 KB/s
File /test_490.bin: deleted:   9856 us, speed:  1014 KB/s
File /test_491.bin: deleted:   3911 us, speed:  2556 KB/s
File /test_492.bin: deleted:   3928 us, speed:  2545 KB/s
File /test_493.bin: deleted:   3883 us, speed:  2575 KB/s
File /test_494.bin: deleted:   3924 us, speed:  2548 KB/s
File /test_495.bin: deleted:   3923 us, speed:  2549 KB/s
File /test_496.bin: deleted:   3908 us, speed:  2558 KB/s
File /test_497.bin: deleted:   3890 us, speed:  2570 KB/s
File /test_498.bin: deleted:   3921 us, speed:  2550 KB/s
File /test_499.bin: deleted:   3942 us, speed:  2536 KB/s
File /test_500.bin: deleted:   3868 us, speed:  2585 KB/s
File /test_501.bin: deleted:   3929 us, speed:  2545 KB/s
File /test_502.bin: deleted:   3827 us, speed:  2613 KB/s
File /test_503.bin: deleted:   3881 us, speed:  2576 KB/s
File /test_504.bin: deleted:   3879 us, speed:  2577 KB/s
File /test_505.bin: deleted:   5491 us, speed:  1821 KB/s
File /test_506.bin: deleted:   3863 us, speed:  2588 KB/s
File /test_507.bin: deleted:   3870 us, speed:  2583 KB/s
File /test_508.bin: deleted:   3950 us, speed:  2531 KB/s
File /test_509.bin: deleted:   3845 us, speed:  2600 KB/s
File /test_510.bin: deleted:   3879 us, speed:  2577 KB/s
File /test_511.bin: deleted:   3861 us, speed:  2590 KB/s
File /test_512.bin: deleted:   9868 us, speed:  1013 KB/s
File /test_513.bin: deleted:   3937 us, speed:  2540 KB/s
File /test_514.bin: deleted:   3891 us, speed:  2570 KB/s
File /test_515.bin: deleted:   3867 us, speed:  2585 KB/s
File /test_516.bin: deleted:   3908 us, speed:  2558 KB/s
File /test_517.bin: deleted:   3916 us, speed:  2553 KB/s
File /test_518.bin: deleted:   3873 us, speed:  2581 KB/s
File /test_519.bin: deleted:   3884 us, speed:  2574 KB/s
File /test_520.bin: deleted:   3879 us, speed:  2577 KB/s
File /test_521.bin: deleted:   3849 us, speed:  2598 KB/s
File /test_522.bin: deleted:   3809 us, speed:  2625 KB/s
File /test_523.bin: deleted:   3871 us, speed:  2583 KB/s
File /test_524.bin: deleted:   3874 us, speed:  2581 KB/s
File /test_525.bin: deleted:   3896 us, speed:  2566 KB/s
File /test_526.bin: deleted:   5469 us, speed:  1828 KB/s
File /test_527.bin: deleted:   3889 us, speed:  2571 KB/s
File /test_528.bin: deleted:   3887 us, speed:  2572 KB/s
File /test_529.bin: deleted:   3862 us, speed:  2589 KB/s
File /test_530.bin: deleted:   3878 us, speed:  2578 KB/s
File /test_531.bin: deleted:   3844 us, speed:  2601 KB/s
File /test_532.bin: deleted:   3834 us, speed:  2608 KB/s
File /test_533.bin: deleted:   3878 us, speed:  2578 KB/s
File /test_534.bin: deleted:   3852 us, speed:  2596 KB/s
File /test_535.bin: deleted:   9808 us, speed:  1019 KB/s
File /test_536.bin: deleted:   3861 us, speed:  2590 KB/s
File /test_537.bin: deleted:   3871 us, speed:  2583 KB/s
File /test_538.bin: deleted:   3871 us, speed:  2583 KB/s
File /test_539.bin: deleted:   3863 us, speed:  2588 KB/s
File /test_540.bin: deleted:   3828 us, speed:  2612 KB/s
File /test_541.bin: deleted:   3867 us, speed:  2585 KB/s
File /test_542.bin: deleted:   3864 us, speed:  2587 KB/s
File /test_543.bin: deleted:   3848 us, speed:  2598 KB/s
File /test_544.bin: deleted:   3815 us, speed:  2621 KB/s
File /test_545.bin: deleted:   3888 us, speed:  2572 KB/s
File /test_546.bin: deleted:   3884 us, speed:  2574 KB/s
File /test_547.bin: deleted:   5454 us, speed:  1833 KB/s
File /test_548.bin: deleted:   3862 us, speed:  2589 KB/s
File /test_549.bin: deleted:   3817 us, speed:  2619 KB/s
File /test_550.bin: deleted:   3906 us, speed:  2560 KB/s
File /test_551.bin: deleted:   3841 us, speed:  2603 KB/s
File /test_552.bin: deleted:   3888 us, speed:  2572 KB/s
File /test_553.bin: deleted:   3868 us, speed:  2585 KB/s
File /test_554.bin: deleted:   3868 us, speed:  2585 KB/s
File /test_555.bin: deleted:   3896 us, speed:  2566 KB/s
File /test_556.bin: deleted:   3870 us, speed:  2583 KB/s
File /test_557.bin: deleted:   3835 us, speed:  2607 KB/s
File /test_558.bin: deleted:   9808 us, speed:  1019 KB/s
File /test_559.bin: deleted:   3888 us, speed:  2572 KB/s
File /test_560.bin: deleted:   3853 us, speed:  2595 KB/s
File /test_561.bin: deleted:   3817 us, speed:  2619 KB/s
File /test_562.bin: deleted:   3855 us, speed:  2594 KB/s
File /test_563.bin: deleted:   3897 us, speed:  2566 KB/s
File /test_564.bin: deleted:   3899 us, speed:  2564 KB/s
File /test_565.bin: deleted:   3862 us, speed:  2589 KB/s
File /test_566.bin: deleted:   3840 us, speed:  2604 KB/s
File /test_567.bin: deleted:   3877 us, speed:  2579 KB/s
File /test_568.bin: deleted:   5491 us, speed:  1821 KB/s
File /test_569.bin: deleted:   3882 us, speed:  2575 KB/s
File /test_570.bin: deleted:   3815 us, speed:  2621 KB/s
File /test_571.bin: deleted:   3870 us, speed:  2583 KB/s
File /test_572.bin: deleted:   3832 us, speed:  2609 KB/s
File /test_573.bin: deleted:   3899 us, speed:  2564 KB/s
File /test_574.bin: deleted:   3836 us, speed:  2606 KB/s
File /test_575.bin: deleted:   3814 us, speed:  2621 KB/s
File /test_576.bin: deleted:   3844 us, speed:  2601 KB/s
File /test_577.bin: deleted:   3854 us, speed:  2594 KB/s
File /test_578.bin: deleted:   3819 us, speed:  2618 KB/s
File /test_579.bin: deleted:   3815 us, speed:  2621 KB/s
File /test_580.bin: deleted:   9698 us, speed:  1031 KB/s
File /test_581.bin: deleted:   3849 us, speed:  2598 KB/s
File /test_582.bin: deleted:   3844 us, speed:  2601 KB/s
File /test_583.bin: deleted:   3867 us, speed:  2585 KB/s
File /test_584.bin: deleted:   3874 us, speed:  2581 KB/s
File /test_585.bin: deleted:   3837 us, speed:  2606 KB/s
File /test_586.bin: deleted:   3863 us, speed:  2588 KB/s
File /test_587.bin: deleted:   3874 us, speed:  2581 KB/s
File /test_588.bin: deleted:   3830 us, speed:  2610 KB/s
File /test_589.bin: deleted:   5430 us, speed:  1841 KB/s
File /test_590.bin: deleted:   3854 us, speed:  2594 KB/s
File /test_591.bin: deleted:   3854 us, speed:  2594 KB/s
File /test_592.bin: deleted:   3821 us, speed:  2617 KB/s
File /test_593.bin: deleted:   3823 us, speed:  2615 KB/s
File /test_594.bin: deleted:   3890 us, speed:  2570 KB/s
File /test_595.bin: deleted:   3844 us, speed:  2601 KB/s
File /test_596.bin: deleted:   3787 us, speed:  2640 KB/s
File /test_597.bin: deleted:   3833 us, speed:  2608 KB/s
File /test_598.bin: deleted:   3805 us, speed:  2628 KB/s
File /test_599.bin: deleted:   3833 us, speed:  2608 KB/s
File /test_600.bin: deleted:   3814 us, speed:  2621 KB/s
File /test_601.bin: deleted:   3813 us, speed:  2622 KB/s
File /test_602.bin: deleted:   3800 us, speed:  2631 KB/s
File /test_603.bin: deleted:   9688 us, speed:  1032 KB/s
File /test_604.bin: deleted:   3860 us, speed:  2590 KB/s
File /test_605.bin: deleted:   3790 us, speed:  2638 KB/s
File /test_606.bin: deleted:   3769 us, speed:  2653 KB/s
File /test_607.bin: deleted:   3790 us, speed:  2638 KB/s
File /test_608.bin: deleted:   3789 us, speed:  2639 KB/s
File /test_609.bin: deleted:   3813 us, speed:  2622 KB/s
File /test_610.bin: deleted:   5412 us, speed:  1847 KB/s
File /test_611.bin: deleted:   3748 us, speed:  2668 KB/s
File /test_612.bin: deleted:   3771 us, speed:  2651 KB/s
File /test_613.bin: deleted:   3745 us, speed:  2670 KB/s
File /test_614.bin: deleted:   3767 us, speed:  2654 KB/s
File /test_615.bin: deleted:   3788 us, speed:  2639 KB/s
File /test_616.bin: deleted:   3784 us, speed:  2642 KB/s
File /test_617.bin: deleted:   3824 us, speed:  2615 KB/s
File /test_618.bin: deleted:   3823 us, speed:  2615 KB/s
File /test_619.bin: deleted:   3800 us, speed:  2631 KB/s
File /test_620.bin: deleted:   3801 us, speed:  2630 KB/s
File /test_621.bin: deleted:   3759 us, speed:  2660 KB/s
File /test_622.bin: deleted:   3784 us, speed:  2642 KB/s
File /test_623.bin: deleted:   3768 us, speed:  2653 KB/s
File /test_624.bin: deleted:   3801 us, speed:  2630 KB/s
File /test_625.bin: deleted:   3766 us, speed:  2655 KB/s
File /test_626.bin: deleted:   9705 us, speed:  1030 KB/s
File /test_627.bin: deleted:   3811 us, speed:  2623 KB/s
File /test_628.bin: deleted:   3799 us, speed:  2632 KB/s
File /test_629.bin: deleted:   3778 us, speed:  2646 KB/s
File /test_630.bin: deleted:   3778 us, speed:  2646 KB/s
File /test_631.bin: deleted:   5378 us, speed:  1859 KB/s
File /test_632.bin: deleted:   3805 us, speed:  2628 KB/s
File /test_633.bin: deleted:   3770 us, speed:  2652 KB/s
File /test_634.bin: deleted:   3769 us, speed:  2653 KB/s
File /test_635.bin: deleted:   3822 us, speed:  2616 KB/s
File /test_636.bin: deleted:   3835 us, speed:  2607 KB/s
File /test_637.bin: deleted:   3791 us, speed:  2637 KB/s
File /test_638.bin: deleted:   3768 us, speed:  2653 KB/s
File /test_639.bin: deleted:   3768 us, speed:  2653 KB/s
File /test_640.bin: deleted:   3789 us, speed:  2639 KB/s
File /test_641.bin: deleted:   3773 us, speed:  2650 KB/s
File /test_642.bin: deleted:   3800 us, speed:  2631 KB/s
File /test_643.bin: deleted:   3772 us, speed:  2651 KB/s
File /test_644.bin: deleted:   3792 us, speed:  2637 KB/s
File /test_645.bin: deleted:   3827 us, speed:  2613 KB/s
File /test_646.bin: deleted:   3777 us, speed:  2647 KB/s
File /test_647.bin: deleted:   3770 us, speed:  2652 KB/s
File /test_648.bin: deleted:   3782 us, speed:  2644 KB/s
File /test_649.bin: deleted:   9721 us, speed:  1028 KB/s
File /test_650.bin: deleted:   3790 us, speed:  2638 KB/s
File /test_651.bin: deleted:   3753 us, speed:  2664 KB/s
File /test_652.bin: deleted:   5373 us, speed:  1861 KB/s
File /test_653.bin: deleted:   3751 us, speed:  2665 KB/s
File /test_654.bin: deleted:   3788 us, speed:  2639 KB/s
File /test_655.bin: deleted:   3785 us, speed:  2642 KB/s
File /test_656.bin: deleted:   3785 us, speed:  2642 KB/s
File /test_657.bin: deleted:   3779 us, speed:  2646 KB/s
File /test_658.bin: deleted:   3761 us, speed:  2658 KB/s
File /test_659.bin: deleted:   3746 us, speed:  2669 KB/s
File /test_660.bin: deleted:   3764 us, speed:  2656 KB/s
File /test_661.bin: deleted:   3767 us, speed:  2654 KB/s
File /test_662.bin: deleted:   3788 us, speed:  2639 KB/s
File /test_663.bin: deleted:   3762 us, speed:  2658 KB/s
File /test_664.bin: deleted:   3772 us, speed:  2651 KB/s
File /test_665.bin: deleted:   3772 us, speed:  2651 KB/s
File /test_666.bin: deleted:   3763 us, speed:  2657 KB/s
File /test_667.bin: deleted:   3768 us, speed:  2653 KB/s
File /test_668.bin: deleted:   3759 us, speed:  2660 KB/s
File /test_669.bin: deleted:   3711 us, speed:  2694 KB/s
File /test_670.bin: deleted:   3776 us, speed:  2648 KB/s
File /test_671.bin: deleted:   3736 us, speed:  2676 KB/s
File /test_672.bin: deleted:   9694 us, speed:  1031 KB/s
File /test_673.bin: deleted:   5399 us, speed:  1852 KB/s
File /test_674.bin: deleted:   3727 us, speed:  2683 KB/s
File /test_675.bin: deleted:   3786 us, speed:  2641 KB/s
File /test_676.bin: deleted:   3750 us, speed:  2666 KB/s
File /test_677.bin: deleted:   3787 us, speed:  2640 KB/s
File /test_678.bin: deleted:   3735 us, speed:  2677 KB/s
File /test_679.bin: deleted:   3744 us, speed:  2670 KB/s
File /test_680.bin: deleted:   3768 us, speed:  2653 KB/s
File /test_681.bin: deleted:   3726 us, speed:  2683 KB/s
File /test_682.bin: deleted:   3750 us, speed:  2666 KB/s
File /test_683.bin: deleted:   3772 us, speed:  2651 KB/s
File /test_684.bin: deleted:   3720 us, speed:  2688 KB/s
File /test_685.bin: deleted:   3766 us, speed:  2655 KB/s
File /test_686.bin: deleted:   3726 us, speed:  2683 KB/s
File /test_687.bin: deleted:   3710 us, speed:  2695 KB/s
File /test_688.bin: deleted:   3764 us, speed:  2656 KB/s
File /test_689.bin: deleted:   3729 us, speed:  2681 KB/s
File /test_690.bin: deleted:   3716 us, speed:  2691 KB/s
File /test_691.bin: deleted:   3762 us, speed:  2658 KB/s
File /test_692.bin: deleted:   3749 us, speed:  2667 KB/s
File /test_693.bin: deleted:   3725 us, speed:  2684 KB/s
File /test_694.bin: deleted:   5369 us, speed:  1862 KB/s
File /test_695.bin: deleted:   9704 us, speed:  1030 KB/s
File /test_696.bin: deleted:   3697 us, speed:  2704 KB/s
File /test_697.bin: deleted:   3721 us, speed:  2687 KB/s
File /test_698.bin: deleted:   3807 us, speed:  2626 KB/s
File /test_699.bin: deleted:   3690 us, speed:  2710 KB/s
File /test_700.bin: deleted:   3667 us, speed:  2727 KB/s
File /test_701.bin: deleted:   3699 us, speed:  2703 KB/s
File /test_702.bin: deleted:   3703 us, speed:  2700 KB/s
File /test_703.bin: deleted:   3684 us, speed:  2714 KB/s
File /test_704.bin: deleted:   3682 us, speed:  2715 KB/s
File /test_705.bin: deleted:   3684 us, speed:  2714 KB/s
File /test_706.bin: deleted:   3730 us, speed:  2680 KB/s
File /test_707.bin: deleted:   3732 us, speed:  2679 KB/s
File /test_708.bin: deleted:   3679 us, speed:  2718 KB/s
File /test_709.bin: deleted:   3712 us, speed:  2693 KB/s
File /test_710.bin: deleted:   3697 us, speed:  2704 KB/s
File /test_711.bin: deleted:   3691 us, speed:  2709 KB/s
File /test_712.bin: deleted:   3781 us, speed:  2644 KB/s
File /test_713.bin: deleted:   3714 us, speed:  2692 KB/s
File /test_714.bin: deleted:   3655 us, speed:  2735 KB/s
File /test_715.bin: deleted:   5311 us, speed:  1882 KB/s
File /test_716.bin: deleted:   3715 us, speed:  2691 KB/s
File /test_717.bin: deleted:   3723 us, speed:  2686 KB/s
File /test_718.bin: deleted:   3728 us, speed:  2682 KB/s
File /test_719.bin: deleted:   9669 us, speed:  1034 KB/s
File /test_720.bin: deleted:   3680 us, speed:  2717 KB/s
File /test_721.bin: deleted:   3720 us, speed:  2688 KB/s
File /test_722.bin: deleted:   3689 us, speed:  2710 KB/s
File /test_723.bin: deleted:   3695 us, speed:  2706 KB/s
File /test_724.bin: deleted:   3684 us, speed:  2714 KB/s
File /test_725.bin: deleted:   3681 us, speed:  2716 KB/s
File /test_726.bin: deleted:   3755 us, speed:  2663 KB/s
File /test_727.bin: deleted:   3772 us, speed:  2651 KB/s
File /test_728.bin: deleted:   3751 us, speed:  2665 KB/s
File /test_729.bin: deleted:   3780 us, speed:  2645 KB/s
File /test_730.bin: deleted:   3695 us, speed:  2706 KB/s
File /test_731.bin: deleted:   3725 us, speed:  2684 KB/s
File /test_732.bin: deleted:   3736 us, speed:  2676 KB/s
File /test_733.bin: deleted:   3728 us, speed:  2682 KB/s
File /test_734.bin: deleted:   3669 us, speed:  2725 KB/s
File /test_735.bin: deleted:   3766 us, speed:  2655 KB/s
File /test_736.bin: deleted:   5336 us, speed:  1874 KB/s
File /test_737.bin: deleted:   3768 us, speed:  2653 KB/s
File /test_738.bin: deleted:   3765 us, speed:  2656 KB/s
File /test_739.bin: deleted:   3665 us, speed:  2728 KB/s
File /test_740.bin: deleted:   3665 us, speed:  2728 KB/s
File /test_741.bin: deleted:   3704 us, speed:  2699 KB/s
File /test_742.bin: deleted:   9711 us, speed:  1029 KB/s
File /test_743.bin: deleted:   3688 us, speed:  2711 KB/s
File /test_744.bin: deleted:   3741 us, speed:  2673 KB/s
File /test_745.bin: deleted:   3686 us, speed:  2712 KB/s
File /test_746.bin: deleted:   3714 us, speed:  2692 KB/s
File /test_747.bin: deleted:   3724 us, speed:  2685 KB/s
File /test_748.bin: deleted:   3664 us, speed:  2729 KB/s
File /test_749.bin: deleted:   3670 us, speed:  2724 KB/s
File /test_750.bin: deleted:   3681 us, speed:  2716 KB/s
File /test_751.bin: deleted:   3665 us, speed:  2728 KB/s
File /test_752.bin: deleted:   3681 us, speed:  2716 KB/s
File /test_753.bin: deleted:   3715 us, speed:  2691 KB/s
File /test_754.bin: deleted:   3712 us, speed:  2693 KB/s
File /test_755.bin: deleted:   3686 us, speed:  2712 KB/s
File /test_756.bin: deleted:   3721 us, speed:  2687 KB/s
File /test_757.bin: deleted:   5323 us, speed:  1878 KB/s
File /test_758.bin: deleted:   3746 us, speed:  2669 KB/s
File /test_759.bin: deleted:   3667 us, speed:  2727 KB/s
File /test_760.bin: deleted:   3678 us, speed:  2718 KB/s
File /test_761.bin: deleted:   3687 us, speed:  2712 KB/s
File /test_762.bin: deleted:   3666 us, speed:  2727 KB/s
File /test_763.bin: deleted:   3690 us, speed:  2710 KB/s
File /test_764.bin: deleted:   3650 us, speed:  2739 KB/s
File /test_765.bin: deleted:   3676 us, speed:  2720 KB/s
File /test_766.bin: deleted:   9661 us, speed:  1035 KB/s
File /test_767.bin: deleted:   3678 us, speed:  2718 KB/s
File /test_768.bin: deleted:   3651 us, speed:  2738 KB/s
File /test_769.bin: deleted:   3633 us, speed:  2752 KB/s
File /test_770.bin: deleted:   3672 us, speed:  2723 KB/s
File /test_771.bin: deleted:   3669 us, speed:  2725 KB/s
File /test_772.bin: deleted:   3667 us, speed:  2727 KB/s
File /test_773.bin: deleted:   3687 us, speed:  2712 KB/s
File /test_774.bin: deleted:   3678 us, speed:  2718 KB/s
File /test_775.bin: deleted:   3638 us, speed:  2748 KB/s
File /test_776.bin: deleted:   3702 us, speed:  2701 KB/s
File /test_777.bin: deleted:   3687 us, speed:  2712 KB/s
File /test_778.bin: deleted:   5217 us, speed:  1916 KB/s
File /test_779.bin: deleted:   3675 us, speed:  2721 KB/s
File /test_780.bin: deleted:   3637 us, speed:  2749 KB/s
File /test_781.bin: deleted:   3683 us, speed:  2715 KB/s
File /test_782.bin: deleted:   3682 us, speed:  2715 KB/s
File /test_783.bin: deleted:   3689 us, speed:  2710 KB/s
File /test_784.bin: deleted:   3674 us, speed:  2721 KB/s
File /test_785.bin: deleted:   3640 us, speed:  2747 KB/s
File /test_786.bin: deleted:   3667 us, speed:  2727 KB/s
File /test_787.bin: deleted:   3730 us, speed:  2680 KB/s
File /test_788.bin: deleted:   3630 us, speed:  2754 KB/s
File /test_789.bin: deleted:   9645 us, speed:  1036 KB/s
File /test_790.bin: deleted:   3685 us, speed:  2713 KB/s
File /test_791.bin: deleted:   3638 us, speed:  2748 KB/s
File /test_792.bin: deleted:   3666 us, speed:  2727 KB/s
File /test_793.bin: deleted:   3650 us, speed:  2739 KB/s
File /test_794.bin: deleted:   3663 us, speed:  2730 KB/s
File /test_795.bin: deleted:   3659 us, speed:  2732 KB/s
File /test_796.bin: deleted:   3629 us, speed:  2755 KB/s
File /test_797.bin: deleted:   3659 us, speed:  2732 KB/s
File /test_798.bin: deleted:   3599 us, speed:  2778 KB/s
File /test_799.bin: deleted:   5245 us, speed:  1906 KB/s
File /test_800.bin: deleted:   3690 us, speed:  2710 KB/s
File /test_801.bin: deleted:   3602 us, speed:  2776 KB/s
File /test_802.bin: deleted:   3601 us, speed:  2777 KB/s
File /test_803.bin: deleted:   3657 us, speed:  2734 KB/s
File /test_804.bin: deleted:   3657 us, speed:  2734 KB/s
File /test_805.bin: deleted:   3671 us, speed:  2724 KB/s
File /test_806.bin: deleted:   3660 us, speed:  2732 KB/s
File /test_807.bin: deleted:   3658 us, speed:  2733 KB/s
File /test_808.bin: deleted:   3749 us, speed:  2667 KB/s
File /test_809.bin: deleted:   3667 us, speed:  2727 KB/s
File /test_810.bin: deleted:   3621 us, speed:  2761 KB/s
File /test_811.bin: deleted:   3620 us, speed:  2762 KB/s
File /test_812.bin: deleted:   3625 us, speed:  2758 KB/s
File /test_813.bin: deleted:   9554 us, speed:  1046 KB/s
File /test_814.bin: deleted:   3582 us, speed:  2791 KB/s
File /test_815.bin: deleted:   3661 us, speed:  2731 KB/s
File /test_816.bin: deleted:   3606 us, speed:  2773 KB/s
File /test_817.bin: deleted:   3693 us, speed:  2707 KB/s
File /test_818.bin: deleted:   3632 us, speed:  2753 KB/s
File /test_819.bin: deleted:   3627 us, speed:  2757 KB/s
File /test_820.bin: deleted:   5248 us, speed:  1905 KB/s
File /test_821.bin: deleted:   3610 us, speed:  2770 KB/s
File /test_822.bin: deleted:   3641 us, speed:  2746 KB/s
File /test_823.bin: deleted:   3622 us, speed:  2760 KB/s
File /test_824.bin: deleted:   3583 us, speed:  2790 KB/s
File /test_825.bin: deleted:   3632 us, speed:  2753 KB/s
File /test_826.bin: deleted:   3711 us, speed:  2694 KB/s
File /test_827.bin: deleted:   3637 us, speed:  2749 KB/s
File /test_828.bin: deleted:   3651 us, speed:  2738 KB/s
File /test_829.bin: deleted:   3579 us, speed:  2794 KB/s
File /test_830.bin: deleted:   3668 us, speed:  2726 KB/s
File /test_831.bin: deleted:   3637 us, speed:  2749 KB/s
File /test_832.bin: deleted:   3575 us, speed:  2797 KB/s
File /test_833.bin: deleted:   3682 us, speed:  2715 KB/s
File /test_834.bin: deleted:   3626 us, speed:  2757 KB/s
File /test_835.bin: deleted:   3631 us, speed:  2754 KB/s
File /test_836.bin: deleted:   3622 us, speed:  2760 KB/s
File /test_837.bin: deleted:   9573 us, speed:  1044 KB/s
File /test_838.bin: deleted:   3638 us, speed:  2748 KB/s
File /test_839.bin: deleted:   3582 us, speed:  2791 KB/s
File /test_840.bin: deleted:   3592 us, speed:  2783 KB/s
File /test_841.bin: deleted:   5238 us, speed:  1909 KB/s
File /test_842.bin: deleted:   3580 us, speed:  2793 KB/s
File /test_843.bin: deleted:   3626 us, speed:  2757 KB/s
File /test_844.bin: deleted:   3611 us, speed:  2769 KB/s
File /test_845.bin: deleted:   3633 us, speed:  2752 KB/s
File /test_846.bin: deleted:   3624 us, speed:  2759 KB/s
File /test_847.bin: deleted:   3590 us, speed:  2785 KB/s
File /test_848.bin: deleted:   3639 us, speed:  2748 KB/s
File /test_849.bin: deleted:   3634 us, speed:  2751 KB/s
File /test_850.bin: deleted:   3704 us, speed:  2699 KB/s
File /test_851.bin: deleted:   3635 us, speed:  2751 KB/s
File /test_852.bin: deleted:   3619 us, speed:  2763 KB/s
File /test_853.bin: deleted:   3631 us, speed:  2754 KB/s
File /test_854.bin: deleted:   3613 us, speed:  2767 KB/s
File /test_855.bin: deleted:   3579 us, speed:  2794 KB/s
File /test_856.bin: deleted:   3591 us, speed:  2784 KB/s
File /test_857.bin: deleted:   3551 us, speed:  2816 KB/s
File /test_858.bin: deleted:   3625 us, speed:  2758 KB/s
File /test_859.bin: deleted:   3610 us, speed:  2770 KB/s
File /test_860.bin: deleted:   3587 us, speed:  2787 KB/s
File /test_861.bin: deleted:   9559 us, speed:  1046 KB/s
File /test_862.bin: deleted:   5198 us, speed:  1923 KB/s
File /test_863.bin: deleted:   3601 us, speed:  2777 KB/s
File /test_864.bin: deleted:   3658 us, speed:  2733 KB/s
File /test_865.bin: deleted:   3542 us, speed:  2823 KB/s
File /test_866.bin: deleted:   3597 us, speed:  2780 KB/s
File /test_867.bin: deleted:   3607 us, speed:  2772 KB/s
File /test_868.bin: deleted:   3592 us, speed:  2783 KB/s
File /test_869.bin: deleted:   3579 us, speed:  2794 KB/s
File /test_870.bin: deleted:   3617 us, speed:  2764 KB/s
File /test_871.bin: deleted:   3553 us, speed:  2814 KB/s
File /test_872.bin: deleted:   3582 us, speed:  2791 KB/s
File /test_873.bin: deleted:   3607 us, speed:  2772 KB/s
File /test_874.bin: deleted:   3591 us, speed:  2784 KB/s
File /test_875.bin: deleted:   3569 us, speed:  2801 KB/s
File /test_876.bin: deleted:   3587 us, speed:  2787 KB/s
File /test_877.bin: deleted:   3582 us, speed:  2791 KB/s
File /test_878.bin: deleted:   3580 us, speed:  2793 KB/s
File /test_879.bin: deleted:   3580 us, speed:  2793 KB/s
File /test_880.bin: deleted:   3583 us, speed:  2790 KB/s
File /test_881.bin: deleted:   3579 us, speed:  2794 KB/s
File /test_882.bin: deleted:   3596 us, speed:  2780 KB/s
File /test_883.bin: deleted:   5135 us, speed:  1947 KB/s
File /test_884.bin: deleted:   3591 us, speed:  2784 KB/s
File /test_885.bin: deleted:   9492 us, speed:  1053 KB/s
File /test_886.bin: deleted:   3573 us, speed:  2798 KB/s
File /test_887.bin: deleted:   3598 us, speed:  2779 KB/s
File /test_888.bin: deleted:   3554 us, speed:  2813 KB/s
File /test_889.bin: deleted:   3580 us, speed:  2793 KB/s
File /test_890.bin: deleted:   3560 us, speed:  2808 KB/s
File /test_891.bin: deleted:   3612 us, speed:  2768 KB/s
File /test_892.bin: deleted:   3590 us, speed:  2785 KB/s
File /test_893.bin: deleted:   3586 us, speed:  2788 KB/s
File /test_894.bin: deleted:   3610 us, speed:  2770 KB/s
File /test_895.bin: deleted:   3648 us, speed:  2741 KB/s
File /test_896.bin: deleted:   3600 us, speed:  2777 KB/s
File /test_897.bin: deleted:   3577 us, speed:  2795 KB/s
File /test_898.bin: deleted:   3562 us, speed:  2807 KB/s
File /test_899.bin: deleted:   3572 us, speed:  2799 KB/s
File /test_900.bin: deleted:   3568 us, speed:  2802 KB/s
File /test_901.bin: deleted:   3570 us, speed:  2801 KB/s
File /test_902.bin: deleted:   3617 us, speed:  2764 KB/s
File /test_903.bin: deleted:   3546 us, speed:  2820 KB/s
File /test_904.bin: deleted:   5077 us, speed:  1969 KB/s
File /test_905.bin: deleted:   3578 us, speed:  2794 KB/s
File /test_906.bin: deleted:   3539 us, speed:  2825 KB/s
File /test_907.bin: deleted:   3555 us, speed:  2812 KB/s
File /test_908.bin: deleted:   3602 us, speed:  2776 KB/s
File /test_909.bin: deleted:   3535 us, speed:  2828 KB/s
File /test_910.bin: deleted:   3544 us, speed:  2821 KB/s
File /test_911.bin: deleted:   3602 us, speed:  2776 KB/s
File /test_912.bin: deleted:   3546 us, speed:  2820 KB/s
File /test_913.bin: deleted:   3592 us, speed:  2783 KB/s
File /test_914.bin: deleted:   3535 us, speed:  2828 KB/s
File /test_915.bin: deleted:   3563 us, speed:  2806 KB/s
File /test_916.bin: deleted:   3556 us, speed:  2812 KB/s
File /test_917.bin: deleted:   3544 us, speed:  2821 KB/s
File /test_918.bin: deleted:   3545 us, speed:  2820 KB/s
File /test_919.bin: deleted:   3565 us, speed:  2805 KB/s
File /test_920.bin: deleted:   3543 us, speed:  2822 KB/s
File /test_921.bin: deleted:   3523 us, speed:  2838 KB/s
File /test_922.bin: deleted:   3538 us, speed:  2826 KB/s
File /test_923.bin: deleted:   3528 us, speed:  2834 KB/s
File /test_924.bin: deleted:   3614 us, speed:  2767 KB/s
File /test_925.bin: deleted:   5177 us, speed:  1931 KB/s
File /test_926.bin: deleted:   3564 us, speed:  2805 KB/s
File /test_927.bin: deleted:   3534 us, speed:  2829 KB/s
File /test_928.bin: deleted:   3520 us, speed:  2840 KB/s
File /test_929.bin: deleted:   3558 us, speed:  2810 KB/s
File /test_930.bin: deleted:   3535 us, speed:  2828 KB/s
File /test_931.bin: deleted:   3505 us, speed:  2853 KB/s
File /test_932.bin: deleted:   3529 us, speed:  2833 KB/s
File /test_933.bin: deleted:   3529 us, speed:  2833 KB/s
File /test_934.bin: deleted:   9503 us, speed:  1052 KB/s
File /test_935.bin: deleted:   3506 us, speed:  2852 KB/s
File /test_936.bin: deleted:   3535 us, speed:  2828 KB/s
File /test_937.bin: deleted:   3619 us, speed:  2763 KB/s
File /test_938.bin: deleted:   3515 us, speed:  2844 KB/s
File /test_939.bin: deleted:   3613 us, speed:  2767 KB/s
File /test_940.bin: deleted:   3548 us, speed:  2818 KB/s
File /test_941.bin: deleted:   3554 us, speed:  2813 KB/s
File /test_942.bin: deleted:   3592 us, speed:  2783 KB/s
File /test_943.bin: deleted:   3547 us, speed:  2819 KB/s
File /test_944.bin: deleted:   3500 us, speed:  2857 KB/s
File /test_945.bin: deleted:   3503 us, speed:  2854 KB/s
File /test_946.bin: deleted:   5146 us, speed:  1943 KB/s
File /test_947.bin: deleted:   3524 us, speed:  2837 KB/s
File /test_948.bin: deleted:   3537 us, speed:  2827 KB/s
File /test_949.bin: deleted:   3504 us, speed:  2853 KB/s
File /test_950.bin: deleted:   3480 us, speed:  2873 KB/s
File /test_951.bin: deleted:   3571 us, speed:  2800 KB/s
File /test_952.bin: deleted:   3510 us, speed:  2849 KB/s
File /test_953.bin: deleted:   3527 us, speed:  2835 KB/s
File /test_954.bin: deleted:   3504 us, speed:  2853 KB/s
File /test_955.bin: deleted:   3505 us, speed:  2853 KB/s
File /test_956.bin: deleted:   3493 us, speed:  2862 KB/s
File /test_957.bin: deleted:   3518 us, speed:  2842 KB/s
File /test_958.bin: deleted:   3532 us, speed:  2831 KB/s
File /test_959.bin: deleted:   9438 us, speed:  1059 KB/s
File /test_960.bin: deleted:   3497 us, speed:  2859 KB/s
File /test_961.bin: deleted:   3507 us, speed:  2851 KB/s
File /test_962.bin: deleted:   3505 us, speed:  2853 KB/s
File /test_963.bin: deleted:   3517 us, speed:  2843 KB/s
File /test_964.bin: deleted:   3523 us, speed:  2838 KB/s
File /test_965.bin: deleted:   3496 us, speed:  2860 KB/s
File /test_966.bin: deleted:   3573 us, speed:  2798 KB/s
File /test_967.bin: deleted:   5154 us, speed:  1940 KB/s
File /test_968.bin: deleted:   3504 us, speed:  2853 KB/s
File /test_969.bin: deleted:   3525 us, speed:  2836 KB/s
File /test_970.bin: deleted:   3481 us, speed:  2872 KB/s
File /test_971.bin: deleted:   3479 us, speed:  2874 KB/s
File /test_972.bin: deleted:   3522 us, speed:  2839 KB/s
File /test_973.bin: deleted:   3557 us, speed:  2811 KB/s
File /test_974.bin: deleted:   3539 us, speed:  2825 KB/s
File /test_975.bin: deleted:   3534 us, speed:  2829 KB/s
File /test_976.bin: deleted:   3518 us, speed:  2842 KB/s
File /test_977.bin: deleted:   3477 us, speed:  2876 KB/s
File /test_978.bin: deleted:   3475 us, speed:  2877 KB/s
File /test_979.bin: deleted:   3516 us, speed:  2844 KB/s
File /test_980.bin: deleted:   3522 us, speed:  2839 KB/s
File /test_981.bin: deleted:   3548 us, speed:  2818 KB/s
File /test_982.bin: deleted:   3486 us, speed:  2868 KB/s
File /test_983.bin: deleted:   9500 us, speed:  1052 KB/s
File /test_984.bin: deleted:   3520 us, speed:  2840 KB/s
File /test_985.bin: deleted:   3503 us, speed:  2854 KB/s
File /test_986.bin: deleted:   3475 us, speed:  2877 KB/s
File /test_987.bin: deleted:   3523 us, speed:  2838 KB/s
File /test_988.bin: deleted:   5064 us, speed:  1974 KB/s
File /test_989.bin: deleted:   3520 us, speed:  2840 KB/s
File /test_990.bin: deleted:   3501 us, speed:  2856 KB/s
File /test_991.bin: deleted:   3559 us, speed:  2809 KB/s
File /test_992.bin: deleted:   3493 us, speed:  2862 KB/s
File /test_993.bin: deleted:   3517 us, speed:  2843 KB/s
File /test_994.bin: deleted:   3496 us, speed:  2860 KB/s
File /test_995.bin: deleted:   3506 us, speed:  2852 KB/s
File /test_996.bin: deleted:   3437 us, speed:  2909 KB/s
File /test_997.bin: deleted:   3553 us, speed:  2814 KB/s
File /test_998.bin: deleted:   3494 us, speed:  2862 KB/s
File /test_999.bin: deleted:   3482 us, speed:  2871 KB/s
File /test_1000.bin: deleted:   3557 us, speed:  2811 KB/s
Synchronizing filesystem after deletions...


=== Delete Test Statistics ===
Successful operations: 1000
Failed operations:     0
Data processed: 10000 KB (10240000 bytes)

Timing breakdown:

Speed statistics:
  Max speed:     2909 KB/s
  Avg speed:     2373 KB/s
  Min speed:      864 KB/s

Data integrity:
  CRC errors    : 0
  Pattern errors: 0
  Size errors   : 0
  Total errors  : 0

Recommendation: Run garbage collection to optimize filesystem after deletions.
Press 'G' to run automatic garbage collection, or any other key to skip: 